Archive member included to satisfy reference by file (symbol)

c:/program files (x86)/atmel/studio/7.0/toolchain/avr8/avr8-gnu-toolchain/bin/../lib/gcc/avr/4.9.2/../../../../avr/lib/avr51\libprintf_flt.a(vfprintf_flt.o)
                              (vfprintf)
c:/program files (x86)/atmel/studio/7.0/toolchain/avr8/avr8-gnu-toolchain/bin/../lib/gcc/avr/4.9.2/avr51\libgcc.a(_divmodhi4.o)
                              Source/fat.o (__divmodhi4)
c:/program files (x86)/atmel/studio/7.0/toolchain/avr8/avr8-gnu-toolchain/bin/../lib/gcc/avr/4.9.2/avr51\libgcc.a(_udivmodsi4.o)
                              Source/fat.o (__udivmodsi4)
c:/program files (x86)/atmel/studio/7.0/toolchain/avr8/avr8-gnu-toolchain/bin/../lib/gcc/avr/4.9.2/avr51\libgcc.a(_divmodsi4.o)
                              Source/id3.o (__divmodsi4)
c:/program files (x86)/atmel/studio/7.0/toolchain/avr8/avr8-gnu-toolchain/bin/../lib/gcc/avr/4.9.2/avr51\libgcc.a(_negsi2.o)
                              c:/program files (x86)/atmel/studio/7.0/toolchain/avr8/avr8-gnu-toolchain/bin/../lib/gcc/avr/4.9.2/avr51\libgcc.a(_divmodsi4.o) (__negsi2)
c:/program files (x86)/atmel/studio/7.0/toolchain/avr8/avr8-gnu-toolchain/bin/../lib/gcc/avr/4.9.2/avr51\libgcc.a(_exit.o)
                              c:/program files (x86)/atmel/studio/7.0/toolchain/avr8/avr8-gnu-toolchain/bin/../lib/gcc/avr/4.9.2/../../../../avr/lib/avr51/crtatmega1284p.o (exit)
c:/program files (x86)/atmel/studio/7.0/toolchain/avr8/avr8-gnu-toolchain/bin/../lib/gcc/avr/4.9.2/avr51\libgcc.a(_copy_data.o)
                              Source/fat16.o (__do_copy_data)
c:/program files (x86)/atmel/studio/7.0/toolchain/avr8/avr8-gnu-toolchain/bin/../lib/gcc/avr/4.9.2/avr51\libgcc.a(_clear_bss.o)
                              Source/fat.o (__do_clear_bss)
c:/program files (x86)/atmel/studio/7.0/toolchain/avr8/avr8-gnu-toolchain/bin/../lib/gcc/avr/4.9.2/avr51\libgcc.a(_umulhisi3.o)
                              Source/fat16.o (__umulhisi3)
c:/program files (x86)/atmel/studio/7.0/toolchain/avr8/avr8-gnu-toolchain/bin/../lib/gcc/avr/4.9.2/avr51\libgcc.a(_muluhisi3.o)
                              Source/fat.o (__muluhisi3)
c:/program files (x86)/atmel/studio/7.0/toolchain/avr8/avr8-gnu-toolchain/bin/../lib/gcc/avr/4.9.2/avr51\libgcc.a(_udivmodhi4.o)
                              c:/program files (x86)/atmel/studio/7.0/toolchain/avr8/avr8-gnu-toolchain/bin/../lib/gcc/avr/4.9.2/avr51\libgcc.a(_divmodhi4.o) (__udivmodhi4)
c:/program files (x86)/atmel/studio/7.0/toolchain/avr8/avr8-gnu-toolchain/bin/../lib/gcc/avr/4.9.2/../../../../avr/lib/avr51\libc.a(strtol.o)
                              Source/id3.o (strtol)
c:/program files (x86)/atmel/studio/7.0/toolchain/avr8/avr8-gnu-toolchain/bin/../lib/gcc/avr/4.9.2/../../../../avr/lib/avr51\libc.a(ftoa_engine.o)
                              c:/program files (x86)/atmel/studio/7.0/toolchain/avr8/avr8-gnu-toolchain/bin/../lib/gcc/avr/4.9.2/../../../../avr/lib/avr51\libprintf_flt.a(vfprintf_flt.o) (__ftoa_engine)
c:/program files (x86)/atmel/studio/7.0/toolchain/avr8/avr8-gnu-toolchain/bin/../lib/gcc/avr/4.9.2/../../../../avr/lib/avr51\libc.a(isalnum.o)
                              Source/playlist.o (isalnum)
c:/program files (x86)/atmel/studio/7.0/toolchain/avr8/avr8-gnu-toolchain/bin/../lib/gcc/avr/4.9.2/../../../../avr/lib/avr51\libc.a(cty_isfalse.o)
                              c:/program files (x86)/atmel/studio/7.0/toolchain/avr8/avr8-gnu-toolchain/bin/../lib/gcc/avr/4.9.2/../../../../avr/lib/avr51\libc.a(isalnum.o) (__ctype_isfalse)
c:/program files (x86)/atmel/studio/7.0/toolchain/avr8/avr8-gnu-toolchain/bin/../lib/gcc/avr/4.9.2/../../../../avr/lib/avr51\libc.a(isalpha.o)
                              c:/program files (x86)/atmel/studio/7.0/toolchain/avr8/avr8-gnu-toolchain/bin/../lib/gcc/avr/4.9.2/../../../../avr/lib/avr51\libc.a(isalnum.o) (isalpha)
c:/program files (x86)/atmel/studio/7.0/toolchain/avr8/avr8-gnu-toolchain/bin/../lib/gcc/avr/4.9.2/../../../../avr/lib/avr51\libc.a(isspace.o)
                              c:/program files (x86)/atmel/studio/7.0/toolchain/avr8/avr8-gnu-toolchain/bin/../lib/gcc/avr/4.9.2/../../../../avr/lib/avr51\libc.a(strtol.o) (isspace)
c:/program files (x86)/atmel/studio/7.0/toolchain/avr8/avr8-gnu-toolchain/bin/../lib/gcc/avr/4.9.2/../../../../avr/lib/avr51\libc.a(strnlen_P.o)
                              c:/program files (x86)/atmel/studio/7.0/toolchain/avr8/avr8-gnu-toolchain/bin/../lib/gcc/avr/4.9.2/../../../../avr/lib/avr51\libprintf_flt.a(vfprintf_flt.o) (strnlen_P)
c:/program files (x86)/atmel/studio/7.0/toolchain/avr8/avr8-gnu-toolchain/bin/../lib/gcc/avr/4.9.2/../../../../avr/lib/avr51\libc.a(memcpy.o)
                              Source/rtc.o (memcpy)
c:/program files (x86)/atmel/studio/7.0/toolchain/avr8/avr8-gnu-toolchain/bin/../lib/gcc/avr/4.9.2/../../../../avr/lib/avr51\libc.a(strncasecmp.o)
                              Source/fat.o (strncasecmp)
[...]
Memory Configuration

Name             Origin             Length             Attributes
text             0x00000000         0x00020000         xr
data             0x00800100         0x0000ff00         rw !x
eeprom           0x00810000         0x00010000         rw !x
fuse             0x00820000         0x00000400         rw !x
lock             0x00830000         0x00000400         rw !x
signature        0x00840000         0x00000400         rw !x
user_signatures  0x00850000         0x00000400         rw !x
*default*        0x00000000         0xffffffff

Linker script and memory map

Address of section .data set to 0x800100
LOAD c:/program files (x86)/atmel/studio/7.0/toolchain/avr8/avr8-gnu-toolchain/bin/../lib/gcc/avr/4.9.2/../../../../avr/lib/avr51/crtatmega1284p.o
LOAD Source/fat.o
LOAD Source/fat16.o
LOAD Source/headsup.o
LOAD Source/id3.o
LOAD Source/lcd.o
LOAD Source/multimediacard.o
LOAD Source/playaudio.o
LOAD Source/playlist.o
LOAD Source/rtc.o
LOAD Source/sdcard.o
LOAD Source/spi.o
LOAD Source/time.o
LOAD Source/twi.o
LOAD Source/vs1011eController.o
START GROUP
LOAD c:/program files (x86)/atmel/studio/7.0/toolchain/avr8/avr8-gnu-toolchain/bin/../lib/gcc/avr/4.9.2/../../../../avr/lib/avr51\libm.a
LOAD c:/program files (x86)/atmel/studio/7.0/toolchain/avr8/avr8-gnu-toolchain/bin/../lib/gcc/avr/4.9.2/../../../../avr/lib/avr51\libm.a
LOAD c:/program files (x86)/atmel/studio/7.0/toolchain/avr8/avr8-gnu-toolchain/bin/../lib/gcc/avr/4.9.2/../../../../avr/lib/avr51\libprintf_flt.a
END GROUP
LOAD c:/program files (x86)/atmel/studio/7.0/toolchain/avr8/avr8-gnu-toolchain/bin/../lib/gcc/avr/4.9.2/../../../../avr/lib/avr51\libprintf_min.a
LOAD c:/program files (x86)/atmel/studio/7.0/toolchain/avr8/avr8-gnu-toolchain/bin/../lib/gcc/avr/4.9.2/avr51\libgcc.a
LOAD c:/program files (x86)/atmel/studio/7.0/toolchain/avr8/avr8-gnu-toolchain/bin/../lib/gcc/avr/4.9.2/../../../../avr/lib/avr51\libm.a
START GROUP
LOAD c:/program files (x86)/atmel/studio/7.0/toolchain/avr8/avr8-gnu-toolchain/bin/../lib/gcc/avr/4.9.2/avr51\libgcc.a
LOAD c:/program files (x86)/atmel/studio/7.0/toolchain/avr8/avr8-gnu-toolchain/bin/../lib/gcc/avr/4.9.2/../../../../avr/lib/avr51\libm.a
LOAD c:/program files (x86)/atmel/studio/7.0/toolchain/avr8/avr8-gnu-toolchain/bin/../lib/gcc/avr/4.9.2/../../../../avr/lib/avr51\libc.a
LOAD c:/program files (x86)/atmel/studio/7.0/toolchain/avr8/avr8-gnu-toolchain/bin/../lib/gcc/avr/4.9.2/../../../../avr/lib/avr51\libatmega1284p.a
END GROUP

.hash
 *(.hash)

.dynsym
 *(.dynsym)

.dynstr
 *(.dynstr)

.gnu.version
 *(.gnu.version)

.gnu.version_d
 *(.gnu.version_d)

.gnu.version_r
 *(.gnu.version_r)

.rel.init
 *(.rel.init)

.rela.init
 *(.rela.init)

.rel.text
 *(.rel.text)
 *(.rel.text.*)
 *(.rel.gnu.linkonce.t*)

.rela.text
 *(.rela.text)
 *(.rela.text.*)
 *(.rela.gnu.linkonce.t*)

.rel.fini
 *(.rel.fini)

.rela.fini
 *(.rela.fini)

.rel.rodata
 *(.rel.rodata)
 *(.rel.rodata.*)
 *(.rel.gnu.linkonce.r*)

.rela.rodata
 *(.rela.rodata)
 *(.rela.rodata.*)
 *(.rela.gnu.linkonce.r*)

.rel.data
 *(.rel.data)
 *(.rel.data.*)
 *(.rel.gnu.linkonce.d*)

.rela.data
 *(.rela.data)
 *(.rela.data.*)
 *(.rela.gnu.linkonce.d*)

.rel.ctors
 *(.rel.ctors)

.rela.ctors
 *(.rela.ctors)

.rel.dtors
 *(.rel.dtors)

.rela.dtors
 *(.rela.dtors)

.rel.got
 *(.rel.got)

.rela.got
 *(.rela.got)

.rel.bss
 *(.rel.bss)

.rela.bss
 *(.rela.bss)

.rel.plt
 *(.rel.plt)

.rela.plt
 *(.rela.plt)

.text           0x00000000     0x296a
 *(.vectors)
 .vectors       0x00000000       0x8c c:/program files (x86)/atmel/studio/7.0/toolchain/avr8/avr8-gnu-toolchain/bin/../lib/gcc/avr/4.9.2/../../../../avr/lib/avr51/crtatmega1284p.o
                0x00000000                __vector_default
                0x00000000                __vectors
 *(.vectors)
 *(.progmem.gcc*)
                0x0000008c                . = ALIGN (0x2)
                0x0000008c                __trampolines_start = .
 *(.trampolines)
 .trampolines   0x0000008c        0x0 linker stubs
 *(.trampolines*)
                0x0000008c                __trampolines_end = .
 *(.progmem*)
 .progmem.data  0x0000008c        0x8 c:/program files (x86)/atmel/studio/7.0/toolchain/avr8/avr8-gnu-toolchain/bin/../lib/gcc/avr/4.9.2/../../../../avr/lib/avr51\libprintf_flt.a(vfprintf_flt.o)
 .progmem.data  0x00000094       0xfa c:/program files (x86)/atmel/studio/7.0/toolchain/avr8/avr8-gnu-toolchain/bin/../lib/gcc/avr/4.9.2/../../../../avr/lib/avr51\libc.a(ftoa_engine.o)
                0x0000018e                . = ALIGN (0x2)
 *(.jumptables)
 *(.jumptables*)
 *(.lowtext)
 *(.lowtext*)
                0x0000018e                __ctors_start = .
 *(.ctors)
                0x0000018e                __ctors_end = .
                0x0000018e                __dtors_start = .
 *(.dtors)
                0x0000018e                __dtors_end = .
 SORT(*)(.ctors)
 SORT(*)(.dtors)
 *(.init0)
 .init0         0x0000018e        0x0 c:/program files (x86)/atmel/studio/7.0/toolchain/avr8/avr8-gnu-toolchain/bin/../lib/gcc/avr/4.9.2/../../../../avr/lib/avr51/crtatmega1284p.o
                0x0000018e                __init
 *(.init0)
 *(.init1)
 *(.init1)
 *(.init2)
 .init2         0x0000018e        0xc c:/program files (x86)/atmel/studio/7.0/toolchain/avr8/avr8-gnu-toolchain/bin/../lib/gcc/avr/4.9.2/../../../../avr/lib/avr51/crtatmega1284p.o
 *(.init2)
 *(.init3)
 *(.init3)
 *(.init4)
 .init4         0x0000019a       0x1a c:/program files (x86)/atmel/studio/7.0/toolchain/avr8/avr8-gnu-toolchain/bin/../lib/gcc/avr/4.9.2/avr51\libgcc.a(_copy_data.o)
                0x0000019a                __do_copy_data
 .init4         0x000001b4       0x10 c:/program files (x86)/atmel/studio/7.0/toolchain/avr8/avr8-gnu-toolchain/bin/../lib/gcc/avr/4.9.2/avr51\libgcc.a(_clear_bss.o)
                0x000001b4                __do_clear_bss
 *(.init4)
 *(.init5)
 *(.init5)
 *(.init6)
 *(.init6)
 *(.init7)
 *(.init7)
 *(.init8)
 *(.init8)
 *(.init9)
 .init9         0x000001c4        0x6 c:/program files (x86)/atmel/studio/7.0/toolchain/avr8/avr8-gnu-toolchain/bin/../lib/gcc/avr/4.9.2/../../../../avr/lib/avr51/crtatmega1284p.o
 *(.init9)
 *(.text)
 .text          0x000001ca        0x2 c:/program files (x86)/atmel/studio/7.0/toolchain/avr8/avr8-gnu-toolchain/bin/../lib/gcc/avr/4.9.2/../../../../avr/lib/avr51/crtatmega1284p.o
                0x000001ca                __vector_22
                0x000001ca                __vector_28
                0x000001ca                __vector_1
                0x000001ca                __vector_32
                0x000001ca                __vector_34
                0x000001ca                __vector_24
                0x000001ca                __vector_12
                0x000001ca                __bad_interrupt
                0x000001ca                __vector_6
                0x000001ca                __vector_31
                0x000001ca                __vector_3
                0x000001ca                __vector_23
                0x000001ca                __vector_30
                0x000001ca                __vector_25
                0x000001ca                __vector_11
                0x000001ca                __vector_13
                0x000001ca                __vector_17
                0x000001ca                __vector_19
                0x000001ca                __vector_7
                0x000001ca                __vector_27
                0x000001ca                __vector_5
                0x000001ca                __vector_33
                0x000001ca                __vector_4
                0x000001ca                __vector_9
                0x000001ca                __vector_2
                0x000001ca                __vector_21
                0x000001ca                __vector_15
                0x000001ca                __vector_29
                0x000001ca                __vector_8
                0x000001ca                __vector_26
                0x000001ca                __vector_14
                0x000001ca                __vector_10
                0x000001ca                __vector_16
                0x000001ca                __vector_18
                0x000001ca                __vector_20
                0x000001cc                . = ALIGN (0x2)
 *(.text.*)
 .text._Z11read_sectorhmjPc
                0x000001cc       0xac Source/fat.o
                0x000001cc                _Z11read_sectorhmjPc
 .text._Z8init_fatv
                0x00000278       0xfc Source/fat.o
                0x00000278                _Z8init_fatv
 .text._Z14cluster2sectorm
                0x00000374       0x32 Source/fat.o
                0x00000374                _Z14cluster2sectorm
 .text._Z16get_next_clusterm
                0x000003a6       0xee Source/fat.o
                0x000003a6                _Z16get_next_clusterm
 .text._Z8fat_openjPcS_P8FAT_FILE
                0x00000494      0x402 Source/fat.o
                0x00000494                _Z8fat_openjPcS_P8FAT_FILE
 .text._Z8fat_readPcjP8FAT_FILE
                0x00000896      0x21e Source/fat.o
                0x00000896                _Z8fat_readPcjP8FAT_FILE
 .text._Z8fat_seekP8FAT_FILElh
                0x00000ab4       0xe4 Source/fat.o
                0x00000ab4                _Z8fat_seekP8FAT_FILElh
 .text._Z8dir_listPcP8FAT_FILE
                0x00000b98       0x18 Source/fat.o
                0x00000b98                _Z8dir_listPcP8FAT_FILE
 .text.main     0x00000bb0       0x26 Source/headsup.o
                0x00000bb0                main
 .text._Z11get_id3_tagPcS_S_Pj
                0x00000bd6      0x40e Source/id3.o
                0x00000bd6                _Z11get_id3_tagPcS_S_Pj
 .text._ZN3lcd5CGRAMEv
                0x00000fe4       0x6a Source/lcd.o
                0x00000fe4                _ZN3lcd5CGRAMEv
 .text._ZN3lcd8init_LCDEv
                0x0000104e       0xa2 Source/lcd.o
                0x0000104e                _ZN3lcd8init_LCDEv
 .text._ZN3lcdC2Ev
                0x000010f0       0x1e Source/lcd.o
                0x000010f0                _ZN3lcdC1Ev
                0x000010f0                _ZN3lcdC2Ev
 .text._Z12mmc_sendbyteh
                0x0000110e       0x16 Source/multimediacard.o
                0x0000110e                _Z12mmc_sendbyteh
 .text._Z11mmc_commandhm
                0x00001124       0x40 Source/multimediacard.o
                0x00001124                _Z11mmc_commandhm
 .text._Z15mmc_sendcommandhm
                0x00001164       0x14 Source/multimediacard.o
                0x00001164                _Z15mmc_sendcommandhm
 .text._Z8mmc_initv
                0x00001178       0xba Source/multimediacard.o
                0x00001178                _Z8mmc_initv
 .text._Z13mmc_busy_waitv
                0x00001232       0x3a Source/multimediacard.o
                0x00001232                _Z13mmc_busy_waitv
 .text._Z17mmc_card_responseh
                0x0000126c       0x26 Source/multimediacard.o
                0x0000126c                _Z17mmc_card_responseh
 .text._Z15mmc_read_sectormjPc
                0x00001292       0xb2 Source/multimediacard.o
                0x00001292                _Z15mmc_read_sectormjPc
 .text._Z10pump_audiov
                0x00001344       0x56 Source/playaudio.o
                0x00001344                _Z10pump_audiov
 .text._Z10play_titlev
                0x0000139a       0xd6 Source/playaudio.o
                0x0000139a                _Z10play_titlev
 .text._Z25play_audio_through_vs1011v
                0x00001470       0x8a Source/playaudio.o
                0x00001470                _Z25play_audio_through_vs1011v
 .text._Z14get_title_infohPjPmjS_PcS1_S1_
                0x000014fa      0x320 Source/playlist.o
                0x000014fa                _Z14get_title_infohPjPmjS_PcS1_S1_
 .text._ZN3rtc11write_blockEhPhj
                0x0000181a       0x40 Source/rtc.o
                0x0000181a                _ZN3rtc11write_blockEhPhj
 .text._ZN3rtcC2Ev
                0x0000185a       0x46 Source/rtc.o
                0x0000185a                _ZN3rtcC2Ev
                0x0000185a                _ZN3rtcC1Ev
 .text._Z10spi_selectv
                0x000018a0        0xa Source/spi.o
                0x000018a0                _Z10spi_selectv
 .text._Z12spi_deselectv
                0x000018aa        0x4 Source/spi.o
                0x000018aa                _Z12spi_deselectv
 .text._Z8spi_initv
                0x000018ae       0x10 Source/spi.o
                0x000018ae                _Z8spi_initv
 .text._Z19spi_master_transmith
                0x000018be        0xc Source/spi.o
                0x000018be                _Z19spi_master_transmith
 .text._Z8TWI_INITv
                0x000018ca       0x26 Source/twi.o
                0x000018ca                _Z8TWI_INITv
 .text._Z8TWI_STOPv
                0x000018f0        0x8 Source/twi.o
                0x000018f0                _Z8TWI_STOPv
 .text._Z22TWI_StartCommunicationv
                0x000018f8       0x16 Source/twi.o
                0x000018f8                _Z22TWI_StartCommunicationv
 .text._Z16TWI_TransmitDatahh
                0x0000190e       0x1a Source/twi.o
                0x0000190e                _Z16TWI_TransmitDatahh
 .text._Z12vs1011_nullsj
                0x00001928       0x18 Source/vs1011eController.o
                0x00001928                _Z12vs1011_nullsj
 .text._Z13vs1011_send32Pc
                0x00001940       0x24 Source/vs1011eController.o
                0x00001940                _Z13vs1011_send32Pc
 .text._Z8WriteSciht
                0x00001964       0x28 Source/vs1011eController.o
                0x00001964                _Z8WriteSciht
 .text._Z16vs1011_hardresetv
                0x0000198c       0x20 Source/vs1011eController.o
                0x0000198c                _Z16vs1011_hardresetv
 .text._Z16vs1011_softresetv
                0x000019ac       0x24 Source/vs1011eController.o
                0x000019ac                _Z16vs1011_softresetv
 .text._Z16vs1011_setvolumehh
                0x000019d0       0x42 Source/vs1011eController.o
                0x000019d0                _Z16vs1011_setvolumehh
 .text._Z19vs1011_setbassboosth
                0x00001a12        0xa Source/vs1011eController.o
                0x00001a12                _Z19vs1011_setbassboosth
 .text._Z18sinewave_beep_testh
                0x00001a1c       0x7a Source/vs1011eController.o
                0x00001a1c                _Z18sinewave_beep_testh
 .text._Z10InitVS1011v
                0x00001a96       0x12 Source/vs1011eController.o
                0x00001a96                _Z10InitVS1011v
 .text._Z22VS1011setDataDirectionv
                0x00001aa8        0x8 Source/vs1011eController.o
                0x00001aa8                _Z22VS1011setDataDirectionv
 .text.avr-libc
                0x00001ab0      0x710 c:/program files (x86)/atmel/studio/7.0/toolchain/avr8/avr8-gnu-toolchain/bin/../lib/gcc/avr/4.9.2/../../../../avr/lib/avr51\libprintf_flt.a(vfprintf_flt.o)
                0x00001ab0                vfprintf
 .text.libgcc.div
                0x000021c0       0x26 c:/program files (x86)/atmel/studio/7.0/toolchain/avr8/avr8-gnu-toolchain/bin/../lib/gcc/avr/4.9.2/avr51\libgcc.a(_divmodhi4.o)
                0x000021c0                _div
                0x000021c0                __divmodhi4
 .text.libgcc.div
                0x000021e6       0x44 c:/program files (x86)/atmel/studio/7.0/toolchain/avr8/avr8-gnu-toolchain/bin/../lib/gcc/avr/4.9.2/avr51\libgcc.a(_udivmodsi4.o)
                0x000021e6                __udivmodsi4
 .text.libgcc.div
                0x0000222a       0x28 c:/program files (x86)/atmel/studio/7.0/toolchain/avr8/avr8-gnu-toolchain/bin/../lib/gcc/avr/4.9.2/avr51\libgcc.a(_divmodsi4.o)
                0x0000222a                __divmodsi4
 .text.libgcc.div
                0x00002252       0x10 c:/program files (x86)/atmel/studio/7.0/toolchain/avr8/avr8-gnu-toolchain/bin/../lib/gcc/avr/4.9.2/avr51\libgcc.a(_negsi2.o)
                0x00002252                __negsi2
 .text.libgcc.mul
                0x00002262       0x1e c:/program files (x86)/atmel/studio/7.0/toolchain/avr8/avr8-gnu-toolchain/bin/../lib/gcc/avr/4.9.2/avr51\libgcc.a(_umulhisi3.o)
                0x00002262                __umulhisi3
 .text.libgcc.mul
                0x00002280       0x14 c:/program files (x86)/atmel/studio/7.0/toolchain/avr8/avr8-gnu-toolchain/bin/../lib/gcc/avr/4.9.2/avr51\libgcc.a(_muluhisi3.o)
                0x00002280                __muluhisi3
 .text.libgcc.div
                0x00002294       0x28 c:/program files (x86)/atmel/studio/7.0/toolchain/avr8/avr8-gnu-toolchain/bin/../lib/gcc/avr/4.9.2/avr51\libgcc.a(_udivmodhi4.o)
                0x00002294                __udivmodhi4
 .text.avr-libc
                0x000022bc      0x250 c:/program files (x86)/atmel/studio/7.0/toolchain/avr8/avr8-gnu-toolchain/bin/../lib/gcc/avr/4.9.2/../../../../avr/lib/avr51\libc.a(strtol.o)
                0x000022bc                strtol
 .text.avr-libc
                0x0000250c      0x1b0 c:/program files (x86)/atmel/studio/7.0/toolchain/avr8/avr8-gnu-toolchain/bin/../lib/gcc/avr/4.9.2/../../../../avr/lib/avr51\libc.a(ftoa_engine.o)
                0x0000250c                __ftoa_engine
 .text.avr-libc
                0x000026bc       0x10 c:/program files (x86)/atmel/studio/7.0/toolchain/avr8/avr8-gnu-toolchain/bin/../lib/gcc/avr/4.9.2/../../../../avr/lib/avr51\libc.a(isalnum.o)
                0x000026bc                isalnum
 .text.avr-libc
                0x000026cc        0x6 c:/program files (x86)/atmel/studio/7.0/toolchain/avr8/avr8-gnu-toolchain/bin/../lib/gcc/avr/4.9.2/../../../../avr/lib/avr51\libc.a(cty_isfalse.o)
                0x000026cc                __ctype_isfalse
                0x000026d0                __ctype_istrue
 .text.avr-libc
                0x000026d2       0x12 c:/program files (x86)/atmel/studio/7.0/toolchain/avr8/avr8-gnu-toolchain/bin/../lib/gcc/avr/4.9.2/../../../../avr/lib/avr51\libc.a(isalpha.o)
                0x000026d2                isupper
                0x000026d6                isalpha
                0x000026d8                islower
 .text.avr-libc
                0x000026e4       0x10 c:/program files (x86)/atmel/studio/7.0/toolchain/avr8/avr8-gnu-toolchain/bin/../lib/gcc/avr/4.9.2/../../../../avr/lib/avr51\libc.a(isspace.o)
                0x000026e4                isspace
 .text.avr-libc
                0x000026f4       0x16 c:/program files (x86)/atmel/studio/7.0/toolchain/avr8/avr8-gnu-toolchain/bin/../lib/gcc/avr/4.9.2/../../../../avr/lib/avr51\libc.a(strnlen_P.o)
                0x000026f4                strnlen_P
 .text.avr-libc
                0x0000270a       0x30 c:/program files (x86)/atmel/studio/7.0/toolchain/avr8/avr8-gnu-toolchain/bin/../lib/gcc/avr/4.9.2/../../../../avr/lib/avr51\libc.a(strncasecmp.o)
                0x0000270a                strncasecmp
 .text.avr-libc
                0x0000273a       0x1c c:/program files (x86)/atmel/studio/7.0/toolchain/avr8/avr8-gnu-toolchain/bin/../lib/gcc/avr/4.9.2/../../../../avr/lib/avr51\libc.a(strncmp.o)
                0x0000273a                strncmp
 .text.avr-libc
                0x00002756       0x1e c:/program files (x86)/atmel/studio/7.0/toolchain/avr8/avr8-gnu-toolchain/bin/../lib/gcc/avr/4.9.2/../../../../avr/lib/avr51\libc.a(strncpy.o)
                0x00002756                strncpy
 .text.avr-libc
                0x00002774       0x16 c:/program files (x86)/atmel/studio/7.0/toolchain/avr8/avr8-gnu-toolchain/bin/../lib/gcc/avr/4.9.2/../../../../avr/lib/avr51\libc.a(strnlen.o)
                0x00002774                strnlen
 .text.avr-libc
                0x0000278a       0x34 c:/program files (x86)/atmel/studio/7.0/toolchain/avr8/avr8-gnu-toolchain/bin/../lib/gcc/avr/4.9.2/../../../../avr/lib/avr51\libc.a(strstr.o)
                0x0000278a                strstr
 .text.avr-libc
                0x000027be       0x4e c:/program files (x86)/atmel/studio/7.0/toolchain/avr8/avr8-gnu-toolchain/bin/../lib/gcc/avr/4.9.2/../../../../avr/lib/avr51\libc.a(strtok_r.o)
                0x000027be                strtok_r
 .text.avr-libc
                0x0000280c       0x70 c:/program files (x86)/atmel/studio/7.0/toolchain/avr8/avr8-gnu-toolchain/bin/../lib/gcc/avr/4.9.2/../../../../avr/lib/avr51\libc.a(fputc.o)
                0x0000280c                fputc
 .text.avr-libc
                0x0000287c       0xbc c:/program files (x86)/atmel/studio/7.0/toolchain/avr8/avr8-gnu-toolchain/bin/../lib/gcc/avr/4.9.2/../../../../avr/lib/avr51\libc.a(ultoa_invert.o)
                0x0000287c                __ultoa_invert
 .text.avr-libc
                0x00002938       0x10 c:/program files (x86)/atmel/studio/7.0/toolchain/avr8/avr8-gnu-toolchain/bin/../lib/gcc/avr/4.9.2/../../../../avr/lib/avr51\libatmega1284p.a(eerd_byte.o)
                0x00002938                eeprom_read_byte
 .text.libgcc.mul
                0x00002948       0x1e c:/program files (x86)/atmel/studio/7.0/toolchain/avr8/avr8-gnu-toolchain/bin/../lib/gcc/avr/4.9.2/avr51\libgcc.a(_mulsi3.o)
                0x00002948                __mulsi3
                0x00002966                . = ALIGN (0x2)
 *(.fini9)
 .fini9         0x00002966        0x0 c:/program files (x86)/atmel/studio/7.0/toolchain/avr8/avr8-gnu-toolchain/bin/../lib/gcc/avr/4.9.2/avr51\libgcc.a(_exit.o)
                0x00002966                _exit
                0x00002966                exit
 *(.fini9)
 *(.fini8)
 *(.fini8)
 *(.fini7)
 *(.fini7)
 *(.fini6)
 *(.fini6)
 *(.fini5)
 *(.fini5)
 *(.fini4)
 *(.fini4)
 *(.fini3)
 *(.fini3)
 *(.fini2)
 *(.fini2)
 *(.fini1)
 *(.fini1)
 *(.fini0)
 .fini0         0x00002966        0x4 c:/program files (x86)/atmel/studio/7.0/toolchain/avr8/avr8-gnu-toolchain/bin/../lib/gcc/avr/4.9.2/avr51\libgcc.a(_exit.o)
 *(.fini0)
                0x0000296a                _etext = .

.data           0x00800100       0x36 load address 0x0000296a
                0x00800100                PROVIDE (__data_start, .)
 *(.data)
 *(.data*)
 .data.actual_title
                0x00800100        0x2 Source/playaudio.o
                0x00800100                actual_title
 *(.rodata)
 *(.rodata*)
 .rodata.str1.1
                0x00800102       0x1c Source/id3.o
 .rodata.str1.1
                0x0080011e        0x4 Source/playaudio.o
 .rodata.str1.1
                0x00800122       0x13 Source/playlist.o
                                 0x17 (size before relaxing)
 *(.gnu.linkonce.d*)
                0x00800136                . = ALIGN (0x2)
 *fill*         0x00800135        0x1 
                0x00800136                _edata = .
                0x00800136                PROVIDE (__data_end, .)

.bss            0x00800136      0x617
                0x00800136                PROVIDE (__bss_start, .)
 *(.bss)
 *(.bss*)
 .bss.cur_dir_entry
                0x00800136        0x2 Source/fat.o
                0x00800136                cur_dir_entry
 .bss.current_data_sector
                0x00800138        0x4 Source/fat.o
                0x00800138                current_data_sector
 .bss.current_fat_sector
                0x0080013c        0x4 Source/fat.o
                0x0080013c                current_fat_sector
 .bss.fat_cache
                0x00800140      0x200 Source/fat.o
                0x00800140                fat_cache
 .bss.sector_buffer
                0x00800340      0x200 Source/fat.o
                0x00800340                sector_buffer
 .bss.partition
                0x00800540       0x11 Source/fat.o
 .bss.last_decode_time
                0x00800551        0x2 Source/playaudio.o
                0x00800551                last_decode_time
 .bss.is_playing
                0x00800553        0x1 Source/playaudio.o
                0x00800553                is_playing
 .bss.artistname
                0x00800554       0x3c Source/playaudio.o
                0x00800554                artistname
 .bss.titlename
                0x00800590       0x3c Source/playaudio.o
                0x00800590                titlename
 .bss.title_time
                0x008005cc        0x2 Source/playaudio.o
                0x008005cc                title_time
 .bss.number_of_playlists
                0x008005ce        0x2 Source/playaudio.o
                0x008005ce                number_of_playlists
 .bss.playlist_name
                0x008005d0       0x3c Source/playaudio.o
                0x008005d0                playlist_name
 .bss.playlist_length
                0x0080060c        0x4 Source/playaudio.o
                0x0080060c                playlist_length
 .bss.playlist_entries
                0x00800610        0x2 Source/playaudio.o
                0x00800610                playlist_entries
 .bss.actual_playlist
                0x00800612        0x2 Source/playaudio.o
                0x00800612                actual_playlist
 .bss.audiodata_pntr
                0x00800614        0x2 Source/playaudio.o
                0x00800614                audiodata_pntr
 .bss.mp3_file  0x00800616       0x10 Source/playlist.o
                0x00800616                mp3_file
 .bss.playlist_file
                0x00800626       0x10 Source/playlist.o
                0x00800626                playlist_file
 .bss.line_buffer
                0x00800636      0x104 Source/playlist.o
                0x00800636                line_buffer
 .bss.partition
                0x0080073a       0x11 Source/playlist.o
 *(COMMON)
 COMMON         0x0080074b        0x2 c:/program files (x86)/atmel/studio/7.0/toolchain/avr8/avr8-gnu-toolchain/bin/../lib/gcc/avr/4.9.2/../../../../avr/lib/avr51\libc.a(errno.o)
                0x0080074b                errno
                0x0080074d                PROVIDE (__bss_end, .)
                0x0000296a                __data_load_start = LOADADDR (.data)
                0x000029a0                __data_load_end = (__data_load_start + SIZEOF (.data))

.noinit         0x0080074d        0x0
                0x0080074d                PROVIDE (__noinit_start, .)
 *(.noinit*)
                0x0080074d                PROVIDE (__noinit_end, .)
                0x0080074d                _end = .
                0x0080074d                PROVIDE (__heap_start, .)

.eeprom         0x00810000        0x3
 *(.eeprom*)
 .eeprom        0x00810000        0x3 Source/playaudio.o
                0x00810000                ee_bassboost
                0x00810001                ee_balance
                0x00810002                ee_volume
                0x00810003                __eeprom_end = .

.fuse
 *(.fuse)
 *(.lfuse)
 *(.hfuse)
 *(.efuse)

.lock
 *(.lock*)

.signature
 *(.signature*)

.user_signatures
 *(.user_signatures*)

.stab
 *(.stab)

.stabstr
 *(.stabstr)

.stab.excl
 *(.stab.excl)

.stab.exclstr
 *(.stab.exclstr)

.stab.index
 *(.stab.index)

.stab.indexstr
 *(.stab.indexstr)

.comment        0x00000000       0x5c
 *(.comment)
 .comment       0x00000000       0x30 Source/fat.o
                                 0x31 (size before relaxing)
 .comment       0x00000030       0x31 Source/headsup.o
 .comment       0x00000030       0x31 Source/id3.o
 .comment       0x00000030       0x31 Source/lcd.o
 .comment       0x00000030       0x31 Source/multimediacard.o
 .comment       0x00000030       0x31 Source/playaudio.o
 .comment       0x00000030       0x31 Source/playlist.o
 .comment       0x00000030       0x31 Source/rtc.o
 .comment       0x00000030       0x31 Source/spi.o
 .comment       0x00000030       0x31 Source/twi.o
 .comment       0x00000030       0x31 Source/vs1011eController.o
 .comment       0x00000030       0x2c c:/program files (x86)/atmel/studio/7.0/toolchain/avr8/avr8-gnu-toolchain/bin/../lib/gcc/avr/4.9.2/../../../../avr/lib/avr51\libprintf_flt.a(vfprintf_flt.o)
                                 0x2d (size before relaxing)
 .comment       0x0000005c       0x31 c:/program files (x86)/atmel/studio/7.0/toolchain/avr8/avr8-gnu-toolchain/bin/../lib/gcc/avr/4.9.2/../../../../avr/lib/avr51\libc.a(strtol.o)
 .comment       0x0000005c       0x31 c:/program files (x86)/atmel/studio/7.0/toolchain/avr8/avr8-gnu-toolchain/bin/../lib/gcc/avr/4.9.2/../../../../avr/lib/avr51\libc.a(fputc.o)
 .comment       0x0000005c       0x2d c:/program files (x86)/atmel/studio/7.0/toolchain/avr8/avr8-gnu-toolchain/bin/../lib/gcc/avr/4.9.2/../../../../avr/lib/avr51\libc.a(errno.o)

.note.gnu.avr.deviceinfo
                0x00000000       0x40
 .note.gnu.avr.deviceinfo
                0x00000000       0x40 c:/program files (x86)/atmel/studio/7.0/toolchain/avr8/avr8-gnu-toolchain/bin/../lib/gcc/avr/4.9.2/../../../../avr/lib/avr51/crtatmega1284p.o

.note.gnu.build-id
 *(.note.gnu.build-id)

.debug
 *(.debug)

.line
 *(.line)

.debug_srcinfo
 *(.debug_srcinfo)

.debug_sfnames
 *(.debug_sfnames)

.debug_aranges  0x00000000      0x2e8
 *(.debug_aranges)
 .debug_aranges
                0x00000000       0x58 Source/fat.o
 .debug_aranges
                0x00000058       0x28 Source/headsup.o
 .debug_aranges
                0x00000080       0x20 Source/id3.o
 .debug_aranges
                0x000000a0       0x58 Source/lcd.o
 .debug_aranges
                0x000000f8       0x50 Source/multimediacard.o
 .debug_aranges
                0x00000148       0x30 Source/playaudio.o
 .debug_aranges
                0x00000178       0x20 Source/playlist.o
 .debug_aranges
                0x00000198       0x48 Source/rtc.o
 .debug_aranges
                0x000001e0       0x40 Source/spi.o
 .debug_aranges
                0x00000220       0x50 Source/twi.o
 .debug_aranges
                0x00000270       0x78 Source/vs1011eController.o

.debug_pubnames
 *(.debug_pubnames)

.debug_info     0x00000000     0x4568
 *(.debug_info .gnu.linkonce.wi.*)
 .debug_info    0x00000000      0x8c0 Source/fat.o
 .debug_info    0x000008c0      0x4c2 Source/headsup.o
 .debug_info    0x00000d82      0x6e8 Source/id3.o
 .debug_info    0x0000146a      0xc1e Source/lcd.o
 .debug_info    0x00002088      0x5de Source/multimediacard.o
 .debug_info    0x00002666      0x712 Source/playaudio.o
 .debug_info    0x00002d78      0x68f Source/playlist.o
 .debug_info    0x00003407      0x685 Source/rtc.o
 .debug_info    0x00003a8c      0x129 Source/spi.o
 .debug_info    0x00003bb5      0x1a8 Source/twi.o
 .debug_info    0x00003d5d      0x80b Source/vs1011eController.o

.debug_abbrev   0x00000000     0x1327
 *(.debug_abbrev)
 .debug_abbrev  0x00000000      0x22f Source/fat.o
 .debug_abbrev  0x0000022f      0x237 Source/headsup.o
 .debug_abbrev  0x00000466      0x16a Source/id3.o
 .debug_abbrev  0x000005d0      0x269 Source/lcd.o
 .debug_abbrev  0x00000839       0xf3 Source/multimediacard.o
 .debug_abbrev  0x0000092c      0x1b7 Source/playaudio.o
 .debug_abbrev  0x00000ae3      0x198 Source/playlist.o
 .debug_abbrev  0x00000c7b      0x29d Source/rtc.o
 .debug_abbrev  0x00000f18       0xcb Source/spi.o
 .debug_abbrev  0x00000fe3      0x135 Source/twi.o
 .debug_abbrev  0x00001118      0x20f Source/vs1011eController.o

.debug_line     0x00000000     0x2cc1
 *(.debug_line .debug_line.* .debug_line_end)
 .debug_line    0x00000000      0x677 Source/fat.o
 .debug_line    0x00000677      0x327 Source/headsup.o
 .debug_line    0x0000099e      0x39e Source/id3.o
 .debug_line    0x00000d3c      0x51e Source/lcd.o
 .debug_line    0x0000125a      0x44a Source/multimediacard.o
 .debug_line    0x000016a4      0x363 Source/playaudio.o
 .debug_line    0x00001a07      0x374 Source/playlist.o
 .debug_line    0x00001d7b      0x401 Source/rtc.o
 .debug_line    0x0000217c      0x28b Source/spi.o
 .debug_line    0x00002407      0x33e Source/twi.o
 .debug_line    0x00002745      0x57c Source/vs1011eController.o

.debug_frame    0x00000000      0x948
 *(.debug_frame)
 .debug_frame   0x00000000      0x228 Source/fat.o
 .debug_frame   0x00000228       0x44 Source/headsup.o
 .debug_frame   0x0000026c       0x88 Source/id3.o
 .debug_frame   0x000002f4       0xf0 Source/lcd.o
 .debug_frame   0x000003e4       0xfc Source/multimediacard.o
 .debug_frame   0x000004e0       0xa8 Source/playaudio.o
 .debug_frame   0x00000588       0x84 Source/playlist.o
 .debug_frame   0x0000060c      0x124 Source/rtc.o
 .debug_frame   0x00000730       0x64 Source/spi.o
 .debug_frame   0x00000794       0x84 Source/twi.o
 .debug_frame   0x00000818      0x130 Source/vs1011eController.o

.debug_str      0x00000000     0x8e67
 *(.debug_str)
 .debug_str     0x00000000     0x72af Source/fat.o
                               0x7411 (size before relaxing)
 .debug_str     0x000072af      0xb07 Source/headsup.o
                               0x742c (size before relaxing)
 .debug_str     0x00007db6      0x53b Source/id3.o
                               0x76f3 (size before relaxing)
 .debug_str     0x000082f1      0x1c0 Source/lcd.o
                               0x6d49 (size before relaxing)
 .debug_str     0x000084b1       0xdc Source/multimediacard.o
                               0x6b77 (size before relaxing)
 .debug_str     0x0000858d      0x571 Source/playaudio.o
                               0x7919 (size before relaxing)
 .debug_str     0x00008afe       0x6f Source/playlist.o
                               0x705b (size before relaxing)
 .debug_str     0x00008b6d      0x116 Source/rtc.o
                               0x6fb5 (size before relaxing)
 .debug_str     0x00008c83       0x43 Source/spi.o
                               0x6749 (size before relaxing)
 .debug_str     0x00008cc6       0xd5 Source/twi.o
                               0x6c51 (size before relaxing)
 .debug_str     0x00008d9b       0xcc Source/vs1011eController.o
                               0x70c7 (size before relaxing)

.debug_loc      0x00000000     0x30f1
 *(.debug_loc)
 .debug_loc     0x00000000      0xd34 Source/fat.o
 .debug_loc     0x00000d34       0x48 Source/headsup.o
 .debug_loc     0x00000d7c      0x2b7 Source/id3.o
 .debug_loc     0x00001033      0x422 Source/lcd.o
 .debug_loc     0x00001455      0x711 Source/multimediacard.o
 .debug_loc     0x00001b66      0x136 Source/playaudio.o
 .debug_loc     0x00001c9c      0x5b5 Source/playlist.o
 .debug_loc     0x00002251      0x79f Source/rtc.o
 .debug_loc     0x000029f0       0x1f Source/spi.o
 .debug_loc     0x00002a0f       0x4e Source/twi.o
 .debug_loc     0x00002a5d      0x694 Source/vs1011eController.o

.debug_macinfo
 *(.debug_macinfo)

.debug_weaknames
 *(.debug_weaknames)

.debug_funcnames
 *(.debug_funcnames)

.debug_typenames
 *(.debug_typenames)

.debug_varnames
 *(.debug_varnames)

.debug_pubtypes
 *(.debug_pubtypes)

.debug_ranges   0x00000000      0x280
 *(.debug_ranges)
 .debug_ranges  0x00000000       0x78 Source/fat.o
 .debug_ranges  0x00000078       0x18 Source/headsup.o
 .debug_ranges  0x00000090       0x28 Source/id3.o
 .debug_ranges  0x000000b8       0x48 Source/lcd.o
 .debug_ranges  0x00000100       0x40 Source/multimediacard.o
 .debug_ranges  0x00000140       0x20 Source/playaudio.o
 .debug_ranges  0x00000160       0x10 Source/playlist.o
 .debug_ranges  0x00000170       0x38 Source/rtc.o
 .debug_ranges  0x000001a8       0x30 Source/spi.o
 .debug_ranges  0x000001d8       0x40 Source/twi.o
 .debug_ranges  0x00000218       0x68 Source/vs1011eController.o

.debug_macro    0x00000000     0x3b79
 *(.debug_macro)
 .debug_macro   0x00000000       0xcd Source/fat.o
 .debug_macro   0x000000cd      0xa5a Source/fat.o
 .debug_macro   0x00000b27       0x10 Source/fat.o
 .debug_macro   0x00000b37       0x1e Source/fat.o
 .debug_macro   0x00000b55       0x9e Source/fat.o
 .debug_macro   0x00000bf3     0x1a9a Source/fat.o
 .debug_macro   0x0000268d      0x171 Source/fat.o
 .debug_macro   0x000027fe       0xcb Source/fat.o
 .debug_macro   0x000028c9       0x34 Source/fat.o
 .debug_macro   0x000028fd       0x18 Source/fat.o
 .debug_macro   0x00002915       0x6c Source/fat.o
 .debug_macro   0x00002981       0x1c Source/fat.o
 .debug_macro   0x0000299d      0x10e Source/fat.o
 .debug_macro   0x00002aab       0x66 Source/fat.o
 .debug_macro   0x00002b11       0x16 Source/fat.o
 .debug_macro   0x00002b27       0x20 Source/fat.o
 .debug_macro   0x00002b47       0x7c Source/fat.o
 .debug_macro   0x00002bc3      0x124 Source/fat.o
 .debug_macro   0x00002ce7       0xfa Source/headsup.o
 .debug_macro   0x00002de1       0x10 Source/headsup.o
 .debug_macro   0x00002df1      0x166 Source/headsup.o
 .debug_macro   0x00002f57       0x10 Source/headsup.o
 .debug_macro   0x00002f67       0x34 Source/headsup.o
 .debug_macro   0x00002f9b       0x3a Source/headsup.o
 .debug_macro   0x00002fd5      0x118 Source/headsup.o
 .debug_macro   0x000030ed       0xf3 Source/id3.o
 .debug_macro   0x000031e0       0x97 Source/id3.o
 .debug_macro   0x00003277       0xbc Source/lcd.o
 .debug_macro   0x00003333       0x2e Source/lcd.o
 .debug_macro   0x00003361       0x58 Source/lcd.o
 .debug_macro   0x000033b9       0x8b Source/multimediacard.o
 .debug_macro   0x00003444       0xec Source/playaudio.o
 .debug_macro   0x00003530      0x166 Source/playaudio.o
 .debug_macro   0x00003696       0x39 Source/playaudio.o
 .debug_macro   0x000036cf       0xdd Source/playlist.o
 .debug_macro   0x000037ac       0x7f Source/playlist.o
 .debug_macro   0x0000382b       0xce Source/rtc.o
 .debug_macro   0x000038f9       0x91 Source/spi.o
 .debug_macro   0x0000398a       0x34 Source/spi.o
 .debug_macro   0x000039be       0xb3 Source/twi.o
 .debug_macro   0x00003a71       0x52 Source/twi.o
 .debug_macro   0x00003ac3       0xb6 Source/vs1011eController.o
OUTPUT(HeadsUp.elf elf32-avr)
LOAD linker stubs
