Archive member included to satisfy reference by file (symbol)

c:/program files (x86)/atmel/studio/7.0/toolchain/avr8/avr8-gnu-toolchain/bin/../lib/gcc/avr/4.9.2/../../../../avr/lib/avr51\libprintf_flt.a(vfprintf_flt.o)
                              (vfprintf)
c:/program files (x86)/atmel/studio/7.0/toolchain/avr8/avr8-gnu-toolchain/bin/../lib/gcc/avr/4.9.2/avr51\libgcc.a(_exit.o)
                              c:/program files (x86)/atmel/studio/7.0/toolchain/avr8/avr8-gnu-toolchain/bin/../lib/gcc/avr/4.9.2/../../../../avr/lib/avr51/crtatmega1284p.o (exit)
c:/program files (x86)/atmel/studio/7.0/toolchain/avr8/avr8-gnu-toolchain/bin/../lib/gcc/avr/4.9.2/avr51\libgcc.a(_copy_data.o)
                              Source/fat16.o (__do_copy_data)
c:/program files (x86)/atmel/studio/7.0/toolchain/avr8/avr8-gnu-toolchain/bin/../lib/gcc/avr/4.9.2/avr51\libgcc.a(_clear_bss.o)
                              Source/fat16.o (__do_clear_bss)
c:/program files (x86)/atmel/studio/7.0/toolchain/avr8/avr8-gnu-toolchain/bin/../lib/gcc/avr/4.9.2/avr51\libgcc.a(_umulhisi3.o)
                              Source/fat16.o (__umulhisi3)
c:/program files (x86)/atmel/studio/7.0/toolchain/avr8/avr8-gnu-toolchain/bin/../lib/gcc/avr/4.9.2/avr51\libgcc.a(_muluhisi3.o)
                              Source/fat16.o (__muluhisi3)
c:/program files (x86)/atmel/studio/7.0/toolchain/avr8/avr8-gnu-toolchain/bin/../lib/gcc/avr/4.9.2/../../../../avr/lib/avr51\libc.a(ftoa_engine.o)
                              c:/program files (x86)/atmel/studio/7.0/toolchain/avr8/avr8-gnu-toolchain/bin/../lib/gcc/avr/4.9.2/../../../../avr/lib/avr51\libprintf_flt.a(vfprintf_flt.o) (__ftoa_engine)
c:/program files (x86)/atmel/studio/7.0/toolchain/avr8/avr8-gnu-toolchain/bin/../lib/gcc/avr/4.9.2/../../../../avr/lib/avr51\libc.a(strnlen_P.o)
                              c:/program files (x86)/atmel/studio/7.0/toolchain/avr8/avr8-gnu-toolchain/bin/../lib/gcc/avr/4.9.2/../../../../avr/lib/avr51\libprintf_flt.a(vfprintf_flt.o) (strnlen_P)
c:/program files (x86)/atmel/studio/7.0/toolchain/avr8/avr8-gnu-toolchain/bin/../lib/gcc/avr/4.9.2/../../../../avr/lib/avr51\libc.a(memcpy.o)
                              Source/rtc.o (memcpy)
c:/program files (x86)/atmel/studio/7.0/toolchain/avr8/avr8-gnu-toolchain/bin/../lib/gcc/avr/4.9.2/../../../../avr/lib/avr51\libc.a(strnlen.o)
                              c:/program files (x86)/atmel/studio/7.0/toolchain/avr8/avr8-gnu-toolchain/bin/../lib/gcc/avr/4.9.2/../../../../avr/lib/avr51\libprintf_flt.a(vfprintf_flt.o) (strnlen)
c:/program files (x86)/atmel/studio/7.0/toolchain/avr8/avr8-gnu-toolchain/bin/../lib/gcc/avr/4.9.2/../../../../avr/lib/avr51\libc.a(fputc.o)
                              c:/program files (x86)/atmel/studio/7.0/toolchain/avr8/avr8-gnu-toolchain/bin/../lib/gcc/avr/4.9.2/../../../../avr/lib/avr51\libprintf_flt.a(vfprintf_flt.o) (fputc)
c:/program files (x86)/atmel/studio/7.0/toolchain/avr8/avr8-gnu-toolchain/bin/../lib/gcc/avr/4.9.2/../../../../avr/lib/avr51\libc.a(printf.o)
                              Source/fat16.o (printf)
c:/program files (x86)/atmel/studio/7.0/toolchain/avr8/avr8-gnu-toolchain/bin/../lib/gcc/avr/4.9.2/../../../../avr/lib/avr51\libc.a(ultoa_invert.o)
                              c:/program files (x86)/atmel/studio/7.0/toolchain/avr8/avr8-gnu-toolchain/bin/../lib/gcc/avr/4.9.2/../../../../avr/lib/avr51\libprintf_flt.a(vfprintf_flt.o) (__ultoa_invert)
c:/program files (x86)/atmel/studio/7.0/toolchain/avr8/avr8-gnu-toolchain/bin/../lib/gcc/avr/4.9.2/../../../../avr/lib/avr51\libc.a(iob.o)
                              c:/program files (x86)/atmel/studio/7.0/toolchain/avr8/avr8-gnu-toolchain/bin/../lib/gcc/avr/4.9.2/../../../../avr/lib/avr51\libc.a(printf.o) (__iob)

Allocating common symbols
Common symbol       size              file

__iob               0x6               c:/program files (x86)/atmel/studio/7.0/toolchain/avr8/avr8-gnu-toolchain/bin/../lib/gcc/avr/4.9.2/../../../../avr/lib/avr51\libc.a(iob.o)

Discarded input sections

 .data          0x00000000        0x0 c:/program files (x86)/atmel/studio/7.0/toolchain/avr8/avr8-gnu-toolchain/bin/../lib/gcc/avr/4.9.2/../../../../avr/lib/avr51/crtatmega1284p.o
 .bss           0x00000000        0x0 c:/program files (x86)/atmel/studio/7.0/toolchain/avr8/avr8-gnu-toolchain/bin/../lib/gcc/avr/4.9.2/../../../../avr/lib/avr51/crtatmega1284p.o
 .text          0x00000000        0x0 Source/fat16.o
 .data          0x00000000        0x0 Source/fat16.o
 .bss           0x00000000        0x0 Source/fat16.o
 .rodata.str1.1
                0x00000000       0xae Source/fat16.o
 .text._Z10fat16_initv
                0x00000000      0x1c2 Source/fat16.o
 .text._Z15fat16_read_filec
                0x00000000      0x1aa Source/fat16.o
 .text._Z15fat16_open_filePcS_
                0x00000000      0x22c Source/fat16.o
 .bss.fat16_state
                0x00000000       0x13 Source/fat16.o
 .bss.fat16_buffer
                0x00000000       0x20 Source/fat16.o
 .debug_info    0x00000000      0x49a Source/fat16.o
 .debug_abbrev  0x00000000      0x1af Source/fat16.o
 .debug_loc     0x00000000      0x5f6 Source/fat16.o
 .debug_aranges
                0x00000000       0x30 Source/fat16.o
 .debug_ranges  0x00000000       0x20 Source/fat16.o
 .debug_line    0x00000000      0x2c7 Source/fat16.o
 .debug_str     0x00000000      0x46d Source/fat16.o
 .comment       0x00000000       0x31 Source/fat16.o
 .debug_frame   0x00000000      0x190 Source/fat16.o
 .text          0x00000000        0x0 Source/headsup.o
 .data          0x00000000        0x0 Source/headsup.o
 .bss           0x00000000        0x0 Source/headsup.o
 .text          0x00000000        0x0 Source/lcd.o
 .data          0x00000000        0x0 Source/lcd.o
 .bss           0x00000000        0x0 Source/lcd.o
 .text          0x00000000        0x0 Source/rtc.o
 .data          0x00000000        0x0 Source/rtc.o
 .bss           0x00000000        0x0 Source/rtc.o
 .text          0x00000000        0x0 Source/sdcard.o
 .data          0x00000000        0x0 Source/sdcard.o
 .bss           0x00000000        0x0 Source/sdcard.o
 .text._Z10SD_commandhmhh
                0x00000000       0xbc Source/sdcard.o
 .text._Z7SD_initv
                0x00000000       0xb2 Source/sdcard.o
 .text._Z7SD_readmtPht
                0x00000000      0x142 Source/sdcard.o
 .text._Z10fat16_seekm
                0x00000000       0x3a Source/sdcard.o
 .text._Z10fat16_readh
                0x00000000       0x8c Source/sdcard.o
 .rodata.str1.1
                0x00000000        0xd Source/sdcard.o
 .text._Z15sd_display_filev
                0x00000000       0x72 Source/sdcard.o
 .bss.sd_pos    0x00000000        0x2 Source/sdcard.o
 .bss.sd_sector
                0x00000000        0x4 Source/sdcard.o
 .debug_info    0x00000000      0x702 Source/sdcard.o
 .debug_abbrev  0x00000000      0x221 Source/sdcard.o
 .debug_loc     0x00000000      0x73c Source/sdcard.o
 .debug_aranges
                0x00000000       0x48 Source/sdcard.o
 .debug_ranges  0x00000000       0x38 Source/sdcard.o
 .debug_line    0x00000000      0x3f8 Source/sdcard.o
 .debug_str     0x00000000      0x419 Source/sdcard.o
 .comment       0x00000000       0x31 Source/sdcard.o
 .debug_frame   0x00000000      0x134 Source/sdcard.o
 .text          0x00000000        0x0 Source/spi.o
 .data          0x00000000        0x0 Source/spi.o
 .bss           0x00000000        0x0 Source/spi.o
 .text._Z15spi_master_readv
                0x00000000        0xa Source/spi.o
 .text          0x00000000        0x0 Source/time.o
 .data          0x00000000        0x0 Source/time.o
 .bss           0x00000000        0x0 Source/time.o
 .debug_info    0x00000000       0x2c Source/time.o
 .debug_abbrev  0x00000000       0x1b Source/time.o
 .debug_aranges
                0x00000000       0x18 Source/time.o
 .debug_line    0x00000000       0x1a Source/time.o
 .debug_str     0x00000000      0x15b Source/time.o
 .comment       0x00000000       0x31 Source/time.o
 .text          0x00000000        0x0 Source/twi.o
 .data          0x00000000        0x0 Source/twi.o
 .bss           0x00000000        0x0 Source/twi.o
 .text._Z23TWI_CheckStatusRegisterh
                0x00000000        0x6 Source/twi.o
 .text._Z22TWI_ClearFlagAndEnablev
                0x00000000        0x8 Source/twi.o
 .text._Z29TWI_ClearFlagAndEnableWithAckv
                0x00000000        0x8 Source/twi.o
 .text          0x00000000        0x0 Source/vs1011eCommunication.o
 .data          0x00000000        0x0 Source/vs1011eCommunication.o
 .bss           0x00000000        0x0 Source/vs1011eCommunication.o
 .text._Z16vs1011_send_datah
                0x00000000       0x18 Source/vs1011eCommunication.o
 .text._Z7ReadScih
                0x00000000       0x32 Source/vs1011eCommunication.o
 .text._Z8WriteSdiPKhh
                0x00000000       0x44 Source/vs1011eCommunication.o
 .text          0x00000000        0x0 c:/program files (x86)/atmel/studio/7.0/toolchain/avr8/avr8-gnu-toolchain/bin/../lib/gcc/avr/4.9.2/../../../../avr/lib/avr51\libprintf_flt.a(vfprintf_flt.o)
 .data          0x00000000        0x0 c:/program files (x86)/atmel/studio/7.0/toolchain/avr8/avr8-gnu-toolchain/bin/../lib/gcc/avr/4.9.2/../../../../avr/lib/avr51\libprintf_flt.a(vfprintf_flt.o)
 .bss           0x00000000        0x0 c:/program files (x86)/atmel/studio/7.0/toolchain/avr8/avr8-gnu-toolchain/bin/../lib/gcc/avr/4.9.2/../../../../avr/lib/avr51\libprintf_flt.a(vfprintf_flt.o)
 .text          0x00000000        0x0 c:/program files (x86)/atmel/studio/7.0/toolchain/avr8/avr8-gnu-toolchain/bin/../lib/gcc/avr/4.9.2/avr51\libgcc.a(_exit.o)
 .data          0x00000000        0x0 c:/program files (x86)/atmel/studio/7.0/toolchain/avr8/avr8-gnu-toolchain/bin/../lib/gcc/avr/4.9.2/avr51\libgcc.a(_exit.o)
 .bss           0x00000000        0x0 c:/program files (x86)/atmel/studio/7.0/toolchain/avr8/avr8-gnu-toolchain/bin/../lib/gcc/avr/4.9.2/avr51\libgcc.a(_exit.o)
 .text.libgcc.mul
                0x00000000        0x0 c:/program files (x86)/atmel/studio/7.0/toolchain/avr8/avr8-gnu-toolchain/bin/../lib/gcc/avr/4.9.2/avr51\libgcc.a(_exit.o)
 .text.libgcc.div
                0x00000000        0x0 c:/program files (x86)/atmel/studio/7.0/toolchain/avr8/avr8-gnu-toolchain/bin/../lib/gcc/avr/4.9.2/avr51\libgcc.a(_exit.o)
 .text.libgcc   0x00000000        0x0 c:/program files (x86)/atmel/studio/7.0/toolchain/avr8/avr8-gnu-toolchain/bin/../lib/gcc/avr/4.9.2/avr51\libgcc.a(_exit.o)
 .text.libgcc.prologue
                0x00000000        0x0 c:/program files (x86)/atmel/studio/7.0/toolchain/avr8/avr8-gnu-toolchain/bin/../lib/gcc/avr/4.9.2/avr51\libgcc.a(_exit.o)
 .text.libgcc.builtins
                0x00000000        0x0 c:/program files (x86)/atmel/studio/7.0/toolchain/avr8/avr8-gnu-toolchain/bin/../lib/gcc/avr/4.9.2/avr51\libgcc.a(_exit.o)
 .text.libgcc.fmul
                0x00000000        0x0 c:/program files (x86)/atmel/studio/7.0/toolchain/avr8/avr8-gnu-toolchain/bin/../lib/gcc/avr/4.9.2/avr51\libgcc.a(_exit.o)
 .text.libgcc.fixed
                0x00000000        0x0 c:/program files (x86)/atmel/studio/7.0/toolchain/avr8/avr8-gnu-toolchain/bin/../lib/gcc/avr/4.9.2/avr51\libgcc.a(_exit.o)
 .text          0x00000000        0x0 c:/program files (x86)/atmel/studio/7.0/toolchain/avr8/avr8-gnu-toolchain/bin/../lib/gcc/avr/4.9.2/avr51\libgcc.a(_copy_data.o)
 .data          0x00000000        0x0 c:/program files (x86)/atmel/studio/7.0/toolchain/avr8/avr8-gnu-toolchain/bin/../lib/gcc/avr/4.9.2/avr51\libgcc.a(_copy_data.o)
 .bss           0x00000000        0x0 c:/program files (x86)/atmel/studio/7.0/toolchain/avr8/avr8-gnu-toolchain/bin/../lib/gcc/avr/4.9.2/avr51\libgcc.a(_copy_data.o)
 .text.libgcc.mul
                0x00000000        0x0 c:/program files (x86)/atmel/studio/7.0/toolchain/avr8/avr8-gnu-toolchain/bin/../lib/gcc/avr/4.9.2/avr51\libgcc.a(_copy_data.o)
 .text.libgcc.div
                0x00000000        0x0 c:/program files (x86)/atmel/studio/7.0/toolchain/avr8/avr8-gnu-toolchain/bin/../lib/gcc/avr/4.9.2/avr51\libgcc.a(_copy_data.o)
 .text.libgcc   0x00000000        0x0 c:/program files (x86)/atmel/studio/7.0/toolchain/avr8/avr8-gnu-toolchain/bin/../lib/gcc/avr/4.9.2/avr51\libgcc.a(_copy_data.o)
 .text.libgcc.prologue
                0x00000000        0x0 c:/program files (x86)/atmel/studio/7.0/toolchain/avr8/avr8-gnu-toolchain/bin/../lib/gcc/avr/4.9.2/avr51\libgcc.a(_copy_data.o)
 .text.libgcc.builtins
                0x00000000        0x0 c:/program files (x86)/atmel/studio/7.0/toolchain/avr8/avr8-gnu-toolchain/bin/../lib/gcc/avr/4.9.2/avr51\libgcc.a(_copy_data.o)
 .text.libgcc.fmul
                0x00000000        0x0 c:/program files (x86)/atmel/studio/7.0/toolchain/avr8/avr8-gnu-toolchain/bin/../lib/gcc/avr/4.9.2/avr51\libgcc.a(_copy_data.o)
 .text.libgcc.fixed
                0x00000000        0x0 c:/program files (x86)/atmel/studio/7.0/toolchain/avr8/avr8-gnu-toolchain/bin/../lib/gcc/avr/4.9.2/avr51\libgcc.a(_copy_data.o)
 .text          0x00000000        0x0 c:/program files (x86)/atmel/studio/7.0/toolchain/avr8/avr8-gnu-toolchain/bin/../lib/gcc/avr/4.9.2/avr51\libgcc.a(_clear_bss.o)
 .data          0x00000000        0x0 c:/program files (x86)/atmel/studio/7.0/toolchain/avr8/avr8-gnu-toolchain/bin/../lib/gcc/avr/4.9.2/avr51\libgcc.a(_clear_bss.o)
 .bss           0x00000000        0x0 c:/program files (x86)/atmel/studio/7.0/toolchain/avr8/avr8-gnu-toolchain/bin/../lib/gcc/avr/4.9.2/avr51\libgcc.a(_clear_bss.o)
 .text.libgcc.mul
                0x00000000        0x0 c:/program files (x86)/atmel/studio/7.0/toolchain/avr8/avr8-gnu-toolchain/bin/../lib/gcc/avr/4.9.2/avr51\libgcc.a(_clear_bss.o)
 .text.libgcc.div
                0x00000000        0x0 c:/program files (x86)/atmel/studio/7.0/toolchain/avr8/avr8-gnu-toolchain/bin/../lib/gcc/avr/4.9.2/avr51\libgcc.a(_clear_bss.o)
 .text.libgcc   0x00000000        0x0 c:/program files (x86)/atmel/studio/7.0/toolchain/avr8/avr8-gnu-toolchain/bin/../lib/gcc/avr/4.9.2/avr51\libgcc.a(_clear_bss.o)
 .text.libgcc.prologue
                0x00000000        0x0 c:/program files (x86)/atmel/studio/7.0/toolchain/avr8/avr8-gnu-toolchain/bin/../lib/gcc/avr/4.9.2/avr51\libgcc.a(_clear_bss.o)
 .text.libgcc.builtins
                0x00000000        0x0 c:/program files (x86)/atmel/studio/7.0/toolchain/avr8/avr8-gnu-toolchain/bin/../lib/gcc/avr/4.9.2/avr51\libgcc.a(_clear_bss.o)
 .text.libgcc.fmul
                0x00000000        0x0 c:/program files (x86)/atmel/studio/7.0/toolchain/avr8/avr8-gnu-toolchain/bin/../lib/gcc/avr/4.9.2/avr51\libgcc.a(_clear_bss.o)
 .text.libgcc.fixed
                0x00000000        0x0 c:/program files (x86)/atmel/studio/7.0/toolchain/avr8/avr8-gnu-toolchain/bin/../lib/gcc/avr/4.9.2/avr51\libgcc.a(_clear_bss.o)
 .text          0x00000000        0x0 c:/program files (x86)/atmel/studio/7.0/toolchain/avr8/avr8-gnu-toolchain/bin/../lib/gcc/avr/4.9.2/avr51\libgcc.a(_umulhisi3.o)
 .data          0x00000000        0x0 c:/program files (x86)/atmel/studio/7.0/toolchain/avr8/avr8-gnu-toolchain/bin/../lib/gcc/avr/4.9.2/avr51\libgcc.a(_umulhisi3.o)
 .bss           0x00000000        0x0 c:/program files (x86)/atmel/studio/7.0/toolchain/avr8/avr8-gnu-toolchain/bin/../lib/gcc/avr/4.9.2/avr51\libgcc.a(_umulhisi3.o)
 .text.libgcc.mul
                0x00000000       0x1e c:/program files (x86)/atmel/studio/7.0/toolchain/avr8/avr8-gnu-toolchain/bin/../lib/gcc/avr/4.9.2/avr51\libgcc.a(_umulhisi3.o)
 .text.libgcc.div
                0x00000000        0x0 c:/program files (x86)/atmel/studio/7.0/toolchain/avr8/avr8-gnu-toolchain/bin/../lib/gcc/avr/4.9.2/avr51\libgcc.a(_umulhisi3.o)
 .text.libgcc   0x00000000        0x0 c:/program files (x86)/atmel/studio/7.0/toolchain/avr8/avr8-gnu-toolchain/bin/../lib/gcc/avr/4.9.2/avr51\libgcc.a(_umulhisi3.o)
 .text.libgcc.prologue
                0x00000000        0x0 c:/program files (x86)/atmel/studio/7.0/toolchain/avr8/avr8-gnu-toolchain/bin/../lib/gcc/avr/4.9.2/avr51\libgcc.a(_umulhisi3.o)
 .text.libgcc.builtins
                0x00000000        0x0 c:/program files (x86)/atmel/studio/7.0/toolchain/avr8/avr8-gnu-toolchain/bin/../lib/gcc/avr/4.9.2/avr51\libgcc.a(_umulhisi3.o)
 .text.libgcc.fmul
                0x00000000        0x0 c:/program files (x86)/atmel/studio/7.0/toolchain/avr8/avr8-gnu-toolchain/bin/../lib/gcc/avr/4.9.2/avr51\libgcc.a(_umulhisi3.o)
 .text.libgcc.fixed
                0x00000000        0x0 c:/program files (x86)/atmel/studio/7.0/toolchain/avr8/avr8-gnu-toolchain/bin/../lib/gcc/avr/4.9.2/avr51\libgcc.a(_umulhisi3.o)
 .text          0x00000000        0x0 c:/program files (x86)/atmel/studio/7.0/toolchain/avr8/avr8-gnu-toolchain/bin/../lib/gcc/avr/4.9.2/avr51\libgcc.a(_muluhisi3.o)
 .data          0x00000000        0x0 c:/program files (x86)/atmel/studio/7.0/toolchain/avr8/avr8-gnu-toolchain/bin/../lib/gcc/avr/4.9.2/avr51\libgcc.a(_muluhisi3.o)
 .bss           0x00000000        0x0 c:/program files (x86)/atmel/studio/7.0/toolchain/avr8/avr8-gnu-toolchain/bin/../lib/gcc/avr/4.9.2/avr51\libgcc.a(_muluhisi3.o)
 .text.libgcc.mul
                0x00000000       0x16 c:/program files (x86)/atmel/studio/7.0/toolchain/avr8/avr8-gnu-toolchain/bin/../lib/gcc/avr/4.9.2/avr51\libgcc.a(_muluhisi3.o)
 .text.libgcc.div
                0x00000000        0x0 c:/program files (x86)/atmel/studio/7.0/toolchain/avr8/avr8-gnu-toolchain/bin/../lib/gcc/avr/4.9.2/avr51\libgcc.a(_muluhisi3.o)
 .text.libgcc   0x00000000        0x0 c:/program files (x86)/atmel/studio/7.0/toolchain/avr8/avr8-gnu-toolchain/bin/../lib/gcc/avr/4.9.2/avr51\libgcc.a(_muluhisi3.o)
 .text.libgcc.prologue
                0x00000000        0x0 c:/program files (x86)/atmel/studio/7.0/toolchain/avr8/avr8-gnu-toolchain/bin/../lib/gcc/avr/4.9.2/avr51\libgcc.a(_muluhisi3.o)
 .text.libgcc.builtins
                0x00000000        0x0 c:/program files (x86)/atmel/studio/7.0/toolchain/avr8/avr8-gnu-toolchain/bin/../lib/gcc/avr/4.9.2/avr51\libgcc.a(_muluhisi3.o)
 .text.libgcc.fmul
                0x00000000        0x0 c:/program files (x86)/atmel/studio/7.0/toolchain/avr8/avr8-gnu-toolchain/bin/../lib/gcc/avr/4.9.2/avr51\libgcc.a(_muluhisi3.o)
 .text.libgcc.fixed
                0x00000000        0x0 c:/program files (x86)/atmel/studio/7.0/toolchain/avr8/avr8-gnu-toolchain/bin/../lib/gcc/avr/4.9.2/avr51\libgcc.a(_muluhisi3.o)
 .text          0x00000000        0x0 c:/program files (x86)/atmel/studio/7.0/toolchain/avr8/avr8-gnu-toolchain/bin/../lib/gcc/avr/4.9.2/../../../../avr/lib/avr51\libc.a(ftoa_engine.o)
 .data          0x00000000        0x0 c:/program files (x86)/atmel/studio/7.0/toolchain/avr8/avr8-gnu-toolchain/bin/../lib/gcc/avr/4.9.2/../../../../avr/lib/avr51\libc.a(ftoa_engine.o)
 .bss           0x00000000        0x0 c:/program files (x86)/atmel/studio/7.0/toolchain/avr8/avr8-gnu-toolchain/bin/../lib/gcc/avr/4.9.2/../../../../avr/lib/avr51\libc.a(ftoa_engine.o)
 .text          0x00000000        0x0 c:/program files (x86)/atmel/studio/7.0/toolchain/avr8/avr8-gnu-toolchain/bin/../lib/gcc/avr/4.9.2/../../../../avr/lib/avr51\libc.a(strnlen_P.o)
 .data          0x00000000        0x0 c:/program files (x86)/atmel/studio/7.0/toolchain/avr8/avr8-gnu-toolchain/bin/../lib/gcc/avr/4.9.2/../../../../avr/lib/avr51\libc.a(strnlen_P.o)
 .bss           0x00000000        0x0 c:/program files (x86)/atmel/studio/7.0/toolchain/avr8/avr8-gnu-toolchain/bin/../lib/gcc/avr/4.9.2/../../../../avr/lib/avr51\libc.a(strnlen_P.o)
 .text          0x00000000        0x0 c:/program files (x86)/atmel/studio/7.0/toolchain/avr8/avr8-gnu-toolchain/bin/../lib/gcc/avr/4.9.2/../../../../avr/lib/avr51\libc.a(memcpy.o)
 .data          0x00000000        0x0 c:/program files (x86)/atmel/studio/7.0/toolchain/avr8/avr8-gnu-toolchain/bin/../lib/gcc/avr/4.9.2/../../../../avr/lib/avr51\libc.a(memcpy.o)
 .bss           0x00000000        0x0 c:/program files (x86)/atmel/studio/7.0/toolchain/avr8/avr8-gnu-toolchain/bin/../lib/gcc/avr/4.9.2/../../../../avr/lib/avr51\libc.a(memcpy.o)
 .text          0x00000000        0x0 c:/program files (x86)/atmel/studio/7.0/toolchain/avr8/avr8-gnu-toolchain/bin/../lib/gcc/avr/4.9.2/../../../../avr/lib/avr51\libc.a(strnlen.o)
 .data          0x00000000        0x0 c:/program files (x86)/atmel/studio/7.0/toolchain/avr8/avr8-gnu-toolchain/bin/../lib/gcc/avr/4.9.2/../../../../avr/lib/avr51\libc.a(strnlen.o)
 .bss           0x00000000        0x0 c:/program files (x86)/atmel/studio/7.0/toolchain/avr8/avr8-gnu-toolchain/bin/../lib/gcc/avr/4.9.2/../../../../avr/lib/avr51\libc.a(strnlen.o)
 .text          0x00000000        0x0 c:/program files (x86)/atmel/studio/7.0/toolchain/avr8/avr8-gnu-toolchain/bin/../lib/gcc/avr/4.9.2/../../../../avr/lib/avr51\libc.a(fputc.o)
 .data          0x00000000        0x0 c:/program files (x86)/atmel/studio/7.0/toolchain/avr8/avr8-gnu-toolchain/bin/../lib/gcc/avr/4.9.2/../../../../avr/lib/avr51\libc.a(fputc.o)
 .bss           0x00000000        0x0 c:/program files (x86)/atmel/studio/7.0/toolchain/avr8/avr8-gnu-toolchain/bin/../lib/gcc/avr/4.9.2/../../../../avr/lib/avr51\libc.a(fputc.o)
 .text          0x00000000        0x0 c:/program files (x86)/atmel/studio/7.0/toolchain/avr8/avr8-gnu-toolchain/bin/../lib/gcc/avr/4.9.2/../../../../avr/lib/avr51\libc.a(printf.o)
 .data          0x00000000        0x0 c:/program files (x86)/atmel/studio/7.0/toolchain/avr8/avr8-gnu-toolchain/bin/../lib/gcc/avr/4.9.2/../../../../avr/lib/avr51\libc.a(printf.o)
 .bss           0x00000000        0x0 c:/program files (x86)/atmel/studio/7.0/toolchain/avr8/avr8-gnu-toolchain/bin/../lib/gcc/avr/4.9.2/../../../../avr/lib/avr51\libc.a(printf.o)
 .text.avr-libc
                0x00000000       0x28 c:/program files (x86)/atmel/studio/7.0/toolchain/avr8/avr8-gnu-toolchain/bin/../lib/gcc/avr/4.9.2/../../../../avr/lib/avr51\libc.a(printf.o)
 .comment       0x00000000       0x31 c:/program files (x86)/atmel/studio/7.0/toolchain/avr8/avr8-gnu-toolchain/bin/../lib/gcc/avr/4.9.2/../../../../avr/lib/avr51\libc.a(printf.o)
 .text          0x00000000        0x0 c:/program files (x86)/atmel/studio/7.0/toolchain/avr8/avr8-gnu-toolchain/bin/../lib/gcc/avr/4.9.2/../../../../avr/lib/avr51\libc.a(ultoa_invert.o)
 .data          0x00000000        0x0 c:/program files (x86)/atmel/studio/7.0/toolchain/avr8/avr8-gnu-toolchain/bin/../lib/gcc/avr/4.9.2/../../../../avr/lib/avr51\libc.a(ultoa_invert.o)
 .bss           0x00000000        0x0 c:/program files (x86)/atmel/studio/7.0/toolchain/avr8/avr8-gnu-toolchain/bin/../lib/gcc/avr/4.9.2/../../../../avr/lib/avr51\libc.a(ultoa_invert.o)
 .text          0x00000000        0x0 c:/program files (x86)/atmel/studio/7.0/toolchain/avr8/avr8-gnu-toolchain/bin/../lib/gcc/avr/4.9.2/../../../../avr/lib/avr51\libc.a(iob.o)
 .data          0x00000000        0x0 c:/program files (x86)/atmel/studio/7.0/toolchain/avr8/avr8-gnu-toolchain/bin/../lib/gcc/avr/4.9.2/../../../../avr/lib/avr51\libc.a(iob.o)
 .bss           0x00000000        0x0 c:/program files (x86)/atmel/studio/7.0/toolchain/avr8/avr8-gnu-toolchain/bin/../lib/gcc/avr/4.9.2/../../../../avr/lib/avr51\libc.a(iob.o)
 .comment       0x00000000       0x31 c:/program files (x86)/atmel/studio/7.0/toolchain/avr8/avr8-gnu-toolchain/bin/../lib/gcc/avr/4.9.2/../../../../avr/lib/avr51\libc.a(iob.o)
 COMMON         0x00000000        0x6 c:/program files (x86)/atmel/studio/7.0/toolchain/avr8/avr8-gnu-toolchain/bin/../lib/gcc/avr/4.9.2/../../../../avr/lib/avr51\libc.a(iob.o)

Memory Configuration

Name             Origin             Length             Attributes
text             0x00000000         0x00020000         xr
data             0x00800100         0x0000ff00         rw !x
eeprom           0x00810000         0x00010000         rw !x
fuse             0x00820000         0x00000400         rw !x
lock             0x00830000         0x00000400         rw !x
signature        0x00840000         0x00000400         rw !x
user_signatures  0x00850000         0x00000400         rw !x
*default*        0x00000000         0xffffffff

Linker script and memory map

Address of section .data set to 0x800100
LOAD c:/program files (x86)/atmel/studio/7.0/toolchain/avr8/avr8-gnu-toolchain/bin/../lib/gcc/avr/4.9.2/../../../../avr/lib/avr51/crtatmega1284p.o
LOAD Source/fat16.o
LOAD Source/headsup.o
LOAD Source/lcd.o
LOAD Source/rtc.o
LOAD Source/sdcard.o
LOAD Source/spi.o
LOAD Source/time.o
LOAD Source/twi.o
LOAD Source/vs1011eCommunication.o
START GROUP
LOAD c:/program files (x86)/atmel/studio/7.0/toolchain/avr8/avr8-gnu-toolchain/bin/../lib/gcc/avr/4.9.2/../../../../avr/lib/avr51\libm.a
LOAD c:/program files (x86)/atmel/studio/7.0/toolchain/avr8/avr8-gnu-toolchain/bin/../lib/gcc/avr/4.9.2/../../../../avr/lib/avr51\libm.a
LOAD c:/program files (x86)/atmel/studio/7.0/toolchain/avr8/avr8-gnu-toolchain/bin/../lib/gcc/avr/4.9.2/../../../../avr/lib/avr51\libprintf_flt.a
END GROUP
LOAD c:/program files (x86)/atmel/studio/7.0/toolchain/avr8/avr8-gnu-toolchain/bin/../lib/gcc/avr/4.9.2/../../../../avr/lib/avr51\libprintf_min.a
LOAD c:/program files (x86)/atmel/studio/7.0/toolchain/avr8/avr8-gnu-toolchain/bin/../lib/gcc/avr/4.9.2/avr51\libgcc.a
LOAD c:/program files (x86)/atmel/studio/7.0/toolchain/avr8/avr8-gnu-toolchain/bin/../lib/gcc/avr/4.9.2/../../../../avr/lib/avr51\libm.a
START GROUP
LOAD c:/program files (x86)/atmel/studio/7.0/toolchain/avr8/avr8-gnu-toolchain/bin/../lib/gcc/avr/4.9.2/avr51\libgcc.a
LOAD c:/program files (x86)/atmel/studio/7.0/toolchain/avr8/avr8-gnu-toolchain/bin/../lib/gcc/avr/4.9.2/../../../../avr/lib/avr51\libm.a
LOAD c:/program files (x86)/atmel/studio/7.0/toolchain/avr8/avr8-gnu-toolchain/bin/../lib/gcc/avr/4.9.2/../../../../avr/lib/avr51\libc.a
LOAD c:/program files (x86)/atmel/studio/7.0/toolchain/avr8/avr8-gnu-toolchain/bin/../lib/gcc/avr/4.9.2/../../../../avr/lib/avr51\libatmega1284p.a
END GROUP

.hash
 *(.hash)

.dynsym
 *(.dynsym)

.dynstr
 *(.dynstr)

.gnu.version
 *(.gnu.version)

.gnu.version_d
 *(.gnu.version_d)

.gnu.version_r
 *(.gnu.version_r)

.rel.init
 *(.rel.init)

.rela.init
 *(.rela.init)

.rel.text
 *(.rel.text)
 *(.rel.text.*)
 *(.rel.gnu.linkonce.t*)

.rela.text
 *(.rela.text)
 *(.rela.text.*)
 *(.rela.gnu.linkonce.t*)

.rel.fini
 *(.rel.fini)

.rela.fini
 *(.rela.fini)

.rel.rodata
 *(.rel.rodata)
 *(.rel.rodata.*)
 *(.rel.gnu.linkonce.r*)

.rela.rodata
 *(.rela.rodata)
 *(.rela.rodata.*)
 *(.rela.gnu.linkonce.r*)

.rel.data
 *(.rel.data)
 *(.rel.data.*)
 *(.rel.gnu.linkonce.d*)

.rela.data
 *(.rela.data)
 *(.rela.data.*)
 *(.rela.gnu.linkonce.d*)

.rel.ctors
 *(.rel.ctors)

.rela.ctors
 *(.rela.ctors)

.rel.dtors
 *(.rel.dtors)

.rela.dtors
 *(.rela.dtors)

.rel.got
 *(.rel.got)

.rela.got
 *(.rela.got)

.rel.bss
 *(.rel.bss)

.rela.bss
 *(.rela.bss)

.rel.plt
 *(.rel.plt)

.rela.plt
 *(.rela.plt)

.text           0x00000000     0x1320
 *(.vectors)
 .vectors       0x00000000       0x8c c:/program files (x86)/atmel/studio/7.0/toolchain/avr8/avr8-gnu-toolchain/bin/../lib/gcc/avr/4.9.2/../../../../avr/lib/avr51/crtatmega1284p.o
                0x00000000                __vector_default
                0x00000000                __vectors
 *(.vectors)
 *(.progmem.gcc*)
                0x0000008c                . = ALIGN (0x2)
                0x0000008c                __trampolines_start = .
 *(.trampolines)
 .trampolines   0x0000008c        0x0 linker stubs
 *(.trampolines*)
                0x0000008c                __trampolines_end = .
 *(.progmem*)
 .progmem.data  0x0000008c        0x8 c:/program files (x86)/atmel/studio/7.0/toolchain/avr8/avr8-gnu-toolchain/bin/../lib/gcc/avr/4.9.2/../../../../avr/lib/avr51\libprintf_flt.a(vfprintf_flt.o)
 .progmem.data  0x00000094       0xfa c:/program files (x86)/atmel/studio/7.0/toolchain/avr8/avr8-gnu-toolchain/bin/../lib/gcc/avr/4.9.2/../../../../avr/lib/avr51\libc.a(ftoa_engine.o)
                0x0000018e                . = ALIGN (0x2)
 *(.jumptables)
 *(.jumptables*)
 *(.lowtext)
 *(.lowtext*)
                0x0000018e                __ctors_start = .
 *(.ctors)
                0x0000018e                __ctors_end = .
                0x0000018e                __dtors_start = .
 *(.dtors)
                0x0000018e                __dtors_end = .
 SORT(*)(.ctors)
 SORT(*)(.dtors)
 *(.init0)
 .init0         0x0000018e        0x0 c:/program files (x86)/atmel/studio/7.0/toolchain/avr8/avr8-gnu-toolchain/bin/../lib/gcc/avr/4.9.2/../../../../avr/lib/avr51/crtatmega1284p.o
                0x0000018e                __init
 *(.init0)
 *(.init1)
 *(.init1)
 *(.init2)
 .init2         0x0000018e        0xc c:/program files (x86)/atmel/studio/7.0/toolchain/avr8/avr8-gnu-toolchain/bin/../lib/gcc/avr/4.9.2/../../../../avr/lib/avr51/crtatmega1284p.o
 *(.init2)
 *(.init3)
 *(.init3)
 *(.init4)
 .init4         0x0000019a       0x1a c:/program files (x86)/atmel/studio/7.0/toolchain/avr8/avr8-gnu-toolchain/bin/../lib/gcc/avr/4.9.2/avr51\libgcc.a(_copy_data.o)
                0x0000019a                __do_copy_data
 .init4         0x000001b4       0x10 c:/program files (x86)/atmel/studio/7.0/toolchain/avr8/avr8-gnu-toolchain/bin/../lib/gcc/avr/4.9.2/avr51\libgcc.a(_clear_bss.o)
                0x000001b4                __do_clear_bss
 *(.init4)
 *(.init5)
 *(.init5)
 *(.init6)
 *(.init6)
 *(.init7)
 *(.init7)
 *(.init8)
 *(.init8)
 *(.init9)
 .init9         0x000001c4        0x6 c:/program files (x86)/atmel/studio/7.0/toolchain/avr8/avr8-gnu-toolchain/bin/../lib/gcc/avr/4.9.2/../../../../avr/lib/avr51/crtatmega1284p.o
 *(.init9)
 *(.text)
 .text          0x000001ca        0x2 c:/program files (x86)/atmel/studio/7.0/toolchain/avr8/avr8-gnu-toolchain/bin/../lib/gcc/avr/4.9.2/../../../../avr/lib/avr51/crtatmega1284p.o
                0x000001ca                __vector_22
                0x000001ca                __vector_28
                0x000001ca                __vector_1
                0x000001ca                __vector_32
                0x000001ca                __vector_34
                0x000001ca                __vector_24
                0x000001ca                __vector_12
                0x000001ca                __bad_interrupt
                0x000001ca                __vector_6
                0x000001ca                __vector_31
                0x000001ca                __vector_3
                0x000001ca                __vector_23
                0x000001ca                __vector_30
                0x000001ca                __vector_25
                0x000001ca                __vector_11
                0x000001ca                __vector_13
                0x000001ca                __vector_17
                0x000001ca                __vector_19
                0x000001ca                __vector_7
                0x000001ca                __vector_27
                0x000001ca                __vector_5
                0x000001ca                __vector_33
                0x000001ca                __vector_4
                0x000001ca                __vector_9
                0x000001ca                __vector_2
                0x000001ca                __vector_21
                0x000001ca                __vector_15
                0x000001ca                __vector_29
                0x000001ca                __vector_8
                0x000001ca                __vector_26
                0x000001ca                __vector_14
                0x000001ca                __vector_10
                0x000001ca                __vector_16
                0x000001ca                __vector_18
                0x000001ca                __vector_20
                0x000001cc                . = ALIGN (0x2)
 *(.text.*)
 .text._Z14Test_On_PortA0v
                0x000001cc       0x22 Source/headsup.o
                0x000001cc                _Z14Test_On_PortA0v
 .text.main     0x000001ee       0xc6 Source/headsup.o
                0x000001ee                main
 .text._ZN3lcd4ShowEPh
                0x000002b4       0x36 Source/lcd.o
                0x000002b4                _ZN3lcd4ShowEPh
 .text._ZN3lcd11SelectLine1Ev
                0x000002ea       0x18 Source/lcd.o
                0x000002ea                _ZN3lcd11SelectLine1Ev
 .text._ZN3lcd11SelectLine2Ev
                0x00000302       0x18 Source/lcd.o
                0x00000302                _ZN3lcd11SelectLine2Ev
 .text._ZN3lcd5CGRAMEv
                0x0000031a       0x6a Source/lcd.o
                0x0000031a                _ZN3lcd5CGRAMEv
 .text._ZN3lcd8init_LCDEv
                0x00000384       0xa2 Source/lcd.o
                0x00000384                _ZN3lcd8init_LCDEv
 .text._ZN3lcdC2Ev
                0x00000426       0x1e Source/lcd.o
                0x00000426                _ZN3lcdC1Ev
                0x00000426                _ZN3lcdC2Ev
 .text._ZN3lcd5printEPhh
                0x00000444       0x48 Source/lcd.o
                0x00000444                _ZN3lcd5printEPhh
 .text._ZN3lcd15test_LCD_ScreenEv
                0x0000048c       0xb4 Source/lcd.o
                0x0000048c                _ZN3lcd15test_LCD_ScreenEv
 .text._ZN3rtc10read_blockEhPhj
                0x00000540       0x40 Source/rtc.o
                0x00000540                _ZN3rtc10read_blockEhPhj
 .text._ZN3rtc11write_blockEhPhj
                0x00000580       0x40 Source/rtc.o
                0x00000580                _ZN3rtc11write_blockEhPhj
 .text._ZN3rtcC2Ev
                0x000005c0       0x46 Source/rtc.o
                0x000005c0                _ZN3rtcC2Ev
                0x000005c0                _ZN3rtcC1Ev
 .text._ZN3rtc8get_timeEv
                0x00000606       0x56 Source/rtc.o
                0x00000606                _ZN3rtc8get_timeEv
 .text._ZN3rtc8set_timeEP8rtc_time
                0x0000065c        0xc Source/rtc.o
                0x0000065c                _ZN3rtc8set_timeEP8rtc_time
 .text._ZN3rtc11rtm_to_charE8rtc_timePhj
                0x00000668      0x12e Source/rtc.o
                0x00000668                _ZN3rtc11rtm_to_charE8rtc_timePhj
 .text._Z10spi_selectv
                0x00000796        0xa Source/spi.o
                0x00000796                _Z10spi_selectv
 .text._Z12spi_deselectv
                0x000007a0        0x4 Source/spi.o
                0x000007a0                _Z12spi_deselectv
 .text._Z8spi_initv
                0x000007a4       0x10 Source/spi.o
                0x000007a4                _Z8spi_initv
 .text._Z19spi_master_transmith
                0x000007b4        0xc Source/spi.o
                0x000007b4                _Z19spi_master_transmith
 .text._Z8TWI_INITv
                0x000007c0       0x26 Source/twi.o
                0x000007c0                _Z8TWI_INITv
 .text._Z8TWI_STOPv
                0x000007e6        0x8 Source/twi.o
                0x000007e6                _Z8TWI_STOPv
 .text._Z22TWI_StartCommunicationv
                0x000007ee       0x16 Source/twi.o
                0x000007ee                _Z22TWI_StartCommunicationv
 .text._Z16TWI_TransmitDatahh
                0x00000804       0x1a Source/twi.o
                0x00000804                _Z16TWI_TransmitDatahh
 .text._Z12vs1011_nullsj
                0x0000081e       0x18 Source/vs1011eCommunication.o
                0x0000081e                _Z12vs1011_nullsj
 .text._Z8WriteSciht
                0x00000836       0x28 Source/vs1011eCommunication.o
                0x00000836                _Z8WriteSciht
 .text._Z20vs1011_sinewave_beeph
                0x0000085e       0x7a Source/vs1011eCommunication.o
                0x0000085e                _Z20vs1011_sinewave_beeph
 .text._Z10InitVS1011v
                0x000008d8       0x12 Source/vs1011eCommunication.o
                0x000008d8                _Z10InitVS1011v
 .text._Z22VS1011setDataDirectionv
                0x000008ea        0x8 Source/vs1011eCommunication.o
                0x000008ea                _Z22VS1011setDataDirectionv
 .text.avr-libc
                0x000008f2      0x710 c:/program files (x86)/atmel/studio/7.0/toolchain/avr8/avr8-gnu-toolchain/bin/../lib/gcc/avr/4.9.2/../../../../avr/lib/avr51\libprintf_flt.a(vfprintf_flt.o)
                0x000008f2                vfprintf
 .text.avr-libc
                0x00001002      0x1b0 c:/program files (x86)/atmel/studio/7.0/toolchain/avr8/avr8-gnu-toolchain/bin/../lib/gcc/avr/4.9.2/../../../../avr/lib/avr51\libc.a(ftoa_engine.o)
                0x00001002                __ftoa_engine
 .text.avr-libc
                0x000011b2       0x16 c:/program files (x86)/atmel/studio/7.0/toolchain/avr8/avr8-gnu-toolchain/bin/../lib/gcc/avr/4.9.2/../../../../avr/lib/avr51\libc.a(strnlen_P.o)
                0x000011b2                strnlen_P
 .text.avr-libc
                0x000011c8       0x12 c:/program files (x86)/atmel/studio/7.0/toolchain/avr8/avr8-gnu-toolchain/bin/../lib/gcc/avr/4.9.2/../../../../avr/lib/avr51\libc.a(memcpy.o)
                0x000011c8                memcpy
 .text.avr-libc
                0x000011da       0x16 c:/program files (x86)/atmel/studio/7.0/toolchain/avr8/avr8-gnu-toolchain/bin/../lib/gcc/avr/4.9.2/../../../../avr/lib/avr51\libc.a(strnlen.o)
                0x000011da                strnlen
 .text.avr-libc
                0x000011f0       0x70 c:/program files (x86)/atmel/studio/7.0/toolchain/avr8/avr8-gnu-toolchain/bin/../lib/gcc/avr/4.9.2/../../../../avr/lib/avr51\libc.a(fputc.o)
                0x000011f0                fputc
 .text.avr-libc
                0x00001260       0xbc c:/program files (x86)/atmel/studio/7.0/toolchain/avr8/avr8-gnu-toolchain/bin/../lib/gcc/avr/4.9.2/../../../../avr/lib/avr51\libc.a(ultoa_invert.o)
                0x00001260                __ultoa_invert
                0x0000131c                . = ALIGN (0x2)
 *(.fini9)
 .fini9         0x0000131c        0x0 c:/program files (x86)/atmel/studio/7.0/toolchain/avr8/avr8-gnu-toolchain/bin/../lib/gcc/avr/4.9.2/avr51\libgcc.a(_exit.o)
                0x0000131c                _exit
                0x0000131c                exit
 *(.fini9)
 *(.fini8)
 *(.fini8)
 *(.fini7)
 *(.fini7)
 *(.fini6)
 *(.fini6)
 *(.fini5)
 *(.fini5)
 *(.fini4)
 *(.fini4)
 *(.fini3)
 *(.fini3)
 *(.fini2)
 *(.fini2)
 *(.fini1)
 *(.fini1)
 *(.fini0)
 .fini0         0x0000131c        0x4 c:/program files (x86)/atmel/studio/7.0/toolchain/avr8/avr8-gnu-toolchain/bin/../lib/gcc/avr/4.9.2/avr51\libgcc.a(_exit.o)
 *(.fini0)
                0x00001320                _etext = .

.data           0x00800100       0x22 load address 0x00001320
                0x00800100                PROVIDE (__data_start, .)
 *(.data)
 *(.data*)
 *(.rodata)
 *(.rodata*)
 .rodata.str1.1
                0x00800100       0x22 Source/lcd.o
 *(.gnu.linkonce.d*)
                0x00800122                . = ALIGN (0x2)
                0x00800122                _edata = .
                0x00800122                PROVIDE (__data_end, .)

.bss            0x00800122        0x0
                0x00800122                PROVIDE (__bss_start, .)
 *(.bss)
 *(.bss*)
 *(COMMON)
                0x00800122                PROVIDE (__bss_end, .)
                0x00001320                __data_load_start = LOADADDR (.data)
                0x00001342                __data_load_end = (__data_load_start + SIZEOF (.data))

.noinit         0x00800122        0x0
                0x00800122                PROVIDE (__noinit_start, .)
 *(.noinit*)
                0x00800122                PROVIDE (__noinit_end, .)
                0x00800122                _end = .
                0x00800122                PROVIDE (__heap_start, .)

.eeprom         0x00810000        0x0
 *(.eeprom*)
                0x00810000                __eeprom_end = .

.fuse
 *(.fuse)
 *(.lfuse)
 *(.hfuse)
 *(.efuse)

.lock
 *(.lock*)

.signature
 *(.signature*)

.user_signatures
 *(.user_signatures*)

.stab
 *(.stab)

.stabstr
 *(.stabstr)

.stab.excl
 *(.stab.excl)

.stab.exclstr
 *(.stab.exclstr)

.stab.index
 *(.stab.index)

.stab.indexstr
 *(.stab.indexstr)

.comment        0x00000000       0x5c
 *(.comment)
 .comment       0x00000000       0x30 Source/headsup.o
                                 0x31 (size before relaxing)
 .comment       0x00000030       0x31 Source/lcd.o
 .comment       0x00000030       0x31 Source/rtc.o
 .comment       0x00000030       0x31 Source/spi.o
 .comment       0x00000030       0x31 Source/twi.o
 .comment       0x00000030       0x31 Source/vs1011eCommunication.o
 .comment       0x00000030       0x2c c:/program files (x86)/atmel/studio/7.0/toolchain/avr8/avr8-gnu-toolchain/bin/../lib/gcc/avr/4.9.2/../../../../avr/lib/avr51\libprintf_flt.a(vfprintf_flt.o)
                                 0x2d (size before relaxing)
 .comment       0x0000005c       0x31 c:/program files (x86)/atmel/studio/7.0/toolchain/avr8/avr8-gnu-toolchain/bin/../lib/gcc/avr/4.9.2/../../../../avr/lib/avr51\libc.a(fputc.o)

.note.gnu.avr.deviceinfo
                0x00000000       0x40
 .note.gnu.avr.deviceinfo
                0x00000000       0x40 c:/program files (x86)/atmel/studio/7.0/toolchain/avr8/avr8-gnu-toolchain/bin/../lib/gcc/avr/4.9.2/../../../../avr/lib/avr51/crtatmega1284p.o

.note.gnu.build-id
 *(.note.gnu.build-id)

.debug
 *(.debug)

.line
 *(.line)

.debug_srcinfo
 *(.debug_srcinfo)

.debug_sfnames
 *(.debug_sfnames)

.debug_aranges  0x00000000      0x1b0
 *(.debug_aranges)
 .debug_aranges
                0x00000000       0x28 Source/headsup.o
 .debug_aranges
                0x00000028       0x58 Source/lcd.o
 .debug_aranges
                0x00000080       0x48 Source/rtc.o
 .debug_aranges
                0x000000c8       0x40 Source/spi.o
 .debug_aranges
                0x00000108       0x50 Source/twi.o
 .debug_aranges
                0x00000158       0x58 Source/vs1011eCommunication.o

.debug_pubnames
 *(.debug_pubnames)

.debug_info     0x00000000     0x2156
 *(.debug_info .gnu.linkonce.wi.*)
 .debug_info    0x00000000      0x66c Source/headsup.o
 .debug_info    0x0000066c      0xc1a Source/lcd.o
 .debug_info    0x00001286      0x681 Source/rtc.o
 .debug_info    0x00001907      0x125 Source/spi.o
 .debug_info    0x00001a2c      0x1a4 Source/twi.o
 .debug_info    0x00001bd0      0x586 Source/vs1011eCommunication.o

.debug_abbrev   0x00000000      0xb60
 *(.debug_abbrev)
 .debug_abbrev  0x00000000      0x286 Source/headsup.o
 .debug_abbrev  0x00000286      0x266 Source/lcd.o
 .debug_abbrev  0x000004ec      0x29a Source/rtc.o
 .debug_abbrev  0x00000786       0xc8 Source/spi.o
 .debug_abbrev  0x0000084e      0x132 Source/twi.o
 .debug_abbrev  0x00000980      0x1e0 Source/vs1011eCommunication.o

.debug_line     0x00000000      0xd8d
 *(.debug_line .debug_line.* .debug_line_end)
 .debug_line    0x00000000      0x20b Source/headsup.o
 .debug_line    0x0000020b      0x3cc Source/lcd.o
 .debug_line    0x000005d7      0x231 Source/rtc.o
 .debug_line    0x00000808       0xdf Source/spi.o
 .debug_line    0x000008e7      0x173 Source/twi.o
 .debug_line    0x00000a5a      0x333 Source/vs1011eCommunication.o

.debug_frame    0x00000000      0x41c
 *(.debug_frame)
 .debug_frame   0x00000000       0x44 Source/headsup.o
 .debug_frame   0x00000044       0xf0 Source/lcd.o
 .debug_frame   0x00000134      0x124 Source/rtc.o
 .debug_frame   0x00000258       0x64 Source/spi.o
 .debug_frame   0x000002bc       0x84 Source/twi.o
 .debug_frame   0x00000340       0xdc Source/vs1011eCommunication.o

.debug_str      0x00000000      0x87f
 *(.debug_str)
 .debug_str     0x00000000      0x4a7 Source/headsup.o
                                0x4e4 (size before relaxing)
 .debug_str     0x000004a7       0xc3 Source/lcd.o
                                0x388 (size before relaxing)
 .debug_str     0x0000056a      0x12a Source/rtc.o
                                0x403 (size before relaxing)
 .debug_str     0x00000694       0x43 Source/spi.o
                                0x259 (size before relaxing)
 .debug_str     0x000006d7       0xd5 Source/twi.o
                                0x2f8 (size before relaxing)
 .debug_str     0x000007ac       0xd3 Source/vs1011eCommunication.o
                                0x3b3 (size before relaxing)

.debug_loc      0x00000000     0x10ff
 *(.debug_loc)
 .debug_loc     0x00000000       0x47 Source/headsup.o
 .debug_loc     0x00000047      0x422 Source/lcd.o
 .debug_loc     0x00000469      0x79f Source/rtc.o
 .debug_loc     0x00000c08       0x1f Source/spi.o
 .debug_loc     0x00000c27       0x4e Source/twi.o
 .debug_loc     0x00000c75      0x48a Source/vs1011eCommunication.o

.debug_macinfo
 *(.debug_macinfo)

.debug_weaknames
 *(.debug_weaknames)

.debug_funcnames
 *(.debug_funcnames)

.debug_typenames
 *(.debug_typenames)

.debug_varnames
 *(.debug_varnames)

.debug_pubtypes
 *(.debug_pubtypes)

.debug_ranges   0x00000000      0x150
 *(.debug_ranges)
 .debug_ranges  0x00000000       0x18 Source/headsup.o
 .debug_ranges  0x00000018       0x48 Source/lcd.o
 .debug_ranges  0x00000060       0x38 Source/rtc.o
 .debug_ranges  0x00000098       0x30 Source/spi.o
 .debug_ranges  0x000000c8       0x40 Source/twi.o
 .debug_ranges  0x00000108       0x48 Source/vs1011eCommunication.o

.debug_macro
 *(.debug_macro)
OUTPUT(HeadsUp.elf elf32-avr)
LOAD linker stubs
