Archive member included to satisfy reference by file (symbol)

c:/program files (x86)/atmel/studio/7.0/toolchain/avr8/avr8-gnu-toolchain/bin/../lib/gcc/avr/4.9.2/../../../../avr/lib/avr51\libm.a(cmpsf2.o)
                              SOURCES/but.o (__ltsf2)
c:/program files (x86)/atmel/studio/7.0/toolchain/avr8/avr8-gnu-toolchain/bin/../lib/gcc/avr/4.9.2/../../../../avr/lib/avr51\libm.a(divsf3.o)
                              SOURCES/led.o (__divsf3)
c:/program files (x86)/atmel/studio/7.0/toolchain/avr8/avr8-gnu-toolchain/bin/../lib/gcc/avr/4.9.2/../../../../avr/lib/avr51\libm.a(divsf3x.o)
                              c:/program files (x86)/atmel/studio/7.0/toolchain/avr8/avr8-gnu-toolchain/bin/../lib/gcc/avr/4.9.2/../../../../avr/lib/avr51\libm.a(divsf3.o) (__divsf3x)
c:/program files (x86)/atmel/studio/7.0/toolchain/avr8/avr8-gnu-toolchain/bin/../lib/gcc/avr/4.9.2/../../../../avr/lib/avr51\libm.a(fixunssfsi.o)
                              SOURCES/but.o (__fixunssfsi)
c:/program files (x86)/atmel/studio/7.0/toolchain/avr8/avr8-gnu-toolchain/bin/../lib/gcc/avr/4.9.2/../../../../avr/lib/avr51\libm.a(floatsisf.o)
                              SOURCES/led.o (__floatunsisf)
c:/program files (x86)/atmel/studio/7.0/toolchain/avr8/avr8-gnu-toolchain/bin/../lib/gcc/avr/4.9.2/../../../../avr/lib/avr51\libm.a(fp_cmp.o)
                              c:/program files (x86)/atmel/studio/7.0/toolchain/avr8/avr8-gnu-toolchain/bin/../lib/gcc/avr/4.9.2/../../../../avr/lib/avr51\libm.a(cmpsf2.o) (__fp_cmp)
c:/program files (x86)/atmel/studio/7.0/toolchain/avr8/avr8-gnu-toolchain/bin/../lib/gcc/avr/4.9.2/../../../../avr/lib/avr51\libm.a(fp_inf.o)
                              c:/program files (x86)/atmel/studio/7.0/toolchain/avr8/avr8-gnu-toolchain/bin/../lib/gcc/avr/4.9.2/../../../../avr/lib/avr51\libm.a(divsf3x.o) (__fp_inf)
c:/program files (x86)/atmel/studio/7.0/toolchain/avr8/avr8-gnu-toolchain/bin/../lib/gcc/avr/4.9.2/../../../../avr/lib/avr51\libm.a(fp_nan.o)
                              c:/program files (x86)/atmel/studio/7.0/toolchain/avr8/avr8-gnu-toolchain/bin/../lib/gcc/avr/4.9.2/../../../../avr/lib/avr51\libm.a(divsf3x.o) (__fp_nan)
c:/program files (x86)/atmel/studio/7.0/toolchain/avr8/avr8-gnu-toolchain/bin/../lib/gcc/avr/4.9.2/../../../../avr/lib/avr51\libm.a(fp_pscA.o)
                              c:/program files (x86)/atmel/studio/7.0/toolchain/avr8/avr8-gnu-toolchain/bin/../lib/gcc/avr/4.9.2/../../../../avr/lib/avr51\libm.a(divsf3x.o) (__fp_pscA)
c:/program files (x86)/atmel/studio/7.0/toolchain/avr8/avr8-gnu-toolchain/bin/../lib/gcc/avr/4.9.2/../../../../avr/lib/avr51\libm.a(fp_pscB.o)
                              c:/program files (x86)/atmel/studio/7.0/toolchain/avr8/avr8-gnu-toolchain/bin/../lib/gcc/avr/4.9.2/../../../../avr/lib/avr51\libm.a(divsf3x.o) (__fp_pscB)
c:/program files (x86)/atmel/studio/7.0/toolchain/avr8/avr8-gnu-toolchain/bin/../lib/gcc/avr/4.9.2/../../../../avr/lib/avr51\libm.a(fp_round.o)
                              c:/program files (x86)/atmel/studio/7.0/toolchain/avr8/avr8-gnu-toolchain/bin/../lib/gcc/avr/4.9.2/../../../../avr/lib/avr51\libm.a(divsf3.o) (__fp_round)
c:/program files (x86)/atmel/studio/7.0/toolchain/avr8/avr8-gnu-toolchain/bin/../lib/gcc/avr/4.9.2/../../../../avr/lib/avr51\libm.a(fp_split3.o)
                              c:/program files (x86)/atmel/studio/7.0/toolchain/avr8/avr8-gnu-toolchain/bin/../lib/gcc/avr/4.9.2/../../../../avr/lib/avr51\libm.a(divsf3x.o) (__fp_split3)
c:/program files (x86)/atmel/studio/7.0/toolchain/avr8/avr8-gnu-toolchain/bin/../lib/gcc/avr/4.9.2/../../../../avr/lib/avr51\libm.a(fp_zero.o)
                              c:/program files (x86)/atmel/studio/7.0/toolchain/avr8/avr8-gnu-toolchain/bin/../lib/gcc/avr/4.9.2/../../../../avr/lib/avr51\libm.a(fixunssfsi.o) (__fp_zero)
c:/program files (x86)/atmel/studio/7.0/toolchain/avr8/avr8-gnu-toolchain/bin/../lib/gcc/avr/4.9.2/../../../../avr/lib/avr51\libm.a(gesf2.o)
                              SOURCES/but.o (__gtsf2)
c:/program files (x86)/atmel/studio/7.0/toolchain/avr8/avr8-gnu-toolchain/bin/../lib/gcc/avr/4.9.2/../../../../avr/lib/avr51\libm.a(mulsf3.o)
                              SOURCES/but.o (__mulsf3)
c:/program files (x86)/atmel/studio/7.0/toolchain/avr8/avr8-gnu-toolchain/bin/../lib/gcc/avr/4.9.2/../../../../avr/lib/avr51\libm.a(mulsf3x.o)
                              c:/program files (x86)/atmel/studio/7.0/toolchain/avr8/avr8-gnu-toolchain/bin/../lib/gcc/avr/4.9.2/../../../../avr/lib/avr51\libm.a(mulsf3.o) (__mulsf3x)
c:/program files (x86)/atmel/studio/7.0/toolchain/avr8/avr8-gnu-toolchain/bin/../lib/gcc/avr/4.9.2/avr51\libgcc.a(_divmodhi4.o)
                              SOURCES/headsup.o (__divmodhi4)
c:/program files (x86)/atmel/studio/7.0/toolchain/avr8/avr8-gnu-toolchain/bin/../lib/gcc/avr/4.9.2/avr51\libgcc.a(_udivmodsi4.o)
                              SOURCES/bat.o (__udivmodsi4)
c:/program files (x86)/atmel/studio/7.0/toolchain/avr8/avr8-gnu-toolchain/bin/../lib/gcc/avr/4.9.2/avr51\libgcc.a(_exit.o)
                              C:/Program Files (x86)/Atmel/Studio/7.0/Packs/atmel/ATmega_DFP/1.0.90/gcc/dev/atmega1284p/avr51/crtatmega1284p.o (exit)
c:/program files (x86)/atmel/studio/7.0/toolchain/avr8/avr8-gnu-toolchain/bin/../lib/gcc/avr/4.9.2/avr51\libgcc.a(_copy_data.o)
                              SOURCES/headsup.o (__do_copy_data)
c:/program files (x86)/atmel/studio/7.0/toolchain/avr8/avr8-gnu-toolchain/bin/../lib/gcc/avr/4.9.2/avr51\libgcc.a(_clear_bss.o)
                              SOURCES/but.o (__do_clear_bss)
c:/program files (x86)/atmel/studio/7.0/toolchain/avr8/avr8-gnu-toolchain/bin/../lib/gcc/avr/4.9.2/avr51\libgcc.a(_ctors.o)
                              SOURCES/headsup.o (__do_global_ctors)
c:/program files (x86)/atmel/studio/7.0/toolchain/avr8/avr8-gnu-toolchain/bin/../lib/gcc/avr/4.9.2/avr51\libgcc.a(_umulhisi3.o)
                              SOURCES/headsup.o (__umulhisi3)
c:/program files (x86)/atmel/studio/7.0/toolchain/avr8/avr8-gnu-toolchain/bin/../lib/gcc/avr/4.9.2/avr51\libgcc.a(_muluhisi3.o)
                              SOURCES/bat.o (__muluhisi3)
c:/program files (x86)/atmel/studio/7.0/toolchain/avr8/avr8-gnu-toolchain/bin/../lib/gcc/avr/4.9.2/avr51\libgcc.a(_udivmodhi4.o)
                              c:/program files (x86)/atmel/studio/7.0/toolchain/avr8/avr8-gnu-toolchain/bin/../lib/gcc/avr/4.9.2/avr51\libgcc.a(_divmodhi4.o) (__udivmodhi4)
c:/program files (x86)/atmel/studio/7.0/toolchain/avr8/avr8-gnu-toolchain/bin/../lib/gcc/avr/4.9.2/avr51\libgcc.a(_tablejump2.o)
                              c:/program files (x86)/atmel/studio/7.0/toolchain/avr8/avr8-gnu-toolchain/bin/../lib/gcc/avr/4.9.2/avr51\libgcc.a(_ctors.o) (__tablejump2__)
c:/program files (x86)/atmel/studio/7.0/toolchain/avr8/avr8-gnu-toolchain/bin/../lib/gcc/avr/4.9.2/../../../../avr/lib/avr51\libc.a(memcpy.o)
                              SOURCES/rtc.o (memcpy)
c:/program files (x86)/atmel/studio/7.0/toolchain/avr8/avr8-gnu-toolchain/bin/../lib/gcc/avr/4.9.2/../../../../avr/lib/avr51\libc.a(strlen.o)
                              SOURCES/headsup.o (strlen)

Discarded input sections

 .data          0x00000000        0x0 C:/Program Files (x86)/Atmel/Studio/7.0/Packs/atmel/ATmega_DFP/1.0.90/gcc/dev/atmega1284p/avr51/crtatmega1284p.o
 .bss           0x00000000        0x0 C:/Program Files (x86)/Atmel/Studio/7.0/Packs/atmel/ATmega_DFP/1.0.90/gcc/dev/atmega1284p/avr51/crtatmega1284p.o
 .group         0x00000000        0x8 SOURCES/bat.o
 .group         0x00000000        0x8 SOURCES/bat.o
 .group         0x00000000        0x8 SOURCES/bat.o
 .group         0x00000000        0x8 SOURCES/bat.o
 .group         0x00000000        0x8 SOURCES/bat.o
 .group         0x00000000        0x8 SOURCES/bat.o
 .group         0x00000000        0x8 SOURCES/bat.o
 .group         0x00000000        0x8 SOURCES/bat.o
 .group         0x00000000        0x8 SOURCES/bat.o
 .group         0x00000000        0x8 SOURCES/bat.o
 .group         0x00000000        0x8 SOURCES/bat.o
 .group         0x00000000        0x8 SOURCES/bat.o
 .group         0x00000000        0x8 SOURCES/bat.o
 .group         0x00000000        0x8 SOURCES/bat.o
 .group         0x00000000        0x8 SOURCES/bat.o
 .group         0x00000000        0x8 SOURCES/bat.o
 .group         0x00000000        0x8 SOURCES/bat.o
 .text          0x00000000        0x0 SOURCES/bat.o
 .data          0x00000000        0x0 SOURCES/bat.o
 .bss           0x00000000        0x0 SOURCES/bat.o
 .group         0x00000000        0x8 SOURCES/but.o
 .group         0x00000000        0x8 SOURCES/but.o
 .group         0x00000000        0x8 SOURCES/but.o
 .group         0x00000000        0x8 SOURCES/but.o
 .group         0x00000000        0x8 SOURCES/but.o
 .group         0x00000000        0x8 SOURCES/but.o
 .group         0x00000000        0x8 SOURCES/but.o
 .group         0x00000000        0x8 SOURCES/but.o
 .group         0x00000000        0x8 SOURCES/but.o
 .group         0x00000000        0x8 SOURCES/but.o
 .group         0x00000000        0x8 SOURCES/but.o
 .group         0x00000000        0x8 SOURCES/but.o
 .group         0x00000000        0x8 SOURCES/but.o
 .group         0x00000000        0x8 SOURCES/but.o
 .group         0x00000000        0x8 SOURCES/but.o
 .group         0x00000000        0x8 SOURCES/but.o
 .group         0x00000000        0x8 SOURCES/but.o
 .group         0x00000000        0x8 SOURCES/but.o
 .group         0x00000000        0x8 SOURCES/but.o
 .text          0x00000000        0x0 SOURCES/but.o
 .data          0x00000000        0x0 SOURCES/but.o
 .bss           0x00000000        0x0 SOURCES/but.o
 .debug_macro   0x00000000      0xaae SOURCES/but.o
 .debug_macro   0x00000000       0x10 SOURCES/but.o
 .debug_macro   0x00000000       0x1c SOURCES/but.o
 .debug_macro   0x00000000      0x1ad SOURCES/but.o
 .debug_macro   0x00000000      0x293 SOURCES/but.o
 .debug_macro   0x00000000       0x9e SOURCES/but.o
 .debug_macro   0x00000000     0x1a9a SOURCES/but.o
 .debug_macro   0x00000000      0x171 SOURCES/but.o
 .debug_macro   0x00000000       0xcb SOURCES/but.o
 .debug_macro   0x00000000       0x34 SOURCES/but.o
 .debug_macro   0x00000000       0x18 SOURCES/but.o
 .debug_macro   0x00000000       0x6c SOURCES/but.o
 .debug_macro   0x00000000       0x10 SOURCES/but.o
 .group         0x00000000        0x8 SOURCES/headsup.o
 .group         0x00000000        0x8 SOURCES/headsup.o
 .group         0x00000000        0x8 SOURCES/headsup.o
 .group         0x00000000        0x8 SOURCES/headsup.o
 .group         0x00000000        0x8 SOURCES/headsup.o
 .group         0x00000000        0x8 SOURCES/headsup.o
 .group         0x00000000        0x8 SOURCES/headsup.o
 .group         0x00000000        0x8 SOURCES/headsup.o
 .group         0x00000000        0x8 SOURCES/headsup.o
 .group         0x00000000        0x8 SOURCES/headsup.o
 .group         0x00000000        0x8 SOURCES/headsup.o
 .group         0x00000000        0x8 SOURCES/headsup.o
 .group         0x00000000        0x8 SOURCES/headsup.o
 .group         0x00000000        0x8 SOURCES/headsup.o
 .group         0x00000000        0x8 SOURCES/headsup.o
 .group         0x00000000        0x8 SOURCES/headsup.o
 .group         0x00000000        0x8 SOURCES/headsup.o
 .group         0x00000000        0x8 SOURCES/headsup.o
 .group         0x00000000        0x8 SOURCES/headsup.o
 .group         0x00000000        0x8 SOURCES/headsup.o
 .group         0x00000000        0x8 SOURCES/headsup.o
 .group         0x00000000        0x8 SOURCES/headsup.o
 .group         0x00000000        0x8 SOURCES/headsup.o
 .group         0x00000000        0x8 SOURCES/headsup.o
 .group         0x00000000        0x8 SOURCES/headsup.o
 .group         0x00000000        0x8 SOURCES/headsup.o
 .group         0x00000000        0x8 SOURCES/headsup.o
 .group         0x00000000        0x8 SOURCES/headsup.o
 .text          0x00000000        0x0 SOURCES/headsup.o
 .data          0x00000000        0x0 SOURCES/headsup.o
 .bss           0x00000000        0x0 SOURCES/headsup.o
 .rodata._ZL9chrMonths
                0x00000000       0x24 SOURCES/headsup.o
 .rodata._ZL7chrDays
                0x00000000        0xe SOURCES/headsup.o
 .debug_macro   0x00000000      0xaae SOURCES/headsup.o
 .debug_macro   0x00000000       0x10 SOURCES/headsup.o
 .debug_macro   0x00000000       0x1c SOURCES/headsup.o
 .debug_macro   0x00000000      0x1ad SOURCES/headsup.o
 .debug_macro   0x00000000      0x293 SOURCES/headsup.o
 .debug_macro   0x00000000       0x9e SOURCES/headsup.o
 .debug_macro   0x00000000     0x1a9a SOURCES/headsup.o
 .debug_macro   0x00000000      0x171 SOURCES/headsup.o
 .debug_macro   0x00000000       0xcb SOURCES/headsup.o
 .debug_macro   0x00000000       0x34 SOURCES/headsup.o
 .debug_macro   0x00000000       0x18 SOURCES/headsup.o
 .debug_macro   0x00000000       0x6c SOURCES/headsup.o
 .debug_macro   0x00000000       0x10 SOURCES/headsup.o
 .debug_macro   0x00000000      0x166 SOURCES/headsup.o
 .debug_macro   0x00000000       0x69 SOURCES/headsup.o
 .debug_macro   0x00000000       0x16 SOURCES/headsup.o
 .debug_macro   0x00000000       0x97 SOURCES/headsup.o
 .debug_macro   0x00000000       0x10 SOURCES/headsup.o
 .debug_macro   0x00000000       0x10 SOURCES/headsup.o
 .group         0x00000000        0x8 SOURCES/lcd.o
 .group         0x00000000        0x8 SOURCES/lcd.o
 .group         0x00000000        0x8 SOURCES/lcd.o
 .group         0x00000000        0x8 SOURCES/lcd.o
 .group         0x00000000        0x8 SOURCES/lcd.o
 .group         0x00000000        0x8 SOURCES/lcd.o
 .group         0x00000000        0x8 SOURCES/lcd.o
 .group         0x00000000        0x8 SOURCES/lcd.o
 .group         0x00000000        0x8 SOURCES/lcd.o
 .group         0x00000000        0x8 SOURCES/lcd.o
 .group         0x00000000        0x8 SOURCES/lcd.o
 .group         0x00000000        0x8 SOURCES/lcd.o
 .group         0x00000000        0x8 SOURCES/lcd.o
 .group         0x00000000        0x8 SOURCES/lcd.o
 .group         0x00000000        0x8 SOURCES/lcd.o
 .text          0x00000000        0x0 SOURCES/lcd.o
 .data          0x00000000        0x0 SOURCES/lcd.o
 .bss           0x00000000        0x0 SOURCES/lcd.o
 .text._ZN3lcd20TWI_CLEAR_ENABLE_ACKEv
                0x00000000       0x22 SOURCES/lcd.o
 .debug_macro   0x00000000      0xaae SOURCES/lcd.o
 .debug_macro   0x00000000       0x10 SOURCES/lcd.o
 .debug_macro   0x00000000       0x1c SOURCES/lcd.o
 .debug_macro   0x00000000      0x1ad SOURCES/lcd.o
 .debug_macro   0x00000000      0x293 SOURCES/lcd.o
 .debug_macro   0x00000000       0x9e SOURCES/lcd.o
 .debug_macro   0x00000000     0x1a9a SOURCES/lcd.o
 .debug_macro   0x00000000      0x171 SOURCES/lcd.o
 .debug_macro   0x00000000       0xcb SOURCES/lcd.o
 .debug_macro   0x00000000       0x34 SOURCES/lcd.o
 .debug_macro   0x00000000       0x18 SOURCES/lcd.o
 .debug_macro   0x00000000       0x6c SOURCES/lcd.o
 .debug_macro   0x00000000       0x10 SOURCES/lcd.o
 .debug_macro   0x00000000      0x166 SOURCES/lcd.o
 .group         0x00000000        0x8 SOURCES/led.o
 .group         0x00000000        0x8 SOURCES/led.o
 .group         0x00000000        0x8 SOURCES/led.o
 .group         0x00000000        0x8 SOURCES/led.o
 .group         0x00000000        0x8 SOURCES/led.o
 .group         0x00000000        0x8 SOURCES/led.o
 .group         0x00000000        0x8 SOURCES/led.o
 .group         0x00000000        0x8 SOURCES/led.o
 .group         0x00000000        0x8 SOURCES/led.o
 .group         0x00000000        0x8 SOURCES/led.o
 .group         0x00000000        0x8 SOURCES/led.o
 .group         0x00000000        0x8 SOURCES/led.o
 .group         0x00000000        0x8 SOURCES/led.o
 .text          0x00000000        0x0 SOURCES/led.o
 .data          0x00000000        0x0 SOURCES/led.o
 .bss           0x00000000        0x0 SOURCES/led.o
 .text._ZN3led7DISABLEEv
                0x00000000       0x22 SOURCES/led.o
 .debug_macro   0x00000000      0xaae SOURCES/led.o
 .debug_macro   0x00000000       0x10 SOURCES/led.o
 .debug_macro   0x00000000       0x1c SOURCES/led.o
 .debug_macro   0x00000000      0x1ad SOURCES/led.o
 .debug_macro   0x00000000      0x293 SOURCES/led.o
 .debug_macro   0x00000000       0x9e SOURCES/led.o
 .debug_macro   0x00000000     0x1a9a SOURCES/led.o
 .debug_macro   0x00000000      0x171 SOURCES/led.o
 .debug_macro   0x00000000       0xcb SOURCES/led.o
 .debug_macro   0x00000000       0x34 SOURCES/led.o
 .debug_macro   0x00000000       0x18 SOURCES/led.o
 .debug_macro   0x00000000       0x6c SOURCES/led.o
 .group         0x00000000        0x8 SOURCES/rtc.o
 .group         0x00000000        0x8 SOURCES/rtc.o
 .group         0x00000000        0x8 SOURCES/rtc.o
 .group         0x00000000        0x8 SOURCES/rtc.o
 .group         0x00000000        0x8 SOURCES/rtc.o
 .group         0x00000000        0x8 SOURCES/rtc.o
 .group         0x00000000        0x8 SOURCES/rtc.o
 .group         0x00000000        0x8 SOURCES/rtc.o
 .group         0x00000000        0x8 SOURCES/rtc.o
 .group         0x00000000        0x8 SOURCES/rtc.o
 .group         0x00000000        0x8 SOURCES/rtc.o
 .group         0x00000000        0x8 SOURCES/rtc.o
 .group         0x00000000        0x8 SOURCES/rtc.o
 .group         0x00000000        0x8 SOURCES/rtc.o
 .group         0x00000000        0x8 SOURCES/rtc.o
 .group         0x00000000        0x8 SOURCES/rtc.o
 .group         0x00000000        0x8 SOURCES/rtc.o
 .group         0x00000000        0x8 SOURCES/rtc.o
 .text          0x00000000        0x0 SOURCES/rtc.o
 .data          0x00000000        0x0 SOURCES/rtc.o
 .bss           0x00000000        0x0 SOURCES/rtc.o
 .debug_macro   0x00000000      0xaae SOURCES/rtc.o
 .debug_macro   0x00000000       0x10 SOURCES/rtc.o
 .debug_macro   0x00000000       0x1c SOURCES/rtc.o
 .debug_macro   0x00000000      0x1ad SOURCES/rtc.o
 .debug_macro   0x00000000      0x293 SOURCES/rtc.o
 .debug_macro   0x00000000      0x166 SOURCES/rtc.o
 .debug_macro   0x00000000       0x16 SOURCES/rtc.o
 .debug_macro   0x00000000       0x97 SOURCES/rtc.o
 .debug_macro   0x00000000       0x10 SOURCES/rtc.o
 .debug_macro   0x00000000     0x1a9a SOURCES/rtc.o
 .debug_macro   0x00000000      0x171 SOURCES/rtc.o
 .debug_macro   0x00000000       0xcb SOURCES/rtc.o
 .debug_macro   0x00000000       0x34 SOURCES/rtc.o
 .debug_macro   0x00000000       0x18 SOURCES/rtc.o
 .debug_macro   0x00000000       0x6c SOURCES/rtc.o
 .debug_macro   0x00000000       0x69 SOURCES/rtc.o
 .group         0x00000000        0x8 SOURCES/time.o
 .group         0x00000000        0x8 SOURCES/time.o
 .group         0x00000000        0x8 SOURCES/time.o
 .group         0x00000000        0x8 SOURCES/time.o
 .group         0x00000000        0x8 SOURCES/time.o
 .group         0x00000000        0x8 SOURCES/time.o
 .group         0x00000000        0x8 SOURCES/time.o
 .group         0x00000000        0x8 SOURCES/time.o
 .group         0x00000000        0x8 SOURCES/time.o
 .group         0x00000000        0x8 SOURCES/time.o
 .group         0x00000000        0x8 SOURCES/time.o
 .group         0x00000000        0x8 SOURCES/time.o
 .group         0x00000000        0x8 SOURCES/time.o
 .group         0x00000000        0x8 SOURCES/time.o
 .group         0x00000000        0x8 SOURCES/time.o
 .group         0x00000000        0x8 SOURCES/time.o
 .group         0x00000000        0x8 SOURCES/time.o
 .group         0x00000000        0x8 SOURCES/time.o
 .text          0x00000000        0x0 SOURCES/time.o
 .data          0x00000000        0x0 SOURCES/time.o
 .bss           0x00000000        0x0 SOURCES/time.o
 .rodata._ZL9chrMonths
                0x00000000       0x24 SOURCES/time.o
 .rodata._ZL7chrDays
                0x00000000        0xe SOURCES/time.o
 .debug_info    0x00000000       0xad SOURCES/time.o
 .debug_abbrev  0x00000000       0x51 SOURCES/time.o
 .debug_aranges
                0x00000000       0x18 SOURCES/time.o
 .debug_macro   0x00000000       0xd8 SOURCES/time.o
 .debug_macro   0x00000000      0xaae SOURCES/time.o
 .debug_macro   0x00000000       0x10 SOURCES/time.o
 .debug_macro   0x00000000       0x1c SOURCES/time.o
 .debug_macro   0x00000000      0x1ad SOURCES/time.o
 .debug_macro   0x00000000      0x293 SOURCES/time.o
 .debug_macro   0x00000000      0x166 SOURCES/time.o
 .debug_macro   0x00000000       0x16 SOURCES/time.o
 .debug_macro   0x00000000       0x97 SOURCES/time.o
 .debug_macro   0x00000000       0x10 SOURCES/time.o
 .debug_macro   0x00000000       0xaa SOURCES/time.o
 .debug_macro   0x00000000     0x1a9a SOURCES/time.o
 .debug_macro   0x00000000      0x171 SOURCES/time.o
 .debug_macro   0x00000000       0xcb SOURCES/time.o
 .debug_macro   0x00000000       0x34 SOURCES/time.o
 .debug_macro   0x00000000       0x18 SOURCES/time.o
 .debug_macro   0x00000000       0x6c SOURCES/time.o
 .debug_macro   0x00000000       0x69 SOURCES/time.o
 .debug_macro   0x00000000      0x1cc SOURCES/time.o
 .debug_line    0x00000000      0x2d8 SOURCES/time.o
 .debug_str     0x00000000     0x8152 SOURCES/time.o
 .comment       0x00000000       0x31 SOURCES/time.o
 .text          0x00000000        0x0 c:/program files (x86)/atmel/studio/7.0/toolchain/avr8/avr8-gnu-toolchain/bin/../lib/gcc/avr/4.9.2/../../../../avr/lib/avr51\libm.a(cmpsf2.o)
 .data          0x00000000        0x0 c:/program files (x86)/atmel/studio/7.0/toolchain/avr8/avr8-gnu-toolchain/bin/../lib/gcc/avr/4.9.2/../../../../avr/lib/avr51\libm.a(cmpsf2.o)
 .bss           0x00000000        0x0 c:/program files (x86)/atmel/studio/7.0/toolchain/avr8/avr8-gnu-toolchain/bin/../lib/gcc/avr/4.9.2/../../../../avr/lib/avr51\libm.a(cmpsf2.o)
 .text          0x00000000        0x0 c:/program files (x86)/atmel/studio/7.0/toolchain/avr8/avr8-gnu-toolchain/bin/../lib/gcc/avr/4.9.2/../../../../avr/lib/avr51\libm.a(divsf3.o)
 .data          0x00000000        0x0 c:/program files (x86)/atmel/studio/7.0/toolchain/avr8/avr8-gnu-toolchain/bin/../lib/gcc/avr/4.9.2/../../../../avr/lib/avr51\libm.a(divsf3.o)
 .bss           0x00000000        0x0 c:/program files (x86)/atmel/studio/7.0/toolchain/avr8/avr8-gnu-toolchain/bin/../lib/gcc/avr/4.9.2/../../../../avr/lib/avr51\libm.a(divsf3.o)
 .text          0x00000000        0x0 c:/program files (x86)/atmel/studio/7.0/toolchain/avr8/avr8-gnu-toolchain/bin/../lib/gcc/avr/4.9.2/../../../../avr/lib/avr51\libm.a(divsf3x.o)
 .data          0x00000000        0x0 c:/program files (x86)/atmel/studio/7.0/toolchain/avr8/avr8-gnu-toolchain/bin/../lib/gcc/avr/4.9.2/../../../../avr/lib/avr51\libm.a(divsf3x.o)
 .bss           0x00000000        0x0 c:/program files (x86)/atmel/studio/7.0/toolchain/avr8/avr8-gnu-toolchain/bin/../lib/gcc/avr/4.9.2/../../../../avr/lib/avr51\libm.a(divsf3x.o)
 .text          0x00000000        0x0 c:/program files (x86)/atmel/studio/7.0/toolchain/avr8/avr8-gnu-toolchain/bin/../lib/gcc/avr/4.9.2/../../../../avr/lib/avr51\libm.a(fixunssfsi.o)
 .data          0x00000000        0x0 c:/program files (x86)/atmel/studio/7.0/toolchain/avr8/avr8-gnu-toolchain/bin/../lib/gcc/avr/4.9.2/../../../../avr/lib/avr51\libm.a(fixunssfsi.o)
 .bss           0x00000000        0x0 c:/program files (x86)/atmel/studio/7.0/toolchain/avr8/avr8-gnu-toolchain/bin/../lib/gcc/avr/4.9.2/../../../../avr/lib/avr51\libm.a(fixunssfsi.o)
 .text          0x00000000        0x0 c:/program files (x86)/atmel/studio/7.0/toolchain/avr8/avr8-gnu-toolchain/bin/../lib/gcc/avr/4.9.2/../../../../avr/lib/avr51\libm.a(floatsisf.o)
 .data          0x00000000        0x0 c:/program files (x86)/atmel/studio/7.0/toolchain/avr8/avr8-gnu-toolchain/bin/../lib/gcc/avr/4.9.2/../../../../avr/lib/avr51\libm.a(floatsisf.o)
 .bss           0x00000000        0x0 c:/program files (x86)/atmel/studio/7.0/toolchain/avr8/avr8-gnu-toolchain/bin/../lib/gcc/avr/4.9.2/../../../../avr/lib/avr51\libm.a(floatsisf.o)
 .text          0x00000000        0x0 c:/program files (x86)/atmel/studio/7.0/toolchain/avr8/avr8-gnu-toolchain/bin/../lib/gcc/avr/4.9.2/../../../../avr/lib/avr51\libm.a(fp_cmp.o)
 .data          0x00000000        0x0 c:/program files (x86)/atmel/studio/7.0/toolchain/avr8/avr8-gnu-toolchain/bin/../lib/gcc/avr/4.9.2/../../../../avr/lib/avr51\libm.a(fp_cmp.o)
 .bss           0x00000000        0x0 c:/program files (x86)/atmel/studio/7.0/toolchain/avr8/avr8-gnu-toolchain/bin/../lib/gcc/avr/4.9.2/../../../../avr/lib/avr51\libm.a(fp_cmp.o)
 .text          0x00000000        0x0 c:/program files (x86)/atmel/studio/7.0/toolchain/avr8/avr8-gnu-toolchain/bin/../lib/gcc/avr/4.9.2/../../../../avr/lib/avr51\libm.a(fp_inf.o)
 .data          0x00000000        0x0 c:/program files (x86)/atmel/studio/7.0/toolchain/avr8/avr8-gnu-toolchain/bin/../lib/gcc/avr/4.9.2/../../../../avr/lib/avr51\libm.a(fp_inf.o)
 .bss           0x00000000        0x0 c:/program files (x86)/atmel/studio/7.0/toolchain/avr8/avr8-gnu-toolchain/bin/../lib/gcc/avr/4.9.2/../../../../avr/lib/avr51\libm.a(fp_inf.o)
 .text          0x00000000        0x0 c:/program files (x86)/atmel/studio/7.0/toolchain/avr8/avr8-gnu-toolchain/bin/../lib/gcc/avr/4.9.2/../../../../avr/lib/avr51\libm.a(fp_nan.o)
 .data          0x00000000        0x0 c:/program files (x86)/atmel/studio/7.0/toolchain/avr8/avr8-gnu-toolchain/bin/../lib/gcc/avr/4.9.2/../../../../avr/lib/avr51\libm.a(fp_nan.o)
 .bss           0x00000000        0x0 c:/program files (x86)/atmel/studio/7.0/toolchain/avr8/avr8-gnu-toolchain/bin/../lib/gcc/avr/4.9.2/../../../../avr/lib/avr51\libm.a(fp_nan.o)
 .text          0x00000000        0x0 c:/program files (x86)/atmel/studio/7.0/toolchain/avr8/avr8-gnu-toolchain/bin/../lib/gcc/avr/4.9.2/../../../../avr/lib/avr51\libm.a(fp_pscA.o)
 .data          0x00000000        0x0 c:/program files (x86)/atmel/studio/7.0/toolchain/avr8/avr8-gnu-toolchain/bin/../lib/gcc/avr/4.9.2/../../../../avr/lib/avr51\libm.a(fp_pscA.o)
 .bss           0x00000000        0x0 c:/program files (x86)/atmel/studio/7.0/toolchain/avr8/avr8-gnu-toolchain/bin/../lib/gcc/avr/4.9.2/../../../../avr/lib/avr51\libm.a(fp_pscA.o)
 .text          0x00000000        0x0 c:/program files (x86)/atmel/studio/7.0/toolchain/avr8/avr8-gnu-toolchain/bin/../lib/gcc/avr/4.9.2/../../../../avr/lib/avr51\libm.a(fp_pscB.o)
 .data          0x00000000        0x0 c:/program files (x86)/atmel/studio/7.0/toolchain/avr8/avr8-gnu-toolchain/bin/../lib/gcc/avr/4.9.2/../../../../avr/lib/avr51\libm.a(fp_pscB.o)
 .bss           0x00000000        0x0 c:/program files (x86)/atmel/studio/7.0/toolchain/avr8/avr8-gnu-toolchain/bin/../lib/gcc/avr/4.9.2/../../../../avr/lib/avr51\libm.a(fp_pscB.o)
 .text          0x00000000        0x0 c:/program files (x86)/atmel/studio/7.0/toolchain/avr8/avr8-gnu-toolchain/bin/../lib/gcc/avr/4.9.2/../../../../avr/lib/avr51\libm.a(fp_round.o)
 .data          0x00000000        0x0 c:/program files (x86)/atmel/studio/7.0/toolchain/avr8/avr8-gnu-toolchain/bin/../lib/gcc/avr/4.9.2/../../../../avr/lib/avr51\libm.a(fp_round.o)
 .bss           0x00000000        0x0 c:/program files (x86)/atmel/studio/7.0/toolchain/avr8/avr8-gnu-toolchain/bin/../lib/gcc/avr/4.9.2/../../../../avr/lib/avr51\libm.a(fp_round.o)
 .text          0x00000000        0x0 c:/program files (x86)/atmel/studio/7.0/toolchain/avr8/avr8-gnu-toolchain/bin/../lib/gcc/avr/4.9.2/../../../../avr/lib/avr51\libm.a(fp_split3.o)
 .data          0x00000000        0x0 c:/program files (x86)/atmel/studio/7.0/toolchain/avr8/avr8-gnu-toolchain/bin/../lib/gcc/avr/4.9.2/../../../../avr/lib/avr51\libm.a(fp_split3.o)
 .bss           0x00000000        0x0 c:/program files (x86)/atmel/studio/7.0/toolchain/avr8/avr8-gnu-toolchain/bin/../lib/gcc/avr/4.9.2/../../../../avr/lib/avr51\libm.a(fp_split3.o)
 .text          0x00000000        0x0 c:/program files (x86)/atmel/studio/7.0/toolchain/avr8/avr8-gnu-toolchain/bin/../lib/gcc/avr/4.9.2/../../../../avr/lib/avr51\libm.a(fp_zero.o)
 .data          0x00000000        0x0 c:/program files (x86)/atmel/studio/7.0/toolchain/avr8/avr8-gnu-toolchain/bin/../lib/gcc/avr/4.9.2/../../../../avr/lib/avr51\libm.a(fp_zero.o)
 .bss           0x00000000        0x0 c:/program files (x86)/atmel/studio/7.0/toolchain/avr8/avr8-gnu-toolchain/bin/../lib/gcc/avr/4.9.2/../../../../avr/lib/avr51\libm.a(fp_zero.o)
 .text          0x00000000        0x0 c:/program files (x86)/atmel/studio/7.0/toolchain/avr8/avr8-gnu-toolchain/bin/../lib/gcc/avr/4.9.2/../../../../avr/lib/avr51\libm.a(gesf2.o)
 .data          0x00000000        0x0 c:/program files (x86)/atmel/studio/7.0/toolchain/avr8/avr8-gnu-toolchain/bin/../lib/gcc/avr/4.9.2/../../../../avr/lib/avr51\libm.a(gesf2.o)
 .bss           0x00000000        0x0 c:/program files (x86)/atmel/studio/7.0/toolchain/avr8/avr8-gnu-toolchain/bin/../lib/gcc/avr/4.9.2/../../../../avr/lib/avr51\libm.a(gesf2.o)
 .text          0x00000000        0x0 c:/program files (x86)/atmel/studio/7.0/toolchain/avr8/avr8-gnu-toolchain/bin/../lib/gcc/avr/4.9.2/../../../../avr/lib/avr51\libm.a(mulsf3.o)
 .data          0x00000000        0x0 c:/program files (x86)/atmel/studio/7.0/toolchain/avr8/avr8-gnu-toolchain/bin/../lib/gcc/avr/4.9.2/../../../../avr/lib/avr51\libm.a(mulsf3.o)
 .bss           0x00000000        0x0 c:/program files (x86)/atmel/studio/7.0/toolchain/avr8/avr8-gnu-toolchain/bin/../lib/gcc/avr/4.9.2/../../../../avr/lib/avr51\libm.a(mulsf3.o)
 .text          0x00000000        0x0 c:/program files (x86)/atmel/studio/7.0/toolchain/avr8/avr8-gnu-toolchain/bin/../lib/gcc/avr/4.9.2/../../../../avr/lib/avr51\libm.a(mulsf3x.o)
 .data          0x00000000        0x0 c:/program files (x86)/atmel/studio/7.0/toolchain/avr8/avr8-gnu-toolchain/bin/../lib/gcc/avr/4.9.2/../../../../avr/lib/avr51\libm.a(mulsf3x.o)
 .bss           0x00000000        0x0 c:/program files (x86)/atmel/studio/7.0/toolchain/avr8/avr8-gnu-toolchain/bin/../lib/gcc/avr/4.9.2/../../../../avr/lib/avr51\libm.a(mulsf3x.o)
 .text          0x00000000        0x0 c:/program files (x86)/atmel/studio/7.0/toolchain/avr8/avr8-gnu-toolchain/bin/../lib/gcc/avr/4.9.2/avr51\libgcc.a(_divmodhi4.o)
 .data          0x00000000        0x0 c:/program files (x86)/atmel/studio/7.0/toolchain/avr8/avr8-gnu-toolchain/bin/../lib/gcc/avr/4.9.2/avr51\libgcc.a(_divmodhi4.o)
 .bss           0x00000000        0x0 c:/program files (x86)/atmel/studio/7.0/toolchain/avr8/avr8-gnu-toolchain/bin/../lib/gcc/avr/4.9.2/avr51\libgcc.a(_divmodhi4.o)
 .text.libgcc.mul
                0x00000000        0x0 c:/program files (x86)/atmel/studio/7.0/toolchain/avr8/avr8-gnu-toolchain/bin/../lib/gcc/avr/4.9.2/avr51\libgcc.a(_divmodhi4.o)
 .text.libgcc   0x00000000        0x0 c:/program files (x86)/atmel/studio/7.0/toolchain/avr8/avr8-gnu-toolchain/bin/../lib/gcc/avr/4.9.2/avr51\libgcc.a(_divmodhi4.o)
 .text.libgcc.prologue
                0x00000000        0x0 c:/program files (x86)/atmel/studio/7.0/toolchain/avr8/avr8-gnu-toolchain/bin/../lib/gcc/avr/4.9.2/avr51\libgcc.a(_divmodhi4.o)
 .text.libgcc.builtins
                0x00000000        0x0 c:/program files (x86)/atmel/studio/7.0/toolchain/avr8/avr8-gnu-toolchain/bin/../lib/gcc/avr/4.9.2/avr51\libgcc.a(_divmodhi4.o)
 .text.libgcc.fmul
                0x00000000        0x0 c:/program files (x86)/atmel/studio/7.0/toolchain/avr8/avr8-gnu-toolchain/bin/../lib/gcc/avr/4.9.2/avr51\libgcc.a(_divmodhi4.o)
 .text.libgcc.fixed
                0x00000000        0x0 c:/program files (x86)/atmel/studio/7.0/toolchain/avr8/avr8-gnu-toolchain/bin/../lib/gcc/avr/4.9.2/avr51\libgcc.a(_divmodhi4.o)
 .text          0x00000000        0x0 c:/program files (x86)/atmel/studio/7.0/toolchain/avr8/avr8-gnu-toolchain/bin/../lib/gcc/avr/4.9.2/avr51\libgcc.a(_udivmodsi4.o)
 .data          0x00000000        0x0 c:/program files (x86)/atmel/studio/7.0/toolchain/avr8/avr8-gnu-toolchain/bin/../lib/gcc/avr/4.9.2/avr51\libgcc.a(_udivmodsi4.o)
 .bss           0x00000000        0x0 c:/program files (x86)/atmel/studio/7.0/toolchain/avr8/avr8-gnu-toolchain/bin/../lib/gcc/avr/4.9.2/avr51\libgcc.a(_udivmodsi4.o)
 .text.libgcc.mul
                0x00000000        0x0 c:/program files (x86)/atmel/studio/7.0/toolchain/avr8/avr8-gnu-toolchain/bin/../lib/gcc/avr/4.9.2/avr51\libgcc.a(_udivmodsi4.o)
 .text.libgcc   0x00000000        0x0 c:/program files (x86)/atmel/studio/7.0/toolchain/avr8/avr8-gnu-toolchain/bin/../lib/gcc/avr/4.9.2/avr51\libgcc.a(_udivmodsi4.o)
 .text.libgcc.prologue
                0x00000000        0x0 c:/program files (x86)/atmel/studio/7.0/toolchain/avr8/avr8-gnu-toolchain/bin/../lib/gcc/avr/4.9.2/avr51\libgcc.a(_udivmodsi4.o)
 .text.libgcc.builtins
                0x00000000        0x0 c:/program files (x86)/atmel/studio/7.0/toolchain/avr8/avr8-gnu-toolchain/bin/../lib/gcc/avr/4.9.2/avr51\libgcc.a(_udivmodsi4.o)
 .text.libgcc.fmul
                0x00000000        0x0 c:/program files (x86)/atmel/studio/7.0/toolchain/avr8/avr8-gnu-toolchain/bin/../lib/gcc/avr/4.9.2/avr51\libgcc.a(_udivmodsi4.o)
 .text.libgcc.fixed
                0x00000000        0x0 c:/program files (x86)/atmel/studio/7.0/toolchain/avr8/avr8-gnu-toolchain/bin/../lib/gcc/avr/4.9.2/avr51\libgcc.a(_udivmodsi4.o)
 .text          0x00000000        0x0 c:/program files (x86)/atmel/studio/7.0/toolchain/avr8/avr8-gnu-toolchain/bin/../lib/gcc/avr/4.9.2/avr51\libgcc.a(_exit.o)
 .data          0x00000000        0x0 c:/program files (x86)/atmel/studio/7.0/toolchain/avr8/avr8-gnu-toolchain/bin/../lib/gcc/avr/4.9.2/avr51\libgcc.a(_exit.o)
 .bss           0x00000000        0x0 c:/program files (x86)/atmel/studio/7.0/toolchain/avr8/avr8-gnu-toolchain/bin/../lib/gcc/avr/4.9.2/avr51\libgcc.a(_exit.o)
 .text.libgcc.mul
                0x00000000        0x0 c:/program files (x86)/atmel/studio/7.0/toolchain/avr8/avr8-gnu-toolchain/bin/../lib/gcc/avr/4.9.2/avr51\libgcc.a(_exit.o)
 .text.libgcc.div
                0x00000000        0x0 c:/program files (x86)/atmel/studio/7.0/toolchain/avr8/avr8-gnu-toolchain/bin/../lib/gcc/avr/4.9.2/avr51\libgcc.a(_exit.o)
 .text.libgcc   0x00000000        0x0 c:/program files (x86)/atmel/studio/7.0/toolchain/avr8/avr8-gnu-toolchain/bin/../lib/gcc/avr/4.9.2/avr51\libgcc.a(_exit.o)
 .text.libgcc.prologue
                0x00000000        0x0 c:/program files (x86)/atmel/studio/7.0/toolchain/avr8/avr8-gnu-toolchain/bin/../lib/gcc/avr/4.9.2/avr51\libgcc.a(_exit.o)
 .text.libgcc.builtins
                0x00000000        0x0 c:/program files (x86)/atmel/studio/7.0/toolchain/avr8/avr8-gnu-toolchain/bin/../lib/gcc/avr/4.9.2/avr51\libgcc.a(_exit.o)
 .text.libgcc.fmul
                0x00000000        0x0 c:/program files (x86)/atmel/studio/7.0/toolchain/avr8/avr8-gnu-toolchain/bin/../lib/gcc/avr/4.9.2/avr51\libgcc.a(_exit.o)
 .text.libgcc.fixed
                0x00000000        0x0 c:/program files (x86)/atmel/studio/7.0/toolchain/avr8/avr8-gnu-toolchain/bin/../lib/gcc/avr/4.9.2/avr51\libgcc.a(_exit.o)
 .text          0x00000000        0x0 c:/program files (x86)/atmel/studio/7.0/toolchain/avr8/avr8-gnu-toolchain/bin/../lib/gcc/avr/4.9.2/avr51\libgcc.a(_copy_data.o)
 .data          0x00000000        0x0 c:/program files (x86)/atmel/studio/7.0/toolchain/avr8/avr8-gnu-toolchain/bin/../lib/gcc/avr/4.9.2/avr51\libgcc.a(_copy_data.o)
 .bss           0x00000000        0x0 c:/program files (x86)/atmel/studio/7.0/toolchain/avr8/avr8-gnu-toolchain/bin/../lib/gcc/avr/4.9.2/avr51\libgcc.a(_copy_data.o)
 .text.libgcc.mul
                0x00000000        0x0 c:/program files (x86)/atmel/studio/7.0/toolchain/avr8/avr8-gnu-toolchain/bin/../lib/gcc/avr/4.9.2/avr51\libgcc.a(_copy_data.o)
 .text.libgcc.div
                0x00000000        0x0 c:/program files (x86)/atmel/studio/7.0/toolchain/avr8/avr8-gnu-toolchain/bin/../lib/gcc/avr/4.9.2/avr51\libgcc.a(_copy_data.o)
 .text.libgcc   0x00000000        0x0 c:/program files (x86)/atmel/studio/7.0/toolchain/avr8/avr8-gnu-toolchain/bin/../lib/gcc/avr/4.9.2/avr51\libgcc.a(_copy_data.o)
 .text.libgcc.prologue
                0x00000000        0x0 c:/program files (x86)/atmel/studio/7.0/toolchain/avr8/avr8-gnu-toolchain/bin/../lib/gcc/avr/4.9.2/avr51\libgcc.a(_copy_data.o)
 .text.libgcc.builtins
                0x00000000        0x0 c:/program files (x86)/atmel/studio/7.0/toolchain/avr8/avr8-gnu-toolchain/bin/../lib/gcc/avr/4.9.2/avr51\libgcc.a(_copy_data.o)
 .text.libgcc.fmul
                0x00000000        0x0 c:/program files (x86)/atmel/studio/7.0/toolchain/avr8/avr8-gnu-toolchain/bin/../lib/gcc/avr/4.9.2/avr51\libgcc.a(_copy_data.o)
 .text.libgcc.fixed
                0x00000000        0x0 c:/program files (x86)/atmel/studio/7.0/toolchain/avr8/avr8-gnu-toolchain/bin/../lib/gcc/avr/4.9.2/avr51\libgcc.a(_copy_data.o)
 .text          0x00000000        0x0 c:/program files (x86)/atmel/studio/7.0/toolchain/avr8/avr8-gnu-toolchain/bin/../lib/gcc/avr/4.9.2/avr51\libgcc.a(_clear_bss.o)
 .data          0x00000000        0x0 c:/program files (x86)/atmel/studio/7.0/toolchain/avr8/avr8-gnu-toolchain/bin/../lib/gcc/avr/4.9.2/avr51\libgcc.a(_clear_bss.o)
 .bss           0x00000000        0x0 c:/program files (x86)/atmel/studio/7.0/toolchain/avr8/avr8-gnu-toolchain/bin/../lib/gcc/avr/4.9.2/avr51\libgcc.a(_clear_bss.o)
 .text.libgcc.mul
                0x00000000        0x0 c:/program files (x86)/atmel/studio/7.0/toolchain/avr8/avr8-gnu-toolchain/bin/../lib/gcc/avr/4.9.2/avr51\libgcc.a(_clear_bss.o)
 .text.libgcc.div
                0x00000000        0x0 c:/program files (x86)/atmel/studio/7.0/toolchain/avr8/avr8-gnu-toolchain/bin/../lib/gcc/avr/4.9.2/avr51\libgcc.a(_clear_bss.o)
 .text.libgcc   0x00000000        0x0 c:/program files (x86)/atmel/studio/7.0/toolchain/avr8/avr8-gnu-toolchain/bin/../lib/gcc/avr/4.9.2/avr51\libgcc.a(_clear_bss.o)
 .text.libgcc.prologue
                0x00000000        0x0 c:/program files (x86)/atmel/studio/7.0/toolchain/avr8/avr8-gnu-toolchain/bin/../lib/gcc/avr/4.9.2/avr51\libgcc.a(_clear_bss.o)
 .text.libgcc.builtins
                0x00000000        0x0 c:/program files (x86)/atmel/studio/7.0/toolchain/avr8/avr8-gnu-toolchain/bin/../lib/gcc/avr/4.9.2/avr51\libgcc.a(_clear_bss.o)
 .text.libgcc.fmul
                0x00000000        0x0 c:/program files (x86)/atmel/studio/7.0/toolchain/avr8/avr8-gnu-toolchain/bin/../lib/gcc/avr/4.9.2/avr51\libgcc.a(_clear_bss.o)
 .text.libgcc.fixed
                0x00000000        0x0 c:/program files (x86)/atmel/studio/7.0/toolchain/avr8/avr8-gnu-toolchain/bin/../lib/gcc/avr/4.9.2/avr51\libgcc.a(_clear_bss.o)
 .text          0x00000000        0x0 c:/program files (x86)/atmel/studio/7.0/toolchain/avr8/avr8-gnu-toolchain/bin/../lib/gcc/avr/4.9.2/avr51\libgcc.a(_ctors.o)
 .data          0x00000000        0x0 c:/program files (x86)/atmel/studio/7.0/toolchain/avr8/avr8-gnu-toolchain/bin/../lib/gcc/avr/4.9.2/avr51\libgcc.a(_ctors.o)
 .bss           0x00000000        0x0 c:/program files (x86)/atmel/studio/7.0/toolchain/avr8/avr8-gnu-toolchain/bin/../lib/gcc/avr/4.9.2/avr51\libgcc.a(_ctors.o)
 .text.libgcc.mul
                0x00000000        0x0 c:/program files (x86)/atmel/studio/7.0/toolchain/avr8/avr8-gnu-toolchain/bin/../lib/gcc/avr/4.9.2/avr51\libgcc.a(_ctors.o)
 .text.libgcc.div
                0x00000000        0x0 c:/program files (x86)/atmel/studio/7.0/toolchain/avr8/avr8-gnu-toolchain/bin/../lib/gcc/avr/4.9.2/avr51\libgcc.a(_ctors.o)
 .text.libgcc   0x00000000        0x0 c:/program files (x86)/atmel/studio/7.0/toolchain/avr8/avr8-gnu-toolchain/bin/../lib/gcc/avr/4.9.2/avr51\libgcc.a(_ctors.o)
 .text.libgcc.prologue
                0x00000000        0x0 c:/program files (x86)/atmel/studio/7.0/toolchain/avr8/avr8-gnu-toolchain/bin/../lib/gcc/avr/4.9.2/avr51\libgcc.a(_ctors.o)
 .text.libgcc.builtins
                0x00000000        0x0 c:/program files (x86)/atmel/studio/7.0/toolchain/avr8/avr8-gnu-toolchain/bin/../lib/gcc/avr/4.9.2/avr51\libgcc.a(_ctors.o)
 .text.libgcc.fmul
                0x00000000        0x0 c:/program files (x86)/atmel/studio/7.0/toolchain/avr8/avr8-gnu-toolchain/bin/../lib/gcc/avr/4.9.2/avr51\libgcc.a(_ctors.o)
 .text.libgcc.fixed
                0x00000000        0x0 c:/program files (x86)/atmel/studio/7.0/toolchain/avr8/avr8-gnu-toolchain/bin/../lib/gcc/avr/4.9.2/avr51\libgcc.a(_ctors.o)
 .text          0x00000000        0x0 c:/program files (x86)/atmel/studio/7.0/toolchain/avr8/avr8-gnu-toolchain/bin/../lib/gcc/avr/4.9.2/avr51\libgcc.a(_umulhisi3.o)
 .data          0x00000000        0x0 c:/program files (x86)/atmel/studio/7.0/toolchain/avr8/avr8-gnu-toolchain/bin/../lib/gcc/avr/4.9.2/avr51\libgcc.a(_umulhisi3.o)
 .bss           0x00000000        0x0 c:/program files (x86)/atmel/studio/7.0/toolchain/avr8/avr8-gnu-toolchain/bin/../lib/gcc/avr/4.9.2/avr51\libgcc.a(_umulhisi3.o)
 .text.libgcc.div
                0x00000000        0x0 c:/program files (x86)/atmel/studio/7.0/toolchain/avr8/avr8-gnu-toolchain/bin/../lib/gcc/avr/4.9.2/avr51\libgcc.a(_umulhisi3.o)
 .text.libgcc   0x00000000        0x0 c:/program files (x86)/atmel/studio/7.0/toolchain/avr8/avr8-gnu-toolchain/bin/../lib/gcc/avr/4.9.2/avr51\libgcc.a(_umulhisi3.o)
 .text.libgcc.prologue
                0x00000000        0x0 c:/program files (x86)/atmel/studio/7.0/toolchain/avr8/avr8-gnu-toolchain/bin/../lib/gcc/avr/4.9.2/avr51\libgcc.a(_umulhisi3.o)
 .text.libgcc.builtins
                0x00000000        0x0 c:/program files (x86)/atmel/studio/7.0/toolchain/avr8/avr8-gnu-toolchain/bin/../lib/gcc/avr/4.9.2/avr51\libgcc.a(_umulhisi3.o)
 .text.libgcc.fmul
                0x00000000        0x0 c:/program files (x86)/atmel/studio/7.0/toolchain/avr8/avr8-gnu-toolchain/bin/../lib/gcc/avr/4.9.2/avr51\libgcc.a(_umulhisi3.o)
 .text.libgcc.fixed
                0x00000000        0x0 c:/program files (x86)/atmel/studio/7.0/toolchain/avr8/avr8-gnu-toolchain/bin/../lib/gcc/avr/4.9.2/avr51\libgcc.a(_umulhisi3.o)
 .text          0x00000000        0x0 c:/program files (x86)/atmel/studio/7.0/toolchain/avr8/avr8-gnu-toolchain/bin/../lib/gcc/avr/4.9.2/avr51\libgcc.a(_muluhisi3.o)
 .data          0x00000000        0x0 c:/program files (x86)/atmel/studio/7.0/toolchain/avr8/avr8-gnu-toolchain/bin/../lib/gcc/avr/4.9.2/avr51\libgcc.a(_muluhisi3.o)
 .bss           0x00000000        0x0 c:/program files (x86)/atmel/studio/7.0/toolchain/avr8/avr8-gnu-toolchain/bin/../lib/gcc/avr/4.9.2/avr51\libgcc.a(_muluhisi3.o)
 .text.libgcc.div
                0x00000000        0x0 c:/program files (x86)/atmel/studio/7.0/toolchain/avr8/avr8-gnu-toolchain/bin/../lib/gcc/avr/4.9.2/avr51\libgcc.a(_muluhisi3.o)
 .text.libgcc   0x00000000        0x0 c:/program files (x86)/atmel/studio/7.0/toolchain/avr8/avr8-gnu-toolchain/bin/../lib/gcc/avr/4.9.2/avr51\libgcc.a(_muluhisi3.o)
 .text.libgcc.prologue
                0x00000000        0x0 c:/program files (x86)/atmel/studio/7.0/toolchain/avr8/avr8-gnu-toolchain/bin/../lib/gcc/avr/4.9.2/avr51\libgcc.a(_muluhisi3.o)
 .text.libgcc.builtins
                0x00000000        0x0 c:/program files (x86)/atmel/studio/7.0/toolchain/avr8/avr8-gnu-toolchain/bin/../lib/gcc/avr/4.9.2/avr51\libgcc.a(_muluhisi3.o)
 .text.libgcc.fmul
                0x00000000        0x0 c:/program files (x86)/atmel/studio/7.0/toolchain/avr8/avr8-gnu-toolchain/bin/../lib/gcc/avr/4.9.2/avr51\libgcc.a(_muluhisi3.o)
 .text.libgcc.fixed
                0x00000000        0x0 c:/program files (x86)/atmel/studio/7.0/toolchain/avr8/avr8-gnu-toolchain/bin/../lib/gcc/avr/4.9.2/avr51\libgcc.a(_muluhisi3.o)
 .text          0x00000000        0x0 c:/program files (x86)/atmel/studio/7.0/toolchain/avr8/avr8-gnu-toolchain/bin/../lib/gcc/avr/4.9.2/avr51\libgcc.a(_udivmodhi4.o)
 .data          0x00000000        0x0 c:/program files (x86)/atmel/studio/7.0/toolchain/avr8/avr8-gnu-toolchain/bin/../lib/gcc/avr/4.9.2/avr51\libgcc.a(_udivmodhi4.o)
 .bss           0x00000000        0x0 c:/program files (x86)/atmel/studio/7.0/toolchain/avr8/avr8-gnu-toolchain/bin/../lib/gcc/avr/4.9.2/avr51\libgcc.a(_udivmodhi4.o)
 .text.libgcc.mul
                0x00000000        0x0 c:/program files (x86)/atmel/studio/7.0/toolchain/avr8/avr8-gnu-toolchain/bin/../lib/gcc/avr/4.9.2/avr51\libgcc.a(_udivmodhi4.o)
 .text.libgcc   0x00000000        0x0 c:/program files (x86)/atmel/studio/7.0/toolchain/avr8/avr8-gnu-toolchain/bin/../lib/gcc/avr/4.9.2/avr51\libgcc.a(_udivmodhi4.o)
 .text.libgcc.prologue
                0x00000000        0x0 c:/program files (x86)/atmel/studio/7.0/toolchain/avr8/avr8-gnu-toolchain/bin/../lib/gcc/avr/4.9.2/avr51\libgcc.a(_udivmodhi4.o)
 .text.libgcc.builtins
                0x00000000        0x0 c:/program files (x86)/atmel/studio/7.0/toolchain/avr8/avr8-gnu-toolchain/bin/../lib/gcc/avr/4.9.2/avr51\libgcc.a(_udivmodhi4.o)
 .text.libgcc.fmul
                0x00000000        0x0 c:/program files (x86)/atmel/studio/7.0/toolchain/avr8/avr8-gnu-toolchain/bin/../lib/gcc/avr/4.9.2/avr51\libgcc.a(_udivmodhi4.o)
 .text.libgcc.fixed
                0x00000000        0x0 c:/program files (x86)/atmel/studio/7.0/toolchain/avr8/avr8-gnu-toolchain/bin/../lib/gcc/avr/4.9.2/avr51\libgcc.a(_udivmodhi4.o)
 .text          0x00000000        0x0 c:/program files (x86)/atmel/studio/7.0/toolchain/avr8/avr8-gnu-toolchain/bin/../lib/gcc/avr/4.9.2/avr51\libgcc.a(_tablejump2.o)
 .data          0x00000000        0x0 c:/program files (x86)/atmel/studio/7.0/toolchain/avr8/avr8-gnu-toolchain/bin/../lib/gcc/avr/4.9.2/avr51\libgcc.a(_tablejump2.o)
 .bss           0x00000000        0x0 c:/program files (x86)/atmel/studio/7.0/toolchain/avr8/avr8-gnu-toolchain/bin/../lib/gcc/avr/4.9.2/avr51\libgcc.a(_tablejump2.o)
 .text.libgcc.mul
                0x00000000        0x0 c:/program files (x86)/atmel/studio/7.0/toolchain/avr8/avr8-gnu-toolchain/bin/../lib/gcc/avr/4.9.2/avr51\libgcc.a(_tablejump2.o)
 .text.libgcc.div
                0x00000000        0x0 c:/program files (x86)/atmel/studio/7.0/toolchain/avr8/avr8-gnu-toolchain/bin/../lib/gcc/avr/4.9.2/avr51\libgcc.a(_tablejump2.o)
 .text.libgcc.prologue
                0x00000000        0x0 c:/program files (x86)/atmel/studio/7.0/toolchain/avr8/avr8-gnu-toolchain/bin/../lib/gcc/avr/4.9.2/avr51\libgcc.a(_tablejump2.o)
 .text.libgcc.builtins
                0x00000000        0x0 c:/program files (x86)/atmel/studio/7.0/toolchain/avr8/avr8-gnu-toolchain/bin/../lib/gcc/avr/4.9.2/avr51\libgcc.a(_tablejump2.o)
 .text.libgcc.fmul
                0x00000000        0x0 c:/program files (x86)/atmel/studio/7.0/toolchain/avr8/avr8-gnu-toolchain/bin/../lib/gcc/avr/4.9.2/avr51\libgcc.a(_tablejump2.o)
 .text.libgcc.fixed
                0x00000000        0x0 c:/program files (x86)/atmel/studio/7.0/toolchain/avr8/avr8-gnu-toolchain/bin/../lib/gcc/avr/4.9.2/avr51\libgcc.a(_tablejump2.o)
 .text          0x00000000        0x0 c:/program files (x86)/atmel/studio/7.0/toolchain/avr8/avr8-gnu-toolchain/bin/../lib/gcc/avr/4.9.2/../../../../avr/lib/avr51\libc.a(memcpy.o)
 .data          0x00000000        0x0 c:/program files (x86)/atmel/studio/7.0/toolchain/avr8/avr8-gnu-toolchain/bin/../lib/gcc/avr/4.9.2/../../../../avr/lib/avr51\libc.a(memcpy.o)
 .bss           0x00000000        0x0 c:/program files (x86)/atmel/studio/7.0/toolchain/avr8/avr8-gnu-toolchain/bin/../lib/gcc/avr/4.9.2/../../../../avr/lib/avr51\libc.a(memcpy.o)
 .text          0x00000000        0x0 c:/program files (x86)/atmel/studio/7.0/toolchain/avr8/avr8-gnu-toolchain/bin/../lib/gcc/avr/4.9.2/../../../../avr/lib/avr51\libc.a(strlen.o)
 .data          0x00000000        0x0 c:/program files (x86)/atmel/studio/7.0/toolchain/avr8/avr8-gnu-toolchain/bin/../lib/gcc/avr/4.9.2/../../../../avr/lib/avr51\libc.a(strlen.o)
 .bss           0x00000000        0x0 c:/program files (x86)/atmel/studio/7.0/toolchain/avr8/avr8-gnu-toolchain/bin/../lib/gcc/avr/4.9.2/../../../../avr/lib/avr51\libc.a(strlen.o)

Memory Configuration

Name             Origin             Length             Attributes
text             0x00000000         0x00020000         xr
data             0x00800100         0x0000ff00         rw !x
eeprom           0x00810000         0x00010000         rw !x
fuse             0x00820000         0x00000400         rw !x
lock             0x00830000         0x00000400         rw !x
signature        0x00840000         0x00000400         rw !x
user_signatures  0x00850000         0x00000400         rw !x
*default*        0x00000000         0xffffffff

Linker script and memory map

Address of section .data set to 0x800100
LOAD C:/Program Files (x86)/Atmel/Studio/7.0/Packs/atmel/ATmega_DFP/1.0.90/gcc/dev/atmega1284p/avr51/crtatmega1284p.o
LOAD SOURCES/bat.o
LOAD SOURCES/but.o
LOAD SOURCES/headsup.o
LOAD SOURCES/lcd.o
LOAD SOURCES/led.o
LOAD SOURCES/rtc.o
LOAD SOURCES/time.o
START GROUP
LOAD c:/program files (x86)/atmel/studio/7.0/toolchain/avr8/avr8-gnu-toolchain/bin/../lib/gcc/avr/4.9.2/../../../../avr/lib/avr51\libm.a
END GROUP
LOAD c:/program files (x86)/atmel/studio/7.0/toolchain/avr8/avr8-gnu-toolchain/bin/../lib/gcc/avr/4.9.2/avr51\libgcc.a
LOAD c:/program files (x86)/atmel/studio/7.0/toolchain/avr8/avr8-gnu-toolchain/bin/../lib/gcc/avr/4.9.2/../../../../avr/lib/avr51\libm.a
START GROUP
LOAD c:/program files (x86)/atmel/studio/7.0/toolchain/avr8/avr8-gnu-toolchain/bin/../lib/gcc/avr/4.9.2/avr51\libgcc.a
LOAD c:/program files (x86)/atmel/studio/7.0/toolchain/avr8/avr8-gnu-toolchain/bin/../lib/gcc/avr/4.9.2/../../../../avr/lib/avr51\libm.a
LOAD c:/program files (x86)/atmel/studio/7.0/toolchain/avr8/avr8-gnu-toolchain/bin/../lib/gcc/avr/4.9.2/../../../../avr/lib/avr51\libc.a
LOAD C:/Program Files (x86)/Atmel/Studio/7.0/Packs/atmel/ATmega_DFP/1.0.90/gcc/dev/atmega1284p/avr51\libatmega1284p.a
END GROUP

.hash
 *(.hash)

.dynsym
 *(.dynsym)

.dynstr
 *(.dynstr)

.gnu.version
 *(.gnu.version)

.gnu.version_d
 *(.gnu.version_d)

.gnu.version_r
 *(.gnu.version_r)

.rel.init
 *(.rel.init)

.rela.init
 *(.rela.init)

.rel.text
 *(.rel.text)
 *(.rel.text.*)
 *(.rel.gnu.linkonce.t*)

.rela.text
 *(.rela.text)
 *(.rela.text.*)
 *(.rela.gnu.linkonce.t*)

.rel.fini
 *(.rel.fini)

.rela.fini
 *(.rela.fini)

.rel.rodata
 *(.rel.rodata)
 *(.rel.rodata.*)
 *(.rel.gnu.linkonce.r*)

.rela.rodata
 *(.rela.rodata)
 *(.rela.rodata.*)
 *(.rela.gnu.linkonce.r*)

.rel.data
 *(.rel.data)
 *(.rel.data.*)
 *(.rel.gnu.linkonce.d*)

.rela.data
 *(.rela.data)
 *(.rela.data.*)
 *(.rela.gnu.linkonce.d*)

.rel.ctors
 *(.rel.ctors)

.rela.ctors
 *(.rela.ctors)

.rel.dtors
 *(.rel.dtors)

.rela.dtors
 *(.rela.dtors)

.rel.got
 *(.rel.got)

.rela.got
 *(.rela.got)

.rel.bss
 *(.rel.bss)

.rela.bss
 *(.rela.bss)

.rel.plt
 *(.rel.plt)

.rela.plt
 *(.rela.plt)

.text           0x00000000     0x361c
 *(.vectors)
 .vectors       0x00000000       0x8c C:/Program Files (x86)/Atmel/Studio/7.0/Packs/atmel/ATmega_DFP/1.0.90/gcc/dev/atmega1284p/avr51/crtatmega1284p.o
                0x00000000                __vector_default
                0x00000000                __vectors
 *(.vectors)
 *(.progmem.gcc*)
                0x0000008c                . = ALIGN (0x2)
                0x0000008c                __trampolines_start = .
 *(.trampolines)
 .trampolines   0x0000008c        0x0 linker stubs
 *(.trampolines*)
                0x0000008c                __trampolines_end = .
 *(.progmem*)
                0x0000008c                . = ALIGN (0x2)
 *(.jumptables)
 *(.jumptables*)
 *(.lowtext)
 *(.lowtext*)
                0x0000008c                __ctors_start = .
 *(.ctors)
 .ctors         0x0000008c        0x2 SOURCES/headsup.o
                0x0000008e                __ctors_end = .
                0x0000008e                __dtors_start = .
 *(.dtors)
                0x0000008e                __dtors_end = .
 SORT(*)(.ctors)
 SORT(*)(.dtors)
 *(.init0)
 .init0         0x0000008e        0x0 C:/Program Files (x86)/Atmel/Studio/7.0/Packs/atmel/ATmega_DFP/1.0.90/gcc/dev/atmega1284p/avr51/crtatmega1284p.o
                0x0000008e                __init
 *(.init0)
 *(.init1)
 *(.init1)
 *(.init2)
 .init2         0x0000008e        0xc C:/Program Files (x86)/Atmel/Studio/7.0/Packs/atmel/ATmega_DFP/1.0.90/gcc/dev/atmega1284p/avr51/crtatmega1284p.o
 *(.init2)
 *(.init3)
 *(.init3)
 *(.init4)
 .init4         0x0000009a       0x1a c:/program files (x86)/atmel/studio/7.0/toolchain/avr8/avr8-gnu-toolchain/bin/../lib/gcc/avr/4.9.2/avr51\libgcc.a(_copy_data.o)
                0x0000009a                __do_copy_data
 .init4         0x000000b4       0x10 c:/program files (x86)/atmel/studio/7.0/toolchain/avr8/avr8-gnu-toolchain/bin/../lib/gcc/avr/4.9.2/avr51\libgcc.a(_clear_bss.o)
                0x000000b4                __do_clear_bss
 *(.init4)
 *(.init5)
 *(.init5)
 *(.init6)
 .init6         0x000000c4       0x16 c:/program files (x86)/atmel/studio/7.0/toolchain/avr8/avr8-gnu-toolchain/bin/../lib/gcc/avr/4.9.2/avr51\libgcc.a(_ctors.o)
                0x000000c4                __do_global_ctors
 *(.init6)
 *(.init7)
 *(.init7)
 *(.init8)
 *(.init8)
 *(.init9)
 .init9         0x000000da        0x6 C:/Program Files (x86)/Atmel/Studio/7.0/Packs/atmel/ATmega_DFP/1.0.90/gcc/dev/atmega1284p/avr51/crtatmega1284p.o
 *(.init9)
 *(.text)
 .text          0x000000e0        0x2 C:/Program Files (x86)/Atmel/Studio/7.0/Packs/atmel/ATmega_DFP/1.0.90/gcc/dev/atmega1284p/avr51/crtatmega1284p.o
                0x000000e0                __vector_22
                0x000000e0                __vector_28
                0x000000e0                __vector_1
                0x000000e0                __vector_32
                0x000000e0                __vector_34
                0x000000e0                __vector_24
                0x000000e0                __vector_12
                0x000000e0                __bad_interrupt
                0x000000e0                __vector_6
                0x000000e0                __vector_31
                0x000000e0                __vector_3
                0x000000e0                __vector_23
                0x000000e0                __vector_30
                0x000000e0                __vector_25
                0x000000e0                __vector_11
                0x000000e0                __vector_13
                0x000000e0                __vector_17
                0x000000e0                __vector_19
                0x000000e0                __vector_7
                0x000000e0                __vector_27
                0x000000e0                __vector_33
                0x000000e0                __vector_9
                0x000000e0                __vector_2
                0x000000e0                __vector_21
                0x000000e0                __vector_15
                0x000000e0                __vector_29
                0x000000e0                __vector_8
                0x000000e0                __vector_26
                0x000000e0                __vector_14
                0x000000e0                __vector_10
                0x000000e0                __vector_16
                0x000000e0                __vector_18
                0x000000e0                __vector_20
                0x000000e2                . = ALIGN (0x2)
 *(.text.*)
 .text._ZN3batC2Ev
                0x000000e2       0x4e SOURCES/bat.o
                0x000000e2                _ZN3batC2Ev
                0x000000e2                _ZN3batC1Ev
 .text._ZN3bat6ENABLEEv
                0x00000130       0x3c SOURCES/bat.o
                0x00000130                _ZN3bat6ENABLEEv
 .text._ZN3bat7DISABLEEv
                0x0000016c       0x2a SOURCES/bat.o
                0x0000016c                _ZN3bat7DISABLEEv
 .text._ZN3bat3getEv
                0x00000196      0x100 SOURCES/bat.o
                0x00000196                _ZN3bat3getEv
 .text.__vector_5
                0x00000296      0x302 SOURCES/but.o
                0x00000296                __vector_5
 .text._ZN3rtc3getEv
                0x00000598       0xea SOURCES/headsup.o
                0x00000598                _ZN3rtc3getEv
 .text._ZN3rtc3setEP8rtc_time
                0x00000682       0x30 SOURCES/headsup.o
                0x00000682                _ZN3rtc3setEP8rtc_time
 .text.main     0x000006b2       0x80 SOURCES/headsup.o
                0x000006b2                main
 .text._Z12HeadsUp_Initv
                0x00000732       0xa2 SOURCES/headsup.o
                0x00000732                _Z12HeadsUp_Initv
 .text._Z12Enable_PCINTh
                0x000007d4      0x2f2 SOURCES/headsup.o
                0x000007d4                _Z12Enable_PCINTh
 .text._Z14Test_On_PortA0v
                0x00000ac6      0x236 SOURCES/headsup.o
                0x00000ac6                _Z14Test_On_PortA0v
 .text.__vector_4
                0x00000cfc      0x354 SOURCES/headsup.o
                0x00000cfc                __vector_4
 .text._Z9Menu_Mainv
                0x00001050      0x2a4 SOURCES/headsup.o
                0x00001050                _Z9Menu_Mainv
 .text._Z15build_menu_mainPA16_KcPhhhhh
                0x000012f4      0x3ae SOURCES/headsup.o
                0x000012f4                _Z15build_menu_mainPA16_KcPhhhhh
 .text._Z41__static_initialization_and_destruction_0ii
                0x000016a2       0x4c SOURCES/headsup.o
 .text._GLOBAL__sub_I_rtcDS
                0x000016ee       0x18 SOURCES/headsup.o
 .text._ZN3lcdC2Ev
                0x00001706      0x120 SOURCES/lcd.o
                0x00001706                _ZN3lcdC1Ev
                0x00001706                _ZN3lcdC2Ev
 .text._ZN3lcd8TWI_INITEv
                0x00001826       0x58 SOURCES/lcd.o
                0x00001826                _ZN3lcd8TWI_INITEv
 .text._ZN3lcd16TWI_CHECK_STATUSEh
                0x0000187e       0x34 SOURCES/lcd.o
                0x0000187e                _ZN3lcd16TWI_CHECK_STATUSEh
 .text._ZN3lcd16TWI_CLEAR_ENABLEEv
                0x000018b2       0x22 SOURCES/lcd.o
                0x000018b2                _ZN3lcd16TWI_CLEAR_ENABLEEv
 .text._ZN3lcd8TWI_STOPEv
                0x000018d4       0x22 SOURCES/lcd.o
                0x000018d4                _ZN3lcd8TWI_STOPEv
 .text._ZN3lcd9TWI_STARTEv
                0x000018f6       0x40 SOURCES/lcd.o
                0x000018f6                _ZN3lcd9TWI_STARTEv
 .text._ZN3lcd12TWI_TRANSMITEhh
                0x00001936       0x50 SOURCES/lcd.o
                0x00001936                _ZN3lcd12TWI_TRANSMITEhh
 .text._ZN3lcd4SHOWEPh
                0x00001986       0x7c SOURCES/lcd.o
                0x00001986                _ZN3lcd4SHOWEPh
 .text._ZN3lcd17SELECT_LCD_LINE_1Ev
                0x00001a02       0x42 SOURCES/lcd.o
                0x00001a02                _ZN3lcd17SELECT_LCD_LINE_1Ev
 .text._ZN3lcd17SELECT_LCD_LINE_2Ev
                0x00001a44       0x42 SOURCES/lcd.o
                0x00001a44                _ZN3lcd17SELECT_LCD_LINE_2Ev
 .text._ZN3lcd5CGRAMEv
                0x00001a86      0x1b2 SOURCES/lcd.o
                0x00001a86                _ZN3lcd5CGRAMEv
 .text._ZN3lcd4INITEv
                0x00001c38      0x46e SOURCES/lcd.o
                0x00001c38                _ZN3lcd4INITEv
 .text._ZN3lcd12SHOW_WELCOMEEv
                0x000020a6      0x152 SOURCES/lcd.o
                0x000020a6                _ZN3lcd12SHOW_WELCOMEEv
 .text._ZN3lcd5printEPhh
                0x000021f8      0x222 SOURCES/lcd.o
                0x000021f8                _ZN3lcd5printEPhh
 .text._ZN3ledC2Ev
                0x0000241a       0x4a SOURCES/led.o
                0x0000241a                _ZN3ledC1Ev
                0x0000241a                _ZN3ledC2Ev
 .text._ZN3led6ENABLEEv
                0x00002464       0x3e SOURCES/led.o
                0x00002464                _ZN3led6ENABLEEv
 .text._ZN3led3setEh
                0x000024a2      0x15c SOURCES/led.o
                0x000024a2                _ZN3led3setEh
 .text._ZN3rtcC2Ev
                0x000025fe       0xa6 SOURCES/rtc.o
                0x000025fe                _ZN3rtcC2Ev
                0x000025fe                _ZN3rtcC1Ev
 .text._ZN3rtc10spi_selectEv
                0x000026a4       0x3c SOURCES/rtc.o
                0x000026a4                _ZN3rtc10spi_selectEv
 .text._ZN3rtc12spi_deselectEv
                0x000026e0       0x2a SOURCES/rtc.o
                0x000026e0                _ZN3rtc12spi_deselectEv
 .text._ZN3rtc8i2c_initEv
                0x0000270a       0x4a SOURCES/rtc.o
                0x0000270a                _ZN3rtc8i2c_initEv
 .text._ZN3rtc19spi_master_transmitEh
                0x00002754       0x46 SOURCES/rtc.o
                0x00002754                _ZN3rtc19spi_master_transmitEh
 .text._ZN3rtc10read_blockEhPhj
                0x0000279a       0x84 SOURCES/rtc.o
                0x0000279a                _ZN3rtc10read_blockEhPhj
 .text._ZN3rtc11write_blockEhPhj
                0x0000281e       0xee SOURCES/rtc.o
                0x0000281e                _ZN3rtc11write_blockEhPhj
 .text._ZN3rtc8get_timeEv
                0x0000290c       0xda SOURCES/rtc.o
                0x0000290c                _ZN3rtc8get_timeEv
 .text._ZN3rtc8set_timeEP8rtc_time
                0x000029e6       0x32 SOURCES/rtc.o
                0x000029e6                _ZN3rtc8set_timeEP8rtc_time
 .text._ZN3rtc11rtm_to_charE8rtc_timePhj
                0x00002a18      0x522 SOURCES/rtc.o
                0x00002a18                _ZN3rtc11rtm_to_charE8rtc_timePhj
 .text._ZN3rtc8alarm_onEh
                0x00002f3a       0xb6 SOURCES/rtc.o
                0x00002f3a                _ZN3rtc8alarm_onEh
 .text._ZN3rtc9alarm_offEh
                0x00002ff0       0xb6 SOURCES/rtc.o
                0x00002ff0                _ZN3rtc9alarm_offEh
 .text._ZN3rtc14clear_interuptEh
                0x000030a6       0x7e SOURCES/rtc.o
                0x000030a6                _ZN3rtc14clear_interuptEh
 .text._ZN3rtc5alarmEhh9rtc_alarm
                0x00003124       0x98 SOURCES/rtc.o
                0x00003124                _ZN3rtc5alarmEhh9rtc_alarm
 .text.avr-libc.fplib
                0x000031bc        0x8 c:/program files (x86)/atmel/studio/7.0/toolchain/avr8/avr8-gnu-toolchain/bin/../lib/gcc/avr/4.9.2/../../../../avr/lib/avr51\libm.a(cmpsf2.o)
                0x000031bc                __nesf2
                0x000031bc                __eqsf2
                0x000031bc                __cmpsf2
                0x000031bc                __ltsf2
                0x000031bc                __lesf2
 .text.avr-libc.fplib
                0x000031c4        0x4 c:/program files (x86)/atmel/studio/7.0/toolchain/avr8/avr8-gnu-toolchain/bin/../lib/gcc/avr/4.9.2/../../../../avr/lib/avr51\libm.a(divsf3.o)
                0x000031c4                __divsf3
 .text.avr-libc.fplib
                0x000031c8       0xcc c:/program files (x86)/atmel/studio/7.0/toolchain/avr8/avr8-gnu-toolchain/bin/../lib/gcc/avr/4.9.2/../../../../avr/lib/avr51\libm.a(divsf3x.o)
                0x000031de                __divsf3x
                0x000031e2                __divsf3_pse
 .text.avr-libc.fplib
                0x00003294       0x58 c:/program files (x86)/atmel/studio/7.0/toolchain/avr8/avr8-gnu-toolchain/bin/../lib/gcc/avr/4.9.2/../../../../avr/lib/avr51\libm.a(fixunssfsi.o)
                0x00003294                __fixunssfsi
 .text.avr-libc.fplib
                0x000032ec       0x7a c:/program files (x86)/atmel/studio/7.0/toolchain/avr8/avr8-gnu-toolchain/bin/../lib/gcc/avr/4.9.2/../../../../avr/lib/avr51\libm.a(floatsisf.o)
                0x000032ec                __floatunsisf
                0x000032f0                __floatsisf
 .text.avr-libc.fplib
                0x00003366       0x48 c:/program files (x86)/atmel/studio/7.0/toolchain/avr8/avr8-gnu-toolchain/bin/../lib/gcc/avr/4.9.2/../../../../avr/lib/avr51\libm.a(fp_cmp.o)
                0x00003366                __fp_cmp
 .text.avr-libc.fplib
                0x000033ae        0xc c:/program files (x86)/atmel/studio/7.0/toolchain/avr8/avr8-gnu-toolchain/bin/../lib/gcc/avr/4.9.2/../../../../avr/lib/avr51\libm.a(fp_inf.o)
                0x000033ae                __fp_inf
 .text.avr-libc.fplib
                0x000033ba        0x6 c:/program files (x86)/atmel/studio/7.0/toolchain/avr8/avr8-gnu-toolchain/bin/../lib/gcc/avr/4.9.2/../../../../avr/lib/avr51\libm.a(fp_nan.o)
                0x000033ba                __fp_nan
 .text.avr-libc.fplib
                0x000033c0        0xe c:/program files (x86)/atmel/studio/7.0/toolchain/avr8/avr8-gnu-toolchain/bin/../lib/gcc/avr/4.9.2/../../../../avr/lib/avr51\libm.a(fp_pscA.o)
                0x000033c0                __fp_pscA
 .text.avr-libc.fplib
                0x000033ce        0xe c:/program files (x86)/atmel/studio/7.0/toolchain/avr8/avr8-gnu-toolchain/bin/../lib/gcc/avr/4.9.2/../../../../avr/lib/avr51\libm.a(fp_pscB.o)
                0x000033ce                __fp_pscB
 .text.avr-libc.fplib
                0x000033dc       0x22 c:/program files (x86)/atmel/studio/7.0/toolchain/avr8/avr8-gnu-toolchain/bin/../lib/gcc/avr/4.9.2/../../../../avr/lib/avr51\libm.a(fp_round.o)
                0x000033dc                __fp_round
 .text.avr-libc.fplib
                0x000033fe       0x44 c:/program files (x86)/atmel/studio/7.0/toolchain/avr8/avr8-gnu-toolchain/bin/../lib/gcc/avr/4.9.2/../../../../avr/lib/avr51\libm.a(fp_split3.o)
                0x000033fe                __fp_split3
                0x0000340e                __fp_splitA
 .text.avr-libc.fplib
                0x00003442        0xe c:/program files (x86)/atmel/studio/7.0/toolchain/avr8/avr8-gnu-toolchain/bin/../lib/gcc/avr/4.9.2/../../../../avr/lib/avr51\libm.a(fp_zero.o)
                0x00003442                __fp_zero
                0x00003444                __fp_szero
 .text.avr-libc.fplib
                0x00003450        0x8 c:/program files (x86)/atmel/studio/7.0/toolchain/avr8/avr8-gnu-toolchain/bin/../lib/gcc/avr/4.9.2/../../../../avr/lib/avr51\libm.a(gesf2.o)
                0x00003450                __gesf2
                0x00003450                __gtsf2
 .text.avr-libc.fplib
                0x00003458        0x4 c:/program files (x86)/atmel/studio/7.0/toolchain/avr8/avr8-gnu-toolchain/bin/../lib/gcc/avr/4.9.2/../../../../avr/lib/avr51\libm.a(mulsf3.o)
                0x00003458                __mulsf3
 .text.avr-libc.fplib
                0x0000345c       0xc2 c:/program files (x86)/atmel/studio/7.0/toolchain/avr8/avr8-gnu-toolchain/bin/../lib/gcc/avr/4.9.2/../../../../avr/lib/avr51\libm.a(mulsf3x.o)
                0x00003470                __mulsf3x
                0x00003474                __mulsf3_pse
 .text.libgcc.div
                0x0000351e       0x26 c:/program files (x86)/atmel/studio/7.0/toolchain/avr8/avr8-gnu-toolchain/bin/../lib/gcc/avr/4.9.2/avr51\libgcc.a(_divmodhi4.o)
                0x0000351e                _div
                0x0000351e                __divmodhi4
 .text.libgcc.div
                0x00003544       0x44 c:/program files (x86)/atmel/studio/7.0/toolchain/avr8/avr8-gnu-toolchain/bin/../lib/gcc/avr/4.9.2/avr51\libgcc.a(_udivmodsi4.o)
                0x00003544                __udivmodsi4
 .text.libgcc.mul
                0x00003588       0x1e c:/program files (x86)/atmel/studio/7.0/toolchain/avr8/avr8-gnu-toolchain/bin/../lib/gcc/avr/4.9.2/avr51\libgcc.a(_umulhisi3.o)
                0x00003588                __umulhisi3
 .text.libgcc.mul
                0x000035a6       0x14 c:/program files (x86)/atmel/studio/7.0/toolchain/avr8/avr8-gnu-toolchain/bin/../lib/gcc/avr/4.9.2/avr51\libgcc.a(_muluhisi3.o)
                0x000035a6                __muluhisi3
 .text.libgcc.div
                0x000035ba       0x28 c:/program files (x86)/atmel/studio/7.0/toolchain/avr8/avr8-gnu-toolchain/bin/../lib/gcc/avr/4.9.2/avr51\libgcc.a(_udivmodhi4.o)
                0x000035ba                __udivmodhi4
 .text.libgcc   0x000035e2       0x12 c:/program files (x86)/atmel/studio/7.0/toolchain/avr8/avr8-gnu-toolchain/bin/../lib/gcc/avr/4.9.2/avr51\libgcc.a(_tablejump2.o)
                0x000035e2                __tablejump2__
 .text.avr-libc
                0x000035f4       0x12 c:/program files (x86)/atmel/studio/7.0/toolchain/avr8/avr8-gnu-toolchain/bin/../lib/gcc/avr/4.9.2/../../../../avr/lib/avr51\libc.a(memcpy.o)
                0x000035f4                memcpy
 .text.avr-libc
                0x00003606       0x12 c:/program files (x86)/atmel/studio/7.0/toolchain/avr8/avr8-gnu-toolchain/bin/../lib/gcc/avr/4.9.2/../../../../avr/lib/avr51\libc.a(strlen.o)
                0x00003606                strlen
                0x00003618                . = ALIGN (0x2)
 *(.fini9)
 .fini9         0x00003618        0x0 c:/program files (x86)/atmel/studio/7.0/toolchain/avr8/avr8-gnu-toolchain/bin/../lib/gcc/avr/4.9.2/avr51\libgcc.a(_exit.o)
                0x00003618                _exit
                0x00003618                exit
 *(.fini9)
 *(.fini8)
 *(.fini8)
 *(.fini7)
 *(.fini7)
 *(.fini6)
 *(.fini6)
 *(.fini5)
 *(.fini5)
 *(.fini4)
 *(.fini4)
 *(.fini3)
 *(.fini3)
 *(.fini2)
 *(.fini2)
 *(.fini1)
 *(.fini1)
 *(.fini0)
 .fini0         0x00003618        0x4 c:/program files (x86)/atmel/studio/7.0/toolchain/avr8/avr8-gnu-toolchain/bin/../lib/gcc/avr/4.9.2/avr51\libgcc.a(_exit.o)
 *(.fini0)
                0x0000361c                _etext = .

.data           0x00800100       0x90 load address 0x0000361c
                0x00800100                PROVIDE (__data_start, .)
 *(.data)
 *(.data*)
 .data.rtmCurrent
                0x00800100        0x7 SOURCES/headsup.o
                0x00800100                rtmCurrent
 *(.rodata)
 .rodata        0x00800107       0x30 SOURCES/headsup.o
 .rodata        0x00800137       0x20 SOURCES/lcd.o
 .rodata        0x00800157        0x7 SOURCES/rtc.o
 *(.rodata*)
 .rodata._ZL9chrMonths
                0x0080015e       0x24 SOURCES/rtc.o
 .rodata._ZL7chrDays
                0x00800182        0xe SOURCES/rtc.o
 *(.gnu.linkonce.d*)
                0x00800190                . = ALIGN (0x2)
                0x00800190                _edata = .
                0x00800190                PROVIDE (__data_end, .)

.bss            0x00800190        0x6
                0x00800190                PROVIDE (__bss_start, .)
 *(.bss)
 *(.bss*)
 .bss._ZZ10__vector_5E10valPressed
                0x00800190        0x1 SOURCES/but.o
 .bss.rtcDS     0x00800191        0x1 SOURCES/headsup.o
                0x00800191                rtcDS
 .bss.lcdNHD    0x00800192        0x1 SOURCES/headsup.o
                0x00800192                lcdNHD
 .bss.batLiPo   0x00800193        0x1 SOURCES/headsup.o
                0x00800193                batLiPo
 .bss.ledAlarm  0x00800194        0x1 SOURCES/headsup.o
                0x00800194                ledAlarm
 .bss.valLastPress
                0x00800195        0x1 SOURCES/headsup.o
                0x00800195                valLastPress
 *(COMMON)
                0x00800196                PROVIDE (__bss_end, .)
                0x0000361c                __data_load_start = LOADADDR (.data)
                0x000036ac                __data_load_end = (__data_load_start + SIZEOF (.data))

.noinit         0x00800196        0x0
                0x00800196                PROVIDE (__noinit_start, .)
 *(.noinit*)
                0x00800196                PROVIDE (__noinit_end, .)
                0x00800196                _end = .
                0x00800196                PROVIDE (__heap_start, .)

.eeprom         0x00810000        0x0
 *(.eeprom*)
                0x00810000                __eeprom_end = .

.fuse
 *(.fuse)
 *(.lfuse)
 *(.hfuse)
 *(.efuse)

.lock
 *(.lock*)

.signature
 *(.signature*)

.user_signatures
 *(.user_signatures*)

.stab
 *(.stab)

.stabstr
 *(.stabstr)

.stab.excl
 *(.stab.excl)

.stab.exclstr
 *(.stab.exclstr)

.stab.index
 *(.stab.index)

.stab.indexstr
 *(.stab.indexstr)

.comment        0x00000000       0x30
 *(.comment)
 .comment       0x00000000       0x30 SOURCES/bat.o
                                 0x31 (size before relaxing)
 .comment       0x00000030       0x31 SOURCES/but.o
 .comment       0x00000030       0x31 SOURCES/headsup.o
 .comment       0x00000030       0x31 SOURCES/lcd.o
 .comment       0x00000030       0x31 SOURCES/led.o
 .comment       0x00000030       0x31 SOURCES/rtc.o

.note.gnu.avr.deviceinfo
                0x00000000       0x40
 .note.gnu.avr.deviceinfo
                0x00000000       0x40 C:/Program Files (x86)/Atmel/Studio/7.0/Packs/atmel/ATmega_DFP/1.0.90/gcc/dev/atmega1284p/avr51/crtatmega1284p.o

.note.gnu.build-id
 *(.note.gnu.build-id)

.debug
 *(.debug)

.line
 *(.line)

.debug_srcinfo
 *(.debug_srcinfo)

.debug_sfnames
 *(.debug_sfnames)

.debug_aranges  0x00000000      0x218
 *(.debug_aranges)
 .debug_aranges
                0x00000000       0x38 SOURCES/bat.o
 .debug_aranges
                0x00000038       0x20 SOURCES/but.o
 .debug_aranges
                0x00000058       0x70 SOURCES/headsup.o
 .debug_aranges
                0x000000c8       0x90 SOURCES/lcd.o
 .debug_aranges
                0x00000158       0x38 SOURCES/led.o
 .debug_aranges
                0x00000190       0x88 SOURCES/rtc.o

.debug_pubnames
 *(.debug_pubnames)

.debug_info     0x00000000     0x266c
 *(.debug_info .gnu.linkonce.wi.*)
 .debug_info    0x00000000      0x233 SOURCES/bat.o
 .debug_info    0x00000233      0x1f0 SOURCES/but.o
 .debug_info    0x00000423      0xd67 SOURCES/headsup.o
 .debug_info    0x0000118a      0x989 SOURCES/lcd.o
 .debug_info    0x00001b13      0x1df SOURCES/led.o
 .debug_info    0x00001cf2      0x97a SOURCES/rtc.o

.debug_abbrev   0x00000000      0xa4f
 *(.debug_abbrev)
 .debug_abbrev  0x00000000      0x14c SOURCES/bat.o
 .debug_abbrev  0x0000014c       0xe4 SOURCES/but.o
 .debug_abbrev  0x00000230      0x29d SOURCES/headsup.o
 .debug_abbrev  0x000004cd      0x1e1 SOURCES/lcd.o
 .debug_abbrev  0x000006ae      0x160 SOURCES/led.o
 .debug_abbrev  0x0000080e      0x241 SOURCES/rtc.o

.debug_line     0x00000000     0x25e0
 *(.debug_line .debug_line.* .debug_line_end)
 .debug_line    0x00000000      0x378 SOURCES/bat.o
 .debug_line    0x00000378      0x3c1 SOURCES/but.o
 .debug_line    0x00000739      0xa4a SOURCES/headsup.o
 .debug_line    0x00001183      0x8b4 SOURCES/lcd.o
 .debug_line    0x00001a37      0x2d3 SOURCES/led.o
 .debug_line    0x00001d0a      0x8d6 SOURCES/rtc.o

.debug_frame    0x00000000      0x890
 *(.debug_frame)
 .debug_frame   0x00000000       0xa8 SOURCES/bat.o
 .debug_frame   0x000000a8       0x7c SOURCES/but.o
 .debug_frame   0x00000124      0x27c SOURCES/headsup.o
 .debug_frame   0x000003a0      0x1f4 SOURCES/lcd.o
 .debug_frame   0x00000594       0xa0 SOURCES/led.o
 .debug_frame   0x00000634      0x25c SOURCES/rtc.o

.debug_str      0x00000000     0xb509
 *(.debug_str)
 .debug_str     0x00000000     0x9fd1 SOURCES/bat.o
                               0xa0ae (size before relaxing)
 .debug_str     0x00009fd1      0x5c7 SOURCES/but.o
                               0x7e7a (size before relaxing)
 .debug_str     0x0000a598      0xd4d SOURCES/headsup.o
                               0xb358 (size before relaxing)
 .debug_str     0x0000b2e5       0x6a SOURCES/lcd.o
                               0x7bc0 (size before relaxing)
 .debug_str     0x0000b34f       0x28 SOURCES/led.o
                               0x746e (size before relaxing)
 .debug_str     0x0000b377      0x192 SOURCES/rtc.o
                               0x854b (size before relaxing)

.debug_loc      0x00000000     0x1294
 *(.debug_loc)
 .debug_loc     0x00000000      0x153 SOURCES/bat.o
 .debug_loc     0x00000153       0xfd SOURCES/but.o
 .debug_loc     0x00000250      0x59c SOURCES/headsup.o
 .debug_loc     0x000007ec      0x432 SOURCES/lcd.o
 .debug_loc     0x00000c1e      0x13a SOURCES/led.o
 .debug_loc     0x00000d58      0x53c SOURCES/rtc.o

.debug_macinfo
 *(.debug_macinfo)

.debug_weaknames
 *(.debug_weaknames)

.debug_funcnames
 *(.debug_funcnames)

.debug_typenames
 *(.debug_typenames)

.debug_varnames
 *(.debug_varnames)

.debug_pubtypes
 *(.debug_pubtypes)

.debug_ranges   0x00000000      0x1b8
 *(.debug_ranges)
 .debug_ranges  0x00000000       0x28 SOURCES/bat.o
 .debug_ranges  0x00000028       0x10 SOURCES/but.o
 .debug_ranges  0x00000038       0x60 SOURCES/headsup.o
 .debug_ranges  0x00000098       0x80 SOURCES/lcd.o
 .debug_ranges  0x00000118       0x28 SOURCES/led.o
 .debug_ranges  0x00000140       0x78 SOURCES/rtc.o

.debug_macro    0x00000000     0x3fef
 *(.debug_macro)
 .debug_macro   0x00000000       0xd5 SOURCES/bat.o
 .debug_macro   0x000000d5      0xaae SOURCES/bat.o
 .debug_macro   0x00000b83       0x10 SOURCES/bat.o
 .debug_macro   0x00000b93       0x1c SOURCES/bat.o
 .debug_macro   0x00000baf      0x1ad SOURCES/bat.o
 .debug_macro   0x00000d5c      0x293 SOURCES/bat.o
 .debug_macro   0x00000fef       0x9e SOURCES/bat.o
 .debug_macro   0x0000108d     0x1a9a SOURCES/bat.o
 .debug_macro   0x00002b27      0x171 SOURCES/bat.o
 .debug_macro   0x00002c98       0xcb SOURCES/bat.o
 .debug_macro   0x00002d63       0x34 SOURCES/bat.o
 .debug_macro   0x00002d97       0x18 SOURCES/bat.o
 .debug_macro   0x00002daf       0x6c SOURCES/bat.o
 .debug_macro   0x00002e1b       0x10 SOURCES/bat.o
 .debug_macro   0x00002e2b       0x89 SOURCES/bat.o
 .debug_macro   0x00002eb4      0x181 SOURCES/bat.o
 .debug_macro   0x00003035       0x10 SOURCES/bat.o
 .debug_macro   0x00003045      0x160 SOURCES/bat.o
 .debug_macro   0x000031a5       0xdd SOURCES/but.o
 .debug_macro   0x00003282      0x166 SOURCES/but.o
 .debug_macro   0x000033e8       0x69 SOURCES/but.o
 .debug_macro   0x00003451       0x16 SOURCES/but.o
 .debug_macro   0x00003467       0x97 SOURCES/but.o
 .debug_macro   0x000034fe       0x10 SOURCES/but.o
 .debug_macro   0x0000350e       0x10 SOURCES/but.o
 .debug_macro   0x0000351e      0x128 SOURCES/headsup.o
 .debug_macro   0x00003646      0x1d2 SOURCES/headsup.o
 .debug_macro   0x00003818       0x82 SOURCES/headsup.o
 .debug_macro   0x0000389a       0x12 SOURCES/headsup.o
 .debug_macro   0x000038ac      0x175 SOURCES/headsup.o
 .debug_macro   0x00003a21       0x22 SOURCES/headsup.o
 .debug_macro   0x00003a43       0x16 SOURCES/headsup.o
 .debug_macro   0x00003a59       0x58 SOURCES/headsup.o
 .debug_macro   0x00003ab1       0xbd SOURCES/lcd.o
 .debug_macro   0x00003b6e       0x7c SOURCES/lcd.o
 .debug_macro   0x00003bea       0x9b SOURCES/led.o
 .debug_macro   0x00003c85       0x1c SOURCES/led.o
 .debug_macro   0x00003ca1       0xd8 SOURCES/rtc.o
 .debug_macro   0x00003d79       0xaa SOURCES/rtc.o
 .debug_macro   0x00003e23      0x1cc SOURCES/rtc.o
OUTPUT(HeadsUp!.elf elf32-avr)
LOAD linker stubs
