Archive member included to satisfy reference by file (symbol)

c:/programs/atmel/studio/7.0/toolchain/avr8/avr8-gnu-toolchain/bin/../lib/gcc/avr/4.9.2/../../../../avr/lib/avr51\libm.a(cmpsf2.o)
                              SOURCES/but.o (__ltsf2)
c:/programs/atmel/studio/7.0/toolchain/avr8/avr8-gnu-toolchain/bin/../lib/gcc/avr/4.9.2/../../../../avr/lib/avr51\libm.a(divsf3.o)
                              SOURCES/led.o (__divsf3)
c:/programs/atmel/studio/7.0/toolchain/avr8/avr8-gnu-toolchain/bin/../lib/gcc/avr/4.9.2/../../../../avr/lib/avr51\libm.a(divsf3x.o)
                              c:/programs/atmel/studio/7.0/toolchain/avr8/avr8-gnu-toolchain/bin/../lib/gcc/avr/4.9.2/../../../../avr/lib/avr51\libm.a(divsf3.o) (__divsf3x)
c:/programs/atmel/studio/7.0/toolchain/avr8/avr8-gnu-toolchain/bin/../lib/gcc/avr/4.9.2/../../../../avr/lib/avr51\libm.a(fixunssfsi.o)
                              SOURCES/but.o (__fixunssfsi)
c:/programs/atmel/studio/7.0/toolchain/avr8/avr8-gnu-toolchain/bin/../lib/gcc/avr/4.9.2/../../../../avr/lib/avr51\libm.a(floatsisf.o)
                              SOURCES/led.o (__floatunsisf)
c:/programs/atmel/studio/7.0/toolchain/avr8/avr8-gnu-toolchain/bin/../lib/gcc/avr/4.9.2/../../../../avr/lib/avr51\libm.a(fp_cmp.o)
                              c:/programs/atmel/studio/7.0/toolchain/avr8/avr8-gnu-toolchain/bin/../lib/gcc/avr/4.9.2/../../../../avr/lib/avr51\libm.a(cmpsf2.o) (__fp_cmp)
c:/programs/atmel/studio/7.0/toolchain/avr8/avr8-gnu-toolchain/bin/../lib/gcc/avr/4.9.2/../../../../avr/lib/avr51\libm.a(fp_inf.o)
                              c:/programs/atmel/studio/7.0/toolchain/avr8/avr8-gnu-toolchain/bin/../lib/gcc/avr/4.9.2/../../../../avr/lib/avr51\libm.a(divsf3x.o) (__fp_inf)
c:/programs/atmel/studio/7.0/toolchain/avr8/avr8-gnu-toolchain/bin/../lib/gcc/avr/4.9.2/../../../../avr/lib/avr51\libm.a(fp_nan.o)
                              c:/programs/atmel/studio/7.0/toolchain/avr8/avr8-gnu-toolchain/bin/../lib/gcc/avr/4.9.2/../../../../avr/lib/avr51\libm.a(divsf3x.o) (__fp_nan)
c:/programs/atmel/studio/7.0/toolchain/avr8/avr8-gnu-toolchain/bin/../lib/gcc/avr/4.9.2/../../../../avr/lib/avr51\libm.a(fp_pscA.o)
                              c:/programs/atmel/studio/7.0/toolchain/avr8/avr8-gnu-toolchain/bin/../lib/gcc/avr/4.9.2/../../../../avr/lib/avr51\libm.a(divsf3x.o) (__fp_pscA)
c:/programs/atmel/studio/7.0/toolchain/avr8/avr8-gnu-toolchain/bin/../lib/gcc/avr/4.9.2/../../../../avr/lib/avr51\libm.a(fp_pscB.o)
                              c:/programs/atmel/studio/7.0/toolchain/avr8/avr8-gnu-toolchain/bin/../lib/gcc/avr/4.9.2/../../../../avr/lib/avr51\libm.a(divsf3x.o) (__fp_pscB)
c:/programs/atmel/studio/7.0/toolchain/avr8/avr8-gnu-toolchain/bin/../lib/gcc/avr/4.9.2/../../../../avr/lib/avr51\libm.a(fp_round.o)
                              c:/programs/atmel/studio/7.0/toolchain/avr8/avr8-gnu-toolchain/bin/../lib/gcc/avr/4.9.2/../../../../avr/lib/avr51\libm.a(divsf3.o) (__fp_round)
c:/programs/atmel/studio/7.0/toolchain/avr8/avr8-gnu-toolchain/bin/../lib/gcc/avr/4.9.2/../../../../avr/lib/avr51\libm.a(fp_split3.o)
                              c:/programs/atmel/studio/7.0/toolchain/avr8/avr8-gnu-toolchain/bin/../lib/gcc/avr/4.9.2/../../../../avr/lib/avr51\libm.a(divsf3x.o) (__fp_split3)
c:/programs/atmel/studio/7.0/toolchain/avr8/avr8-gnu-toolchain/bin/../lib/gcc/avr/4.9.2/../../../../avr/lib/avr51\libm.a(fp_zero.o)
                              c:/programs/atmel/studio/7.0/toolchain/avr8/avr8-gnu-toolchain/bin/../lib/gcc/avr/4.9.2/../../../../avr/lib/avr51\libm.a(fixunssfsi.o) (__fp_zero)
c:/programs/atmel/studio/7.0/toolchain/avr8/avr8-gnu-toolchain/bin/../lib/gcc/avr/4.9.2/../../../../avr/lib/avr51\libm.a(gesf2.o)
                              SOURCES/but.o (__gtsf2)
c:/programs/atmel/studio/7.0/toolchain/avr8/avr8-gnu-toolchain/bin/../lib/gcc/avr/4.9.2/../../../../avr/lib/avr51\libm.a(mulsf3.o)
                              SOURCES/but.o (__mulsf3)
c:/programs/atmel/studio/7.0/toolchain/avr8/avr8-gnu-toolchain/bin/../lib/gcc/avr/4.9.2/../../../../avr/lib/avr51\libm.a(mulsf3x.o)
                              c:/programs/atmel/studio/7.0/toolchain/avr8/avr8-gnu-toolchain/bin/../lib/gcc/avr/4.9.2/../../../../avr/lib/avr51\libm.a(mulsf3.o) (__mulsf3x)
c:/programs/atmel/studio/7.0/toolchain/avr8/avr8-gnu-toolchain/bin/../lib/gcc/avr/4.9.2/avr51\libgcc.a(_divmodhi4.o)
                              SOURCES/headsup.o (__divmodhi4)
c:/programs/atmel/studio/7.0/toolchain/avr8/avr8-gnu-toolchain/bin/../lib/gcc/avr/4.9.2/avr51\libgcc.a(_udivmodsi4.o)
                              SOURCES/bat.o (__udivmodsi4)
c:/programs/atmel/studio/7.0/toolchain/avr8/avr8-gnu-toolchain/bin/../lib/gcc/avr/4.9.2/avr51\libgcc.a(_exit.o)
                              C:/PROGRAMS/Atmel/Studio/7.0/Packs/atmel/ATmega_DFP/1.0.90/gcc/dev/atmega1284p/avr51/crtatmega1284p.o (exit)
c:/programs/atmel/studio/7.0/toolchain/avr8/avr8-gnu-toolchain/bin/../lib/gcc/avr/4.9.2/avr51\libgcc.a(_copy_data.o)
                              SOURCES/headsup.o (__do_copy_data)
c:/programs/atmel/studio/7.0/toolchain/avr8/avr8-gnu-toolchain/bin/../lib/gcc/avr/4.9.2/avr51\libgcc.a(_clear_bss.o)
                              SOURCES/but.o (__do_clear_bss)
c:/programs/atmel/studio/7.0/toolchain/avr8/avr8-gnu-toolchain/bin/../lib/gcc/avr/4.9.2/avr51\libgcc.a(_ctors.o)
                              SOURCES/headsup.o (__do_global_ctors)
c:/programs/atmel/studio/7.0/toolchain/avr8/avr8-gnu-toolchain/bin/../lib/gcc/avr/4.9.2/avr51\libgcc.a(_umulhisi3.o)
                              SOURCES/headsup.o (__umulhisi3)
c:/programs/atmel/studio/7.0/toolchain/avr8/avr8-gnu-toolchain/bin/../lib/gcc/avr/4.9.2/avr51\libgcc.a(_muluhisi3.o)
                              SOURCES/bat.o (__muluhisi3)
c:/programs/atmel/studio/7.0/toolchain/avr8/avr8-gnu-toolchain/bin/../lib/gcc/avr/4.9.2/avr51\libgcc.a(_udivmodhi4.o)
                              c:/programs/atmel/studio/7.0/toolchain/avr8/avr8-gnu-toolchain/bin/../lib/gcc/avr/4.9.2/avr51\libgcc.a(_divmodhi4.o) (__udivmodhi4)
c:/programs/atmel/studio/7.0/toolchain/avr8/avr8-gnu-toolchain/bin/../lib/gcc/avr/4.9.2/avr51\libgcc.a(_tablejump2.o)
                              c:/programs/atmel/studio/7.0/toolchain/avr8/avr8-gnu-toolchain/bin/../lib/gcc/avr/4.9.2/avr51\libgcc.a(_ctors.o) (__tablejump2__)
c:/programs/atmel/studio/7.0/toolchain/avr8/avr8-gnu-toolchain/bin/../lib/gcc/avr/4.9.2/../../../../avr/lib/avr51\libc.a(memcpy.o)
                              SOURCES/rtc.o (memcpy)
c:/programs/atmel/studio/7.0/toolchain/avr8/avr8-gnu-toolchain/bin/../lib/gcc/avr/4.9.2/../../../../avr/lib/avr51\libc.a(strlen.o)
                              SOURCES/headsup.o (strlen)
c:/programs/atmel/studio/7.0/toolchain/avr8/avr8-gnu-toolchain/bin/../lib/gcc/avr/4.9.2/../../../../avr/lib/avr51\libc.a(strstr.o)
                              SOURCES/rtc.o (strstr)

Discarded input sections

 .data          0x00000000        0x0 C:/PROGRAMS/Atmel/Studio/7.0/Packs/atmel/ATmega_DFP/1.0.90/gcc/dev/atmega1284p/avr51/crtatmega1284p.o
 .bss           0x00000000        0x0 C:/PROGRAMS/Atmel/Studio/7.0/Packs/atmel/ATmega_DFP/1.0.90/gcc/dev/atmega1284p/avr51/crtatmega1284p.o
 .group         0x00000000        0x8 SOURCES/bat.o
 .group         0x00000000        0x8 SOURCES/bat.o
 .group         0x00000000        0x8 SOURCES/bat.o
 .group         0x00000000        0x8 SOURCES/bat.o
 .group         0x00000000        0x8 SOURCES/bat.o
 .group         0x00000000        0x8 SOURCES/bat.o
 .group         0x00000000        0x8 SOURCES/bat.o
 .group         0x00000000        0x8 SOURCES/bat.o
 .group         0x00000000        0x8 SOURCES/bat.o
 .group         0x00000000        0x8 SOURCES/bat.o
 .group         0x00000000        0x8 SOURCES/bat.o
 .group         0x00000000        0x8 SOURCES/bat.o
 .group         0x00000000        0x8 SOURCES/bat.o
 .group         0x00000000        0x8 SOURCES/bat.o
 .group         0x00000000        0x8 SOURCES/bat.o
 .group         0x00000000        0x8 SOURCES/bat.o
 .group         0x00000000        0x8 SOURCES/bat.o
 .text          0x00000000        0x0 SOURCES/bat.o
 .data          0x00000000        0x0 SOURCES/bat.o
 .bss           0x00000000        0x0 SOURCES/bat.o
 .group         0x00000000        0x8 SOURCES/but.o
 .group         0x00000000        0x8 SOURCES/but.o
 .group         0x00000000        0x8 SOURCES/but.o
 .group         0x00000000        0x8 SOURCES/but.o
 .group         0x00000000        0x8 SOURCES/but.o
 .group         0x00000000        0x8 SOURCES/but.o
 .group         0x00000000        0x8 SOURCES/but.o
 .group         0x00000000        0x8 SOURCES/but.o
 .group         0x00000000        0x8 SOURCES/but.o
 .group         0x00000000        0x8 SOURCES/but.o
 .group         0x00000000        0x8 SOURCES/but.o
 .group         0x00000000        0x8 SOURCES/but.o
 .group         0x00000000        0x8 SOURCES/but.o
 .group         0x00000000        0x8 SOURCES/but.o
 .group         0x00000000        0x8 SOURCES/but.o
 .group         0x00000000        0x8 SOURCES/but.o
 .group         0x00000000        0x8 SOURCES/but.o
 .group         0x00000000        0x8 SOURCES/but.o
 .group         0x00000000        0x8 SOURCES/but.o
 .text          0x00000000        0x0 SOURCES/but.o
 .data          0x00000000        0x0 SOURCES/but.o
 .bss           0x00000000        0x0 SOURCES/but.o
 .debug_macro   0x00000000      0xaae SOURCES/but.o
 .debug_macro   0x00000000       0x10 SOURCES/but.o
 .debug_macro   0x00000000       0x1c SOURCES/but.o
 .debug_macro   0x00000000      0x1ad SOURCES/but.o
 .debug_macro   0x00000000      0x293 SOURCES/but.o
 .debug_macro   0x00000000       0x9e SOURCES/but.o
 .debug_macro   0x00000000     0x1a9a SOURCES/but.o
 .debug_macro   0x00000000      0x171 SOURCES/but.o
 .debug_macro   0x00000000       0xcb SOURCES/but.o
 .debug_macro   0x00000000       0x34 SOURCES/but.o
 .debug_macro   0x00000000       0x18 SOURCES/but.o
 .debug_macro   0x00000000       0x6c SOURCES/but.o
 .debug_macro   0x00000000       0x10 SOURCES/but.o
 .group         0x00000000        0x8 SOURCES/headsup.o
 .group         0x00000000        0x8 SOURCES/headsup.o
 .group         0x00000000        0x8 SOURCES/headsup.o
 .group         0x00000000        0x8 SOURCES/headsup.o
 .group         0x00000000        0x8 SOURCES/headsup.o
 .group         0x00000000        0x8 SOURCES/headsup.o
 .group         0x00000000        0x8 SOURCES/headsup.o
 .group         0x00000000        0x8 SOURCES/headsup.o
 .group         0x00000000        0x8 SOURCES/headsup.o
 .group         0x00000000        0x8 SOURCES/headsup.o
 .group         0x00000000        0x8 SOURCES/headsup.o
 .group         0x00000000        0x8 SOURCES/headsup.o
 .group         0x00000000        0x8 SOURCES/headsup.o
 .group         0x00000000        0x8 SOURCES/headsup.o
 .group         0x00000000        0x8 SOURCES/headsup.o
 .group         0x00000000        0x8 SOURCES/headsup.o
 .group         0x00000000        0x8 SOURCES/headsup.o
 .group         0x00000000        0x8 SOURCES/headsup.o
 .group         0x00000000        0x8 SOURCES/headsup.o
 .group         0x00000000        0x8 SOURCES/headsup.o
 .group         0x00000000        0x8 SOURCES/headsup.o
 .group         0x00000000        0x8 SOURCES/headsup.o
 .group         0x00000000        0x8 SOURCES/headsup.o
 .group         0x00000000        0x8 SOURCES/headsup.o
 .group         0x00000000        0x8 SOURCES/headsup.o
 .group         0x00000000        0x8 SOURCES/headsup.o
 .group         0x00000000        0x8 SOURCES/headsup.o
 .group         0x00000000        0x8 SOURCES/headsup.o
 .text          0x00000000        0x0 SOURCES/headsup.o
 .data          0x00000000        0x0 SOURCES/headsup.o
 .bss           0x00000000        0x0 SOURCES/headsup.o
 .rodata._ZL9chrMonths
                0x00000000       0x24 SOURCES/headsup.o
 .rodata._ZL7chrDays
                0x00000000        0xe SOURCES/headsup.o
 .debug_macro   0x00000000      0xaae SOURCES/headsup.o
 .debug_macro   0x00000000       0x10 SOURCES/headsup.o
 .debug_macro   0x00000000       0x1c SOURCES/headsup.o
 .debug_macro   0x00000000      0x1ad SOURCES/headsup.o
 .debug_macro   0x00000000      0x293 SOURCES/headsup.o
 .debug_macro   0x00000000       0x9e SOURCES/headsup.o
 .debug_macro   0x00000000     0x1a9a SOURCES/headsup.o
 .debug_macro   0x00000000      0x171 SOURCES/headsup.o
 .debug_macro   0x00000000       0xcb SOURCES/headsup.o
 .debug_macro   0x00000000       0x34 SOURCES/headsup.o
 .debug_macro   0x00000000       0x18 SOURCES/headsup.o
 .debug_macro   0x00000000       0x6c SOURCES/headsup.o
 .debug_macro   0x00000000       0x10 SOURCES/headsup.o
 .debug_macro   0x00000000      0x166 SOURCES/headsup.o
 .debug_macro   0x00000000       0x69 SOURCES/headsup.o
 .debug_macro   0x00000000       0x16 SOURCES/headsup.o
 .debug_macro   0x00000000       0x97 SOURCES/headsup.o
 .debug_macro   0x00000000       0x10 SOURCES/headsup.o
 .debug_macro   0x00000000       0x10 SOURCES/headsup.o
 .group         0x00000000        0x8 SOURCES/lcd.o
 .group         0x00000000        0x8 SOURCES/lcd.o
 .group         0x00000000        0x8 SOURCES/lcd.o
 .group         0x00000000        0x8 SOURCES/lcd.o
 .group         0x00000000        0x8 SOURCES/lcd.o
 .group         0x00000000        0x8 SOURCES/lcd.o
 .group         0x00000000        0x8 SOURCES/lcd.o
 .group         0x00000000        0x8 SOURCES/lcd.o
 .group         0x00000000        0x8 SOURCES/lcd.o
 .group         0x00000000        0x8 SOURCES/lcd.o
 .group         0x00000000        0x8 SOURCES/lcd.o
 .group         0x00000000        0x8 SOURCES/lcd.o
 .group         0x00000000        0x8 SOURCES/lcd.o
 .group         0x00000000        0x8 SOURCES/lcd.o
 .group         0x00000000        0x8 SOURCES/lcd.o
 .text          0x00000000        0x0 SOURCES/lcd.o
 .data          0x00000000        0x0 SOURCES/lcd.o
 .bss           0x00000000        0x0 SOURCES/lcd.o
 .text._ZN3lcd20TWI_CLEAR_ENABLE_ACKEv
                0x00000000       0x22 SOURCES/lcd.o
 .debug_macro   0x00000000      0xaae SOURCES/lcd.o
 .debug_macro   0x00000000       0x10 SOURCES/lcd.o
 .debug_macro   0x00000000       0x1c SOURCES/lcd.o
 .debug_macro   0x00000000      0x1ad SOURCES/lcd.o
 .debug_macro   0x00000000      0x293 SOURCES/lcd.o
 .debug_macro   0x00000000       0x9e SOURCES/lcd.o
 .debug_macro   0x00000000     0x1a9a SOURCES/lcd.o
 .debug_macro   0x00000000      0x171 SOURCES/lcd.o
 .debug_macro   0x00000000       0xcb SOURCES/lcd.o
 .debug_macro   0x00000000       0x34 SOURCES/lcd.o
 .debug_macro   0x00000000       0x18 SOURCES/lcd.o
 .debug_macro   0x00000000       0x6c SOURCES/lcd.o
 .debug_macro   0x00000000       0x10 SOURCES/lcd.o
 .debug_macro   0x00000000      0x166 SOURCES/lcd.o
 .group         0x00000000        0x8 SOURCES/led.o
 .group         0x00000000        0x8 SOURCES/led.o
 .group         0x00000000        0x8 SOURCES/led.o
 .group         0x00000000        0x8 SOURCES/led.o
 .group         0x00000000        0x8 SOURCES/led.o
 .group         0x00000000        0x8 SOURCES/led.o
 .group         0x00000000        0x8 SOURCES/led.o
 .group         0x00000000        0x8 SOURCES/led.o
 .group         0x00000000        0x8 SOURCES/led.o
 .group         0x00000000        0x8 SOURCES/led.o
 .group         0x00000000        0x8 SOURCES/led.o
 .group         0x00000000        0x8 SOURCES/led.o
 .group         0x00000000        0x8 SOURCES/led.o
 .text          0x00000000        0x0 SOURCES/led.o
 .data          0x00000000        0x0 SOURCES/led.o
 .bss           0x00000000        0x0 SOURCES/led.o
 .text._ZN3led7DISABLEEv
                0x00000000       0x22 SOURCES/led.o
 .debug_macro   0x00000000      0xaae SOURCES/led.o
 .debug_macro   0x00000000       0x10 SOURCES/led.o
 .debug_macro   0x00000000       0x1c SOURCES/led.o
 .debug_macro   0x00000000      0x1ad SOURCES/led.o
 .debug_macro   0x00000000      0x293 SOURCES/led.o
 .debug_macro   0x00000000       0x9e SOURCES/led.o
 .debug_macro   0x00000000     0x1a9a SOURCES/led.o
 .debug_macro   0x00000000      0x171 SOURCES/led.o
 .debug_macro   0x00000000       0xcb SOURCES/led.o
 .debug_macro   0x00000000       0x34 SOURCES/led.o
 .debug_macro   0x00000000       0x18 SOURCES/led.o
 .debug_macro   0x00000000       0x6c SOURCES/led.o
 .group         0x00000000        0x8 SOURCES/rtc.o
 .group         0x00000000        0x8 SOURCES/rtc.o
 .group         0x00000000        0x8 SOURCES/rtc.o
 .group         0x00000000        0x8 SOURCES/rtc.o
 .group         0x00000000        0x8 SOURCES/rtc.o
 .group         0x00000000        0x8 SOURCES/rtc.o
 .group         0x00000000        0x8 SOURCES/rtc.o
 .group         0x00000000        0x8 SOURCES/rtc.o
 .group         0x00000000        0x8 SOURCES/rtc.o
 .group         0x00000000        0x8 SOURCES/rtc.o
 .group         0x00000000        0x8 SOURCES/rtc.o
 .group         0x00000000        0x8 SOURCES/rtc.o
 .group         0x00000000        0x8 SOURCES/rtc.o
 .group         0x00000000        0x8 SOURCES/rtc.o
 .group         0x00000000        0x8 SOURCES/rtc.o
 .group         0x00000000        0x8 SOURCES/rtc.o
 .group         0x00000000        0x8 SOURCES/rtc.o
 .group         0x00000000        0x8 SOURCES/rtc.o
 .text          0x00000000        0x0 SOURCES/rtc.o
 .data          0x00000000        0x0 SOURCES/rtc.o
 .bss           0x00000000        0x0 SOURCES/rtc.o
 .text._ZN3rtc13char_to_alarmEPhP9rtc_alarm
                0x00000000       0xe2 SOURCES/rtc.o
 .debug_macro   0x00000000      0xaae SOURCES/rtc.o
 .debug_macro   0x00000000       0x10 SOURCES/rtc.o
 .debug_macro   0x00000000       0x1c SOURCES/rtc.o
 .debug_macro   0x00000000      0x1ad SOURCES/rtc.o
 .debug_macro   0x00000000      0x293 SOURCES/rtc.o
 .debug_macro   0x00000000      0x166 SOURCES/rtc.o
 .debug_macro   0x00000000       0x16 SOURCES/rtc.o
 .debug_macro   0x00000000       0x97 SOURCES/rtc.o
 .debug_macro   0x00000000       0x10 SOURCES/rtc.o
 .debug_macro   0x00000000     0x1a9a SOURCES/rtc.o
 .debug_macro   0x00000000      0x171 SOURCES/rtc.o
 .debug_macro   0x00000000       0xcb SOURCES/rtc.o
 .debug_macro   0x00000000       0x34 SOURCES/rtc.o
 .debug_macro   0x00000000       0x18 SOURCES/rtc.o
 .debug_macro   0x00000000       0x6c SOURCES/rtc.o
 .debug_macro   0x00000000       0x69 SOURCES/rtc.o
 .group         0x00000000        0x8 SOURCES/time.o
 .group         0x00000000        0x8 SOURCES/time.o
 .group         0x00000000        0x8 SOURCES/time.o
 .group         0x00000000        0x8 SOURCES/time.o
 .group         0x00000000        0x8 SOURCES/time.o
 .group         0x00000000        0x8 SOURCES/time.o
 .group         0x00000000        0x8 SOURCES/time.o
 .group         0x00000000        0x8 SOURCES/time.o
 .group         0x00000000        0x8 SOURCES/time.o
 .group         0x00000000        0x8 SOURCES/time.o
 .group         0x00000000        0x8 SOURCES/time.o
 .group         0x00000000        0x8 SOURCES/time.o
 .group         0x00000000        0x8 SOURCES/time.o
 .group         0x00000000        0x8 SOURCES/time.o
 .group         0x00000000        0x8 SOURCES/time.o
 .group         0x00000000        0x8 SOURCES/time.o
 .group         0x00000000        0x8 SOURCES/time.o
 .group         0x00000000        0x8 SOURCES/time.o
 .text          0x00000000        0x0 SOURCES/time.o
 .data          0x00000000        0x0 SOURCES/time.o
 .bss           0x00000000        0x0 SOURCES/time.o
 .rodata._ZL9chrMonths
                0x00000000       0x24 SOURCES/time.o
 .rodata._ZL7chrDays
                0x00000000        0xe SOURCES/time.o
 .debug_info    0x00000000       0xad SOURCES/time.o
 .debug_abbrev  0x00000000       0x51 SOURCES/time.o
 .debug_aranges
                0x00000000       0x18 SOURCES/time.o
 .debug_macro   0x00000000       0xd8 SOURCES/time.o
 .debug_macro   0x00000000      0xaae SOURCES/time.o
 .debug_macro   0x00000000       0x10 SOURCES/time.o
 .debug_macro   0x00000000       0x1c SOURCES/time.o
 .debug_macro   0x00000000      0x1ad SOURCES/time.o
 .debug_macro   0x00000000      0x293 SOURCES/time.o
 .debug_macro   0x00000000      0x166 SOURCES/time.o
 .debug_macro   0x00000000       0x16 SOURCES/time.o
 .debug_macro   0x00000000       0x97 SOURCES/time.o
 .debug_macro   0x00000000       0x10 SOURCES/time.o
 .debug_macro   0x00000000       0xaa SOURCES/time.o
 .debug_macro   0x00000000     0x1a9a SOURCES/time.o
 .debug_macro   0x00000000      0x171 SOURCES/time.o
 .debug_macro   0x00000000       0xcb SOURCES/time.o
 .debug_macro   0x00000000       0x34 SOURCES/time.o
 .debug_macro   0x00000000       0x18 SOURCES/time.o
 .debug_macro   0x00000000       0x6c SOURCES/time.o
 .debug_macro   0x00000000       0x69 SOURCES/time.o
 .debug_macro   0x00000000      0x14e SOURCES/time.o
 .debug_line    0x00000000      0x2a1 SOURCES/time.o
 .debug_str     0x00000000     0x8174 SOURCES/time.o
 .comment       0x00000000       0x31 SOURCES/time.o
 .text          0x00000000        0x0 c:/programs/atmel/studio/7.0/toolchain/avr8/avr8-gnu-toolchain/bin/../lib/gcc/avr/4.9.2/../../../../avr/lib/avr51\libm.a(cmpsf2.o)
 .data          0x00000000        0x0 c:/programs/atmel/studio/7.0/toolchain/avr8/avr8-gnu-toolchain/bin/../lib/gcc/avr/4.9.2/../../../../avr/lib/avr51\libm.a(cmpsf2.o)
 .bss           0x00000000        0x0 c:/programs/atmel/studio/7.0/toolchain/avr8/avr8-gnu-toolchain/bin/../lib/gcc/avr/4.9.2/../../../../avr/lib/avr51\libm.a(cmpsf2.o)
 .text          0x00000000        0x0 c:/programs/atmel/studio/7.0/toolchain/avr8/avr8-gnu-toolchain/bin/../lib/gcc/avr/4.9.2/../../../../avr/lib/avr51\libm.a(divsf3.o)
 .data          0x00000000        0x0 c:/programs/atmel/studio/7.0/toolchain/avr8/avr8-gnu-toolchain/bin/../lib/gcc/avr/4.9.2/../../../../avr/lib/avr51\libm.a(divsf3.o)
 .bss           0x00000000        0x0 c:/programs/atmel/studio/7.0/toolchain/avr8/avr8-gnu-toolchain/bin/../lib/gcc/avr/4.9.2/../../../../avr/lib/avr51\libm.a(divsf3.o)
 .text          0x00000000        0x0 c:/programs/atmel/studio/7.0/toolchain/avr8/avr8-gnu-toolchain/bin/../lib/gcc/avr/4.9.2/../../../../avr/lib/avr51\libm.a(divsf3x.o)
 .data          0x00000000        0x0 c:/programs/atmel/studio/7.0/toolchain/avr8/avr8-gnu-toolchain/bin/../lib/gcc/avr/4.9.2/../../../../avr/lib/avr51\libm.a(divsf3x.o)
 .bss           0x00000000        0x0 c:/programs/atmel/studio/7.0/toolchain/avr8/avr8-gnu-toolchain/bin/../lib/gcc/avr/4.9.2/../../../../avr/lib/avr51\libm.a(divsf3x.o)
 .text          0x00000000        0x0 c:/programs/atmel/studio/7.0/toolchain/avr8/avr8-gnu-toolchain/bin/../lib/gcc/avr/4.9.2/../../../../avr/lib/avr51\libm.a(fixunssfsi.o)
 .data          0x00000000        0x0 c:/programs/atmel/studio/7.0/toolchain/avr8/avr8-gnu-toolchain/bin/../lib/gcc/avr/4.9.2/../../../../avr/lib/avr51\libm.a(fixunssfsi.o)
 .bss           0x00000000        0x0 c:/programs/atmel/studio/7.0/toolchain/avr8/avr8-gnu-toolchain/bin/../lib/gcc/avr/4.9.2/../../../../avr/lib/avr51\libm.a(fixunssfsi.o)
 .text          0x00000000        0x0 c:/programs/atmel/studio/7.0/toolchain/avr8/avr8-gnu-toolchain/bin/../lib/gcc/avr/4.9.2/../../../../avr/lib/avr51\libm.a(floatsisf.o)
 .data          0x00000000        0x0 c:/programs/atmel/studio/7.0/toolchain/avr8/avr8-gnu-toolchain/bin/../lib/gcc/avr/4.9.2/../../../../avr/lib/avr51\libm.a(floatsisf.o)
 .bss           0x00000000        0x0 c:/programs/atmel/studio/7.0/toolchain/avr8/avr8-gnu-toolchain/bin/../lib/gcc/avr/4.9.2/../../../../avr/lib/avr51\libm.a(floatsisf.o)
 .text          0x00000000        0x0 c:/programs/atmel/studio/7.0/toolchain/avr8/avr8-gnu-toolchain/bin/../lib/gcc/avr/4.9.2/../../../../avr/lib/avr51\libm.a(fp_cmp.o)
 .data          0x00000000        0x0 c:/programs/atmel/studio/7.0/toolchain/avr8/avr8-gnu-toolchain/bin/../lib/gcc/avr/4.9.2/../../../../avr/lib/avr51\libm.a(fp_cmp.o)
 .bss           0x00000000        0x0 c:/programs/atmel/studio/7.0/toolchain/avr8/avr8-gnu-toolchain/bin/../lib/gcc/avr/4.9.2/../../../../avr/lib/avr51\libm.a(fp_cmp.o)
 .text          0x00000000        0x0 c:/programs/atmel/studio/7.0/toolchain/avr8/avr8-gnu-toolchain/bin/../lib/gcc/avr/4.9.2/../../../../avr/lib/avr51\libm.a(fp_inf.o)
 .data          0x00000000        0x0 c:/programs/atmel/studio/7.0/toolchain/avr8/avr8-gnu-toolchain/bin/../lib/gcc/avr/4.9.2/../../../../avr/lib/avr51\libm.a(fp_inf.o)
 .bss           0x00000000        0x0 c:/programs/atmel/studio/7.0/toolchain/avr8/avr8-gnu-toolchain/bin/../lib/gcc/avr/4.9.2/../../../../avr/lib/avr51\libm.a(fp_inf.o)
 .text          0x00000000        0x0 c:/programs/atmel/studio/7.0/toolchain/avr8/avr8-gnu-toolchain/bin/../lib/gcc/avr/4.9.2/../../../../avr/lib/avr51\libm.a(fp_nan.o)
 .data          0x00000000        0x0 c:/programs/atmel/studio/7.0/toolchain/avr8/avr8-gnu-toolchain/bin/../lib/gcc/avr/4.9.2/../../../../avr/lib/avr51\libm.a(fp_nan.o)
 .bss           0x00000000        0x0 c:/programs/atmel/studio/7.0/toolchain/avr8/avr8-gnu-toolchain/bin/../lib/gcc/avr/4.9.2/../../../../avr/lib/avr51\libm.a(fp_nan.o)
 .text          0x00000000        0x0 c:/programs/atmel/studio/7.0/toolchain/avr8/avr8-gnu-toolchain/bin/../lib/gcc/avr/4.9.2/../../../../avr/lib/avr51\libm.a(fp_pscA.o)
 .data          0x00000000        0x0 c:/programs/atmel/studio/7.0/toolchain/avr8/avr8-gnu-toolchain/bin/../lib/gcc/avr/4.9.2/../../../../avr/lib/avr51\libm.a(fp_pscA.o)
 .bss           0x00000000        0x0 c:/programs/atmel/studio/7.0/toolchain/avr8/avr8-gnu-toolchain/bin/../lib/gcc/avr/4.9.2/../../../../avr/lib/avr51\libm.a(fp_pscA.o)
 .text          0x00000000        0x0 c:/programs/atmel/studio/7.0/toolchain/avr8/avr8-gnu-toolchain/bin/../lib/gcc/avr/4.9.2/../../../../avr/lib/avr51\libm.a(fp_pscB.o)
 .data          0x00000000        0x0 c:/programs/atmel/studio/7.0/toolchain/avr8/avr8-gnu-toolchain/bin/../lib/gcc/avr/4.9.2/../../../../avr/lib/avr51\libm.a(fp_pscB.o)
 .bss           0x00000000        0x0 c:/programs/atmel/studio/7.0/toolchain/avr8/avr8-gnu-toolchain/bin/../lib/gcc/avr/4.9.2/../../../../avr/lib/avr51\libm.a(fp_pscB.o)
 .text          0x00000000        0x0 c:/programs/atmel/studio/7.0/toolchain/avr8/avr8-gnu-toolchain/bin/../lib/gcc/avr/4.9.2/../../../../avr/lib/avr51\libm.a(fp_round.o)
 .data          0x00000000        0x0 c:/programs/atmel/studio/7.0/toolchain/avr8/avr8-gnu-toolchain/bin/../lib/gcc/avr/4.9.2/../../../../avr/lib/avr51\libm.a(fp_round.o)
 .bss           0x00000000        0x0 c:/programs/atmel/studio/7.0/toolchain/avr8/avr8-gnu-toolchain/bin/../lib/gcc/avr/4.9.2/../../../../avr/lib/avr51\libm.a(fp_round.o)
 .text          0x00000000        0x0 c:/programs/atmel/studio/7.0/toolchain/avr8/avr8-gnu-toolchain/bin/../lib/gcc/avr/4.9.2/../../../../avr/lib/avr51\libm.a(fp_split3.o)
 .data          0x00000000        0x0 c:/programs/atmel/studio/7.0/toolchain/avr8/avr8-gnu-toolchain/bin/../lib/gcc/avr/4.9.2/../../../../avr/lib/avr51\libm.a(fp_split3.o)
 .bss           0x00000000        0x0 c:/programs/atmel/studio/7.0/toolchain/avr8/avr8-gnu-toolchain/bin/../lib/gcc/avr/4.9.2/../../../../avr/lib/avr51\libm.a(fp_split3.o)
 .text          0x00000000        0x0 c:/programs/atmel/studio/7.0/toolchain/avr8/avr8-gnu-toolchain/bin/../lib/gcc/avr/4.9.2/../../../../avr/lib/avr51\libm.a(fp_zero.o)
 .data          0x00000000        0x0 c:/programs/atmel/studio/7.0/toolchain/avr8/avr8-gnu-toolchain/bin/../lib/gcc/avr/4.9.2/../../../../avr/lib/avr51\libm.a(fp_zero.o)
 .bss           0x00000000        0x0 c:/programs/atmel/studio/7.0/toolchain/avr8/avr8-gnu-toolchain/bin/../lib/gcc/avr/4.9.2/../../../../avr/lib/avr51\libm.a(fp_zero.o)
 .text          0x00000000        0x0 c:/programs/atmel/studio/7.0/toolchain/avr8/avr8-gnu-toolchain/bin/../lib/gcc/avr/4.9.2/../../../../avr/lib/avr51\libm.a(gesf2.o)
 .data          0x00000000        0x0 c:/programs/atmel/studio/7.0/toolchain/avr8/avr8-gnu-toolchain/bin/../lib/gcc/avr/4.9.2/../../../../avr/lib/avr51\libm.a(gesf2.o)
 .bss           0x00000000        0x0 c:/programs/atmel/studio/7.0/toolchain/avr8/avr8-gnu-toolchain/bin/../lib/gcc/avr/4.9.2/../../../../avr/lib/avr51\libm.a(gesf2.o)
 .text          0x00000000        0x0 c:/programs/atmel/studio/7.0/toolchain/avr8/avr8-gnu-toolchain/bin/../lib/gcc/avr/4.9.2/../../../../avr/lib/avr51\libm.a(mulsf3.o)
 .data          0x00000000        0x0 c:/programs/atmel/studio/7.0/toolchain/avr8/avr8-gnu-toolchain/bin/../lib/gcc/avr/4.9.2/../../../../avr/lib/avr51\libm.a(mulsf3.o)
 .bss           0x00000000        0x0 c:/programs/atmel/studio/7.0/toolchain/avr8/avr8-gnu-toolchain/bin/../lib/gcc/avr/4.9.2/../../../../avr/lib/avr51\libm.a(mulsf3.o)
 .text          0x00000000        0x0 c:/programs/atmel/studio/7.0/toolchain/avr8/avr8-gnu-toolchain/bin/../lib/gcc/avr/4.9.2/../../../../avr/lib/avr51\libm.a(mulsf3x.o)
 .data          0x00000000        0x0 c:/programs/atmel/studio/7.0/toolchain/avr8/avr8-gnu-toolchain/bin/../lib/gcc/avr/4.9.2/../../../../avr/lib/avr51\libm.a(mulsf3x.o)
 .bss           0x00000000        0x0 c:/programs/atmel/studio/7.0/toolchain/avr8/avr8-gnu-toolchain/bin/../lib/gcc/avr/4.9.2/../../../../avr/lib/avr51\libm.a(mulsf3x.o)
 .text          0x00000000        0x0 c:/programs/atmel/studio/7.0/toolchain/avr8/avr8-gnu-toolchain/bin/../lib/gcc/avr/4.9.2/avr51\libgcc.a(_divmodhi4.o)
 .data          0x00000000        0x0 c:/programs/atmel/studio/7.0/toolchain/avr8/avr8-gnu-toolchain/bin/../lib/gcc/avr/4.9.2/avr51\libgcc.a(_divmodhi4.o)
 .bss           0x00000000        0x0 c:/programs/atmel/studio/7.0/toolchain/avr8/avr8-gnu-toolchain/bin/../lib/gcc/avr/4.9.2/avr51\libgcc.a(_divmodhi4.o)
 .text.libgcc.mul
                0x00000000        0x0 c:/programs/atmel/studio/7.0/toolchain/avr8/avr8-gnu-toolchain/bin/../lib/gcc/avr/4.9.2/avr51\libgcc.a(_divmodhi4.o)
 .text.libgcc   0x00000000        0x0 c:/programs/atmel/studio/7.0/toolchain/avr8/avr8-gnu-toolchain/bin/../lib/gcc/avr/4.9.2/avr51\libgcc.a(_divmodhi4.o)
 .text.libgcc.prologue
                0x00000000        0x0 c:/programs/atmel/studio/7.0/toolchain/avr8/avr8-gnu-toolchain/bin/../lib/gcc/avr/4.9.2/avr51\libgcc.a(_divmodhi4.o)
 .text.libgcc.builtins
                0x00000000        0x0 c:/programs/atmel/studio/7.0/toolchain/avr8/avr8-gnu-toolchain/bin/../lib/gcc/avr/4.9.2/avr51\libgcc.a(_divmodhi4.o)
 .text.libgcc.fmul
                0x00000000        0x0 c:/programs/atmel/studio/7.0/toolchain/avr8/avr8-gnu-toolchain/bin/../lib/gcc/avr/4.9.2/avr51\libgcc.a(_divmodhi4.o)
 .text.libgcc.fixed
                0x00000000        0x0 c:/programs/atmel/studio/7.0/toolchain/avr8/avr8-gnu-toolchain/bin/../lib/gcc/avr/4.9.2/avr51\libgcc.a(_divmodhi4.o)
 .text          0x00000000        0x0 c:/programs/atmel/studio/7.0/toolchain/avr8/avr8-gnu-toolchain/bin/../lib/gcc/avr/4.9.2/avr51\libgcc.a(_udivmodsi4.o)
 .data          0x00000000        0x0 c:/programs/atmel/studio/7.0/toolchain/avr8/avr8-gnu-toolchain/bin/../lib/gcc/avr/4.9.2/avr51\libgcc.a(_udivmodsi4.o)
 .bss           0x00000000        0x0 c:/programs/atmel/studio/7.0/toolchain/avr8/avr8-gnu-toolchain/bin/../lib/gcc/avr/4.9.2/avr51\libgcc.a(_udivmodsi4.o)
 .text.libgcc.mul
                0x00000000        0x0 c:/programs/atmel/studio/7.0/toolchain/avr8/avr8-gnu-toolchain/bin/../lib/gcc/avr/4.9.2/avr51\libgcc.a(_udivmodsi4.o)
 .text.libgcc   0x00000000        0x0 c:/programs/atmel/studio/7.0/toolchain/avr8/avr8-gnu-toolchain/bin/../lib/gcc/avr/4.9.2/avr51\libgcc.a(_udivmodsi4.o)
 .text.libgcc.prologue
                0x00000000        0x0 c:/programs/atmel/studio/7.0/toolchain/avr8/avr8-gnu-toolchain/bin/../lib/gcc/avr/4.9.2/avr51\libgcc.a(_udivmodsi4.o)
 .text.libgcc.builtins
                0x00000000        0x0 c:/programs/atmel/studio/7.0/toolchain/avr8/avr8-gnu-toolchain/bin/../lib/gcc/avr/4.9.2/avr51\libgcc.a(_udivmodsi4.o)
 .text.libgcc.fmul
                0x00000000        0x0 c:/programs/atmel/studio/7.0/toolchain/avr8/avr8-gnu-toolchain/bin/../lib/gcc/avr/4.9.2/avr51\libgcc.a(_udivmodsi4.o)
 .text.libgcc.fixed
                0x00000000        0x0 c:/programs/atmel/studio/7.0/toolchain/avr8/avr8-gnu-toolchain/bin/../lib/gcc/avr/4.9.2/avr51\libgcc.a(_udivmodsi4.o)
 .text          0x00000000        0x0 c:/programs/atmel/studio/7.0/toolchain/avr8/avr8-gnu-toolchain/bin/../lib/gcc/avr/4.9.2/avr51\libgcc.a(_exit.o)
 .data          0x00000000        0x0 c:/programs/atmel/studio/7.0/toolchain/avr8/avr8-gnu-toolchain/bin/../lib/gcc/avr/4.9.2/avr51\libgcc.a(_exit.o)
 .bss           0x00000000        0x0 c:/programs/atmel/studio/7.0/toolchain/avr8/avr8-gnu-toolchain/bin/../lib/gcc/avr/4.9.2/avr51\libgcc.a(_exit.o)
 .text.libgcc.mul
                0x00000000        0x0 c:/programs/atmel/studio/7.0/toolchain/avr8/avr8-gnu-toolchain/bin/../lib/gcc/avr/4.9.2/avr51\libgcc.a(_exit.o)
 .text.libgcc.div
                0x00000000        0x0 c:/programs/atmel/studio/7.0/toolchain/avr8/avr8-gnu-toolchain/bin/../lib/gcc/avr/4.9.2/avr51\libgcc.a(_exit.o)
 .text.libgcc   0x00000000        0x0 c:/programs/atmel/studio/7.0/toolchain/avr8/avr8-gnu-toolchain/bin/../lib/gcc/avr/4.9.2/avr51\libgcc.a(_exit.o)
 .text.libgcc.prologue
                0x00000000        0x0 c:/programs/atmel/studio/7.0/toolchain/avr8/avr8-gnu-toolchain/bin/../lib/gcc/avr/4.9.2/avr51\libgcc.a(_exit.o)
 .text.libgcc.builtins
                0x00000000        0x0 c:/programs/atmel/studio/7.0/toolchain/avr8/avr8-gnu-toolchain/bin/../lib/gcc/avr/4.9.2/avr51\libgcc.a(_exit.o)
 .text.libgcc.fmul
                0x00000000        0x0 c:/programs/atmel/studio/7.0/toolchain/avr8/avr8-gnu-toolchain/bin/../lib/gcc/avr/4.9.2/avr51\libgcc.a(_exit.o)
 .text.libgcc.fixed
                0x00000000        0x0 c:/programs/atmel/studio/7.0/toolchain/avr8/avr8-gnu-toolchain/bin/../lib/gcc/avr/4.9.2/avr51\libgcc.a(_exit.o)
 .text          0x00000000        0x0 c:/programs/atmel/studio/7.0/toolchain/avr8/avr8-gnu-toolchain/bin/../lib/gcc/avr/4.9.2/avr51\libgcc.a(_copy_data.o)
 .data          0x00000000        0x0 c:/programs/atmel/studio/7.0/toolchain/avr8/avr8-gnu-toolchain/bin/../lib/gcc/avr/4.9.2/avr51\libgcc.a(_copy_data.o)
 .bss           0x00000000        0x0 c:/programs/atmel/studio/7.0/toolchain/avr8/avr8-gnu-toolchain/bin/../lib/gcc/avr/4.9.2/avr51\libgcc.a(_copy_data.o)
 .text.libgcc.mul
                0x00000000        0x0 c:/programs/atmel/studio/7.0/toolchain/avr8/avr8-gnu-toolchain/bin/../lib/gcc/avr/4.9.2/avr51\libgcc.a(_copy_data.o)
 .text.libgcc.div
                0x00000000        0x0 c:/programs/atmel/studio/7.0/toolchain/avr8/avr8-gnu-toolchain/bin/../lib/gcc/avr/4.9.2/avr51\libgcc.a(_copy_data.o)
 .text.libgcc   0x00000000        0x0 c:/programs/atmel/studio/7.0/toolchain/avr8/avr8-gnu-toolchain/bin/../lib/gcc/avr/4.9.2/avr51\libgcc.a(_copy_data.o)
 .text.libgcc.prologue
                0x00000000        0x0 c:/programs/atmel/studio/7.0/toolchain/avr8/avr8-gnu-toolchain/bin/../lib/gcc/avr/4.9.2/avr51\libgcc.a(_copy_data.o)
 .text.libgcc.builtins
                0x00000000        0x0 c:/programs/atmel/studio/7.0/toolchain/avr8/avr8-gnu-toolchain/bin/../lib/gcc/avr/4.9.2/avr51\libgcc.a(_copy_data.o)
 .text.libgcc.fmul
                0x00000000        0x0 c:/programs/atmel/studio/7.0/toolchain/avr8/avr8-gnu-toolchain/bin/../lib/gcc/avr/4.9.2/avr51\libgcc.a(_copy_data.o)
 .text.libgcc.fixed
                0x00000000        0x0 c:/programs/atmel/studio/7.0/toolchain/avr8/avr8-gnu-toolchain/bin/../lib/gcc/avr/4.9.2/avr51\libgcc.a(_copy_data.o)
 .text          0x00000000        0x0 c:/programs/atmel/studio/7.0/toolchain/avr8/avr8-gnu-toolchain/bin/../lib/gcc/avr/4.9.2/avr51\libgcc.a(_clear_bss.o)
 .data          0x00000000        0x0 c:/programs/atmel/studio/7.0/toolchain/avr8/avr8-gnu-toolchain/bin/../lib/gcc/avr/4.9.2/avr51\libgcc.a(_clear_bss.o)
 .bss           0x00000000        0x0 c:/programs/atmel/studio/7.0/toolchain/avr8/avr8-gnu-toolchain/bin/../lib/gcc/avr/4.9.2/avr51\libgcc.a(_clear_bss.o)
 .text.libgcc.mul
                0x00000000        0x0 c:/programs/atmel/studio/7.0/toolchain/avr8/avr8-gnu-toolchain/bin/../lib/gcc/avr/4.9.2/avr51\libgcc.a(_clear_bss.o)
 .text.libgcc.div
                0x00000000        0x0 c:/programs/atmel/studio/7.0/toolchain/avr8/avr8-gnu-toolchain/bin/../lib/gcc/avr/4.9.2/avr51\libgcc.a(_clear_bss.o)
 .text.libgcc   0x00000000        0x0 c:/programs/atmel/studio/7.0/toolchain/avr8/avr8-gnu-toolchain/bin/../lib/gcc/avr/4.9.2/avr51\libgcc.a(_clear_bss.o)
 .text.libgcc.prologue
                0x00000000        0x0 c:/programs/atmel/studio/7.0/toolchain/avr8/avr8-gnu-toolchain/bin/../lib/gcc/avr/4.9.2/avr51\libgcc.a(_clear_bss.o)
 .text.libgcc.builtins
                0x00000000        0x0 c:/programs/atmel/studio/7.0/toolchain/avr8/avr8-gnu-toolchain/bin/../lib/gcc/avr/4.9.2/avr51\libgcc.a(_clear_bss.o)
 .text.libgcc.fmul
                0x00000000        0x0 c:/programs/atmel/studio/7.0/toolchain/avr8/avr8-gnu-toolchain/bin/../lib/gcc/avr/4.9.2/avr51\libgcc.a(_clear_bss.o)
 .text.libgcc.fixed
                0x00000000        0x0 c:/programs/atmel/studio/7.0/toolchain/avr8/avr8-gnu-toolchain/bin/../lib/gcc/avr/4.9.2/avr51\libgcc.a(_clear_bss.o)
 .text          0x00000000        0x0 c:/programs/atmel/studio/7.0/toolchain/avr8/avr8-gnu-toolchain/bin/../lib/gcc/avr/4.9.2/avr51\libgcc.a(_ctors.o)
 .data          0x00000000        0x0 c:/programs/atmel/studio/7.0/toolchain/avr8/avr8-gnu-toolchain/bin/../lib/gcc/avr/4.9.2/avr51\libgcc.a(_ctors.o)
 .bss           0x00000000        0x0 c:/programs/atmel/studio/7.0/toolchain/avr8/avr8-gnu-toolchain/bin/../lib/gcc/avr/4.9.2/avr51\libgcc.a(_ctors.o)
 .text.libgcc.mul
                0x00000000        0x0 c:/programs/atmel/studio/7.0/toolchain/avr8/avr8-gnu-toolchain/bin/../lib/gcc/avr/4.9.2/avr51\libgcc.a(_ctors.o)
 .text.libgcc.div
                0x00000000        0x0 c:/programs/atmel/studio/7.0/toolchain/avr8/avr8-gnu-toolchain/bin/../lib/gcc/avr/4.9.2/avr51\libgcc.a(_ctors.o)
 .text.libgcc   0x00000000        0x0 c:/programs/atmel/studio/7.0/toolchain/avr8/avr8-gnu-toolchain/bin/../lib/gcc/avr/4.9.2/avr51\libgcc.a(_ctors.o)
 .text.libgcc.prologue
                0x00000000        0x0 c:/programs/atmel/studio/7.0/toolchain/avr8/avr8-gnu-toolchain/bin/../lib/gcc/avr/4.9.2/avr51\libgcc.a(_ctors.o)
 .text.libgcc.builtins
                0x00000000        0x0 c:/programs/atmel/studio/7.0/toolchain/avr8/avr8-gnu-toolchain/bin/../lib/gcc/avr/4.9.2/avr51\libgcc.a(_ctors.o)
 .text.libgcc.fmul
                0x00000000        0x0 c:/programs/atmel/studio/7.0/toolchain/avr8/avr8-gnu-toolchain/bin/../lib/gcc/avr/4.9.2/avr51\libgcc.a(_ctors.o)
 .text.libgcc.fixed
                0x00000000        0x0 c:/programs/atmel/studio/7.0/toolchain/avr8/avr8-gnu-toolchain/bin/../lib/gcc/avr/4.9.2/avr51\libgcc.a(_ctors.o)
 .text          0x00000000        0x0 c:/programs/atmel/studio/7.0/toolchain/avr8/avr8-gnu-toolchain/bin/../lib/gcc/avr/4.9.2/avr51\libgcc.a(_umulhisi3.o)
 .data          0x00000000        0x0 c:/programs/atmel/studio/7.0/toolchain/avr8/avr8-gnu-toolchain/bin/../lib/gcc/avr/4.9.2/avr51\libgcc.a(_umulhisi3.o)
 .bss           0x00000000        0x0 c:/programs/atmel/studio/7.0/toolchain/avr8/avr8-gnu-toolchain/bin/../lib/gcc/avr/4.9.2/avr51\libgcc.a(_umulhisi3.o)
 .text.libgcc.div
                0x00000000        0x0 c:/programs/atmel/studio/7.0/toolchain/avr8/avr8-gnu-toolchain/bin/../lib/gcc/avr/4.9.2/avr51\libgcc.a(_umulhisi3.o)
 .text.libgcc   0x00000000        0x0 c:/programs/atmel/studio/7.0/toolchain/avr8/avr8-gnu-toolchain/bin/../lib/gcc/avr/4.9.2/avr51\libgcc.a(_umulhisi3.o)
 .text.libgcc.prologue
                0x00000000        0x0 c:/programs/atmel/studio/7.0/toolchain/avr8/avr8-gnu-toolchain/bin/../lib/gcc/avr/4.9.2/avr51\libgcc.a(_umulhisi3.o)
 .text.libgcc.builtins
                0x00000000        0x0 c:/programs/atmel/studio/7.0/toolchain/avr8/avr8-gnu-toolchain/bin/../lib/gcc/avr/4.9.2/avr51\libgcc.a(_umulhisi3.o)
 .text.libgcc.fmul
                0x00000000        0x0 c:/programs/atmel/studio/7.0/toolchain/avr8/avr8-gnu-toolchain/bin/../lib/gcc/avr/4.9.2/avr51\libgcc.a(_umulhisi3.o)
 .text.libgcc.fixed
                0x00000000        0x0 c:/programs/atmel/studio/7.0/toolchain/avr8/avr8-gnu-toolchain/bin/../lib/gcc/avr/4.9.2/avr51\libgcc.a(_umulhisi3.o)
 .text          0x00000000        0x0 c:/programs/atmel/studio/7.0/toolchain/avr8/avr8-gnu-toolchain/bin/../lib/gcc/avr/4.9.2/avr51\libgcc.a(_muluhisi3.o)
 .data          0x00000000        0x0 c:/programs/atmel/studio/7.0/toolchain/avr8/avr8-gnu-toolchain/bin/../lib/gcc/avr/4.9.2/avr51\libgcc.a(_muluhisi3.o)
 .bss           0x00000000        0x0 c:/programs/atmel/studio/7.0/toolchain/avr8/avr8-gnu-toolchain/bin/../lib/gcc/avr/4.9.2/avr51\libgcc.a(_muluhisi3.o)
 .text.libgcc.div
                0x00000000        0x0 c:/programs/atmel/studio/7.0/toolchain/avr8/avr8-gnu-toolchain/bin/../lib/gcc/avr/4.9.2/avr51\libgcc.a(_muluhisi3.o)
 .text.libgcc   0x00000000        0x0 c:/programs/atmel/studio/7.0/toolchain/avr8/avr8-gnu-toolchain/bin/../lib/gcc/avr/4.9.2/avr51\libgcc.a(_muluhisi3.o)
 .text.libgcc.prologue
                0x00000000        0x0 c:/programs/atmel/studio/7.0/toolchain/avr8/avr8-gnu-toolchain/bin/../lib/gcc/avr/4.9.2/avr51\libgcc.a(_muluhisi3.o)
 .text.libgcc.builtins
                0x00000000        0x0 c:/programs/atmel/studio/7.0/toolchain/avr8/avr8-gnu-toolchain/bin/../lib/gcc/avr/4.9.2/avr51\libgcc.a(_muluhisi3.o)
 .text.libgcc.fmul
                0x00000000        0x0 c:/programs/atmel/studio/7.0/toolchain/avr8/avr8-gnu-toolchain/bin/../lib/gcc/avr/4.9.2/avr51\libgcc.a(_muluhisi3.o)
 .text.libgcc.fixed
                0x00000000        0x0 c:/programs/atmel/studio/7.0/toolchain/avr8/avr8-gnu-toolchain/bin/../lib/gcc/avr/4.9.2/avr51\libgcc.a(_muluhisi3.o)
 .text          0x00000000        0x0 c:/programs/atmel/studio/7.0/toolchain/avr8/avr8-gnu-toolchain/bin/../lib/gcc/avr/4.9.2/avr51\libgcc.a(_udivmodhi4.o)
 .data          0x00000000        0x0 c:/programs/atmel/studio/7.0/toolchain/avr8/avr8-gnu-toolchain/bin/../lib/gcc/avr/4.9.2/avr51\libgcc.a(_udivmodhi4.o)
 .bss           0x00000000        0x0 c:/programs/atmel/studio/7.0/toolchain/avr8/avr8-gnu-toolchain/bin/../lib/gcc/avr/4.9.2/avr51\libgcc.a(_udivmodhi4.o)
 .text.libgcc.mul
                0x00000000        0x0 c:/programs/atmel/studio/7.0/toolchain/avr8/avr8-gnu-toolchain/bin/../lib/gcc/avr/4.9.2/avr51\libgcc.a(_udivmodhi4.o)
 .text.libgcc   0x00000000        0x0 c:/programs/atmel/studio/7.0/toolchain/avr8/avr8-gnu-toolchain/bin/../lib/gcc/avr/4.9.2/avr51\libgcc.a(_udivmodhi4.o)
 .text.libgcc.prologue
                0x00000000        0x0 c:/programs/atmel/studio/7.0/toolchain/avr8/avr8-gnu-toolchain/bin/../lib/gcc/avr/4.9.2/avr51\libgcc.a(_udivmodhi4.o)
 .text.libgcc.builtins
                0x00000000        0x0 c:/programs/atmel/studio/7.0/toolchain/avr8/avr8-gnu-toolchain/bin/../lib/gcc/avr/4.9.2/avr51\libgcc.a(_udivmodhi4.o)
 .text.libgcc.fmul
                0x00000000        0x0 c:/programs/atmel/studio/7.0/toolchain/avr8/avr8-gnu-toolchain/bin/../lib/gcc/avr/4.9.2/avr51\libgcc.a(_udivmodhi4.o)
 .text.libgcc.fixed
                0x00000000        0x0 c:/programs/atmel/studio/7.0/toolchain/avr8/avr8-gnu-toolchain/bin/../lib/gcc/avr/4.9.2/avr51\libgcc.a(_udivmodhi4.o)
 .text          0x00000000        0x0 c:/programs/atmel/studio/7.0/toolchain/avr8/avr8-gnu-toolchain/bin/../lib/gcc/avr/4.9.2/avr51\libgcc.a(_tablejump2.o)
 .data          0x00000000        0x0 c:/programs/atmel/studio/7.0/toolchain/avr8/avr8-gnu-toolchain/bin/../lib/gcc/avr/4.9.2/avr51\libgcc.a(_tablejump2.o)
 .bss           0x00000000        0x0 c:/programs/atmel/studio/7.0/toolchain/avr8/avr8-gnu-toolchain/bin/../lib/gcc/avr/4.9.2/avr51\libgcc.a(_tablejump2.o)
 .text.libgcc.mul
                0x00000000        0x0 c:/programs/atmel/studio/7.0/toolchain/avr8/avr8-gnu-toolchain/bin/../lib/gcc/avr/4.9.2/avr51\libgcc.a(_tablejump2.o)
 .text.libgcc.div
                0x00000000        0x0 c:/programs/atmel/studio/7.0/toolchain/avr8/avr8-gnu-toolchain/bin/../lib/gcc/avr/4.9.2/avr51\libgcc.a(_tablejump2.o)
 .text.libgcc.prologue
                0x00000000        0x0 c:/programs/atmel/studio/7.0/toolchain/avr8/avr8-gnu-toolchain/bin/../lib/gcc/avr/4.9.2/avr51\libgcc.a(_tablejump2.o)
 .text.libgcc.builtins
                0x00000000        0x0 c:/programs/atmel/studio/7.0/toolchain/avr8/avr8-gnu-toolchain/bin/../lib/gcc/avr/4.9.2/avr51\libgcc.a(_tablejump2.o)
 .text.libgcc.fmul
                0x00000000        0x0 c:/programs/atmel/studio/7.0/toolchain/avr8/avr8-gnu-toolchain/bin/../lib/gcc/avr/4.9.2/avr51\libgcc.a(_tablejump2.o)
 .text.libgcc.fixed
                0x00000000        0x0 c:/programs/atmel/studio/7.0/toolchain/avr8/avr8-gnu-toolchain/bin/../lib/gcc/avr/4.9.2/avr51\libgcc.a(_tablejump2.o)
 .text          0x00000000        0x0 c:/programs/atmel/studio/7.0/toolchain/avr8/avr8-gnu-toolchain/bin/../lib/gcc/avr/4.9.2/../../../../avr/lib/avr51\libc.a(memcpy.o)
 .data          0x00000000        0x0 c:/programs/atmel/studio/7.0/toolchain/avr8/avr8-gnu-toolchain/bin/../lib/gcc/avr/4.9.2/../../../../avr/lib/avr51\libc.a(memcpy.o)
 .bss           0x00000000        0x0 c:/programs/atmel/studio/7.0/toolchain/avr8/avr8-gnu-toolchain/bin/../lib/gcc/avr/4.9.2/../../../../avr/lib/avr51\libc.a(memcpy.o)
 .text          0x00000000        0x0 c:/programs/atmel/studio/7.0/toolchain/avr8/avr8-gnu-toolchain/bin/../lib/gcc/avr/4.9.2/../../../../avr/lib/avr51\libc.a(strlen.o)
 .data          0x00000000        0x0 c:/programs/atmel/studio/7.0/toolchain/avr8/avr8-gnu-toolchain/bin/../lib/gcc/avr/4.9.2/../../../../avr/lib/avr51\libc.a(strlen.o)
 .bss           0x00000000        0x0 c:/programs/atmel/studio/7.0/toolchain/avr8/avr8-gnu-toolchain/bin/../lib/gcc/avr/4.9.2/../../../../avr/lib/avr51\libc.a(strlen.o)
 .text          0x00000000        0x0 c:/programs/atmel/studio/7.0/toolchain/avr8/avr8-gnu-toolchain/bin/../lib/gcc/avr/4.9.2/../../../../avr/lib/avr51\libc.a(strstr.o)
 .data          0x00000000        0x0 c:/programs/atmel/studio/7.0/toolchain/avr8/avr8-gnu-toolchain/bin/../lib/gcc/avr/4.9.2/../../../../avr/lib/avr51\libc.a(strstr.o)
 .bss           0x00000000        0x0 c:/programs/atmel/studio/7.0/toolchain/avr8/avr8-gnu-toolchain/bin/../lib/gcc/avr/4.9.2/../../../../avr/lib/avr51\libc.a(strstr.o)

Memory Configuration

Name             Origin             Length             Attributes
text             0x00000000         0x00020000         xr
data             0x00800100         0x0000ff00         rw !x
eeprom           0x00810000         0x00010000         rw !x
fuse             0x00820000         0x00000400         rw !x
lock             0x00830000         0x00000400         rw !x
signature        0x00840000         0x00000400         rw !x
user_signatures  0x00850000         0x00000400         rw !x
*default*        0x00000000         0xffffffff

Linker script and memory map

Address of section .data set to 0x800100
LOAD C:/PROGRAMS/Atmel/Studio/7.0/Packs/atmel/ATmega_DFP/1.0.90/gcc/dev/atmega1284p/avr51/crtatmega1284p.o
LOAD SOURCES/bat.o
LOAD SOURCES/but.o
LOAD SOURCES/headsup.o
LOAD SOURCES/lcd.o
LOAD SOURCES/led.o
LOAD SOURCES/rtc.o
LOAD SOURCES/time.o
START GROUP
LOAD c:/programs/atmel/studio/7.0/toolchain/avr8/avr8-gnu-toolchain/bin/../lib/gcc/avr/4.9.2/../../../../avr/lib/avr51\libm.a
END GROUP
LOAD c:/programs/atmel/studio/7.0/toolchain/avr8/avr8-gnu-toolchain/bin/../lib/gcc/avr/4.9.2/avr51\libgcc.a
LOAD c:/programs/atmel/studio/7.0/toolchain/avr8/avr8-gnu-toolchain/bin/../lib/gcc/avr/4.9.2/../../../../avr/lib/avr51\libm.a
START GROUP
LOAD c:/programs/atmel/studio/7.0/toolchain/avr8/avr8-gnu-toolchain/bin/../lib/gcc/avr/4.9.2/avr51\libgcc.a
LOAD c:/programs/atmel/studio/7.0/toolchain/avr8/avr8-gnu-toolchain/bin/../lib/gcc/avr/4.9.2/../../../../avr/lib/avr51\libm.a
LOAD c:/programs/atmel/studio/7.0/toolchain/avr8/avr8-gnu-toolchain/bin/../lib/gcc/avr/4.9.2/../../../../avr/lib/avr51\libc.a
LOAD C:/PROGRAMS/Atmel/Studio/7.0/Packs/atmel/ATmega_DFP/1.0.90/gcc/dev/atmega1284p/avr51\libatmega1284p.a
END GROUP

.hash
 *(.hash)

.dynsym
 *(.dynsym)

.dynstr
 *(.dynstr)

.gnu.version
 *(.gnu.version)

.gnu.version_d
 *(.gnu.version_d)

.gnu.version_r
 *(.gnu.version_r)

.rel.init
 *(.rel.init)

.rela.init
 *(.rela.init)

.rel.text
 *(.rel.text)
 *(.rel.text.*)
 *(.rel.gnu.linkonce.t*)

.rela.text
 *(.rela.text)
 *(.rela.text.*)
 *(.rela.gnu.linkonce.t*)

.rel.fini
 *(.rel.fini)

.rela.fini
 *(.rela.fini)

.rel.rodata
 *(.rel.rodata)
 *(.rel.rodata.*)
 *(.rel.gnu.linkonce.r*)

.rela.rodata
 *(.rela.rodata)
 *(.rela.rodata.*)
 *(.rela.gnu.linkonce.r*)

.rel.data
 *(.rel.data)
 *(.rel.data.*)
 *(.rel.gnu.linkonce.d*)

.rela.data
 *(.rela.data)
 *(.rela.data.*)
 *(.rela.gnu.linkonce.d*)

.rel.ctors
 *(.rel.ctors)

.rela.ctors
 *(.rela.ctors)

.rel.dtors
 *(.rel.dtors)

.rela.dtors
 *(.rela.dtors)

.rel.got
 *(.rel.got)

.rela.got
 *(.rela.got)

.rel.bss
 *(.rel.bss)

.rela.bss
 *(.rela.bss)

.rel.plt
 *(.rel.plt)

.rela.plt
 *(.rela.plt)

.text           0x00000000     0x3e96
 *(.vectors)
 .vectors       0x00000000       0x8c C:/PROGRAMS/Atmel/Studio/7.0/Packs/atmel/ATmega_DFP/1.0.90/gcc/dev/atmega1284p/avr51/crtatmega1284p.o
                0x00000000                __vector_default
                0x00000000                __vectors
 *(.vectors)
 *(.progmem.gcc*)
                0x0000008c                . = ALIGN (0x2)
                0x0000008c                __trampolines_start = .
 *(.trampolines)
 .trampolines   0x0000008c        0x0 linker stubs
 *(.trampolines*)
                0x0000008c                __trampolines_end = .
 *(.progmem*)
                0x0000008c                . = ALIGN (0x2)
 *(.jumptables)
 *(.jumptables*)
 *(.lowtext)
 *(.lowtext*)
                0x0000008c                __ctors_start = .
 *(.ctors)
 .ctors         0x0000008c        0x2 SOURCES/headsup.o
                0x0000008e                __ctors_end = .
                0x0000008e                __dtors_start = .
 *(.dtors)
                0x0000008e                __dtors_end = .
 SORT(*)(.ctors)
 SORT(*)(.dtors)
 *(.init0)
 .init0         0x0000008e        0x0 C:/PROGRAMS/Atmel/Studio/7.0/Packs/atmel/ATmega_DFP/1.0.90/gcc/dev/atmega1284p/avr51/crtatmega1284p.o
                0x0000008e                __init
 *(.init0)
 *(.init1)
 *(.init1)
 *(.init2)
 .init2         0x0000008e        0xc C:/PROGRAMS/Atmel/Studio/7.0/Packs/atmel/ATmega_DFP/1.0.90/gcc/dev/atmega1284p/avr51/crtatmega1284p.o
 *(.init2)
 *(.init3)
 *(.init3)
 *(.init4)
 .init4         0x0000009a       0x1a c:/programs/atmel/studio/7.0/toolchain/avr8/avr8-gnu-toolchain/bin/../lib/gcc/avr/4.9.2/avr51\libgcc.a(_copy_data.o)
                0x0000009a                __do_copy_data
 .init4         0x000000b4       0x10 c:/programs/atmel/studio/7.0/toolchain/avr8/avr8-gnu-toolchain/bin/../lib/gcc/avr/4.9.2/avr51\libgcc.a(_clear_bss.o)
                0x000000b4                __do_clear_bss
 *(.init4)
 *(.init5)
 *(.init5)
 *(.init6)
 .init6         0x000000c4       0x16 c:/programs/atmel/studio/7.0/toolchain/avr8/avr8-gnu-toolchain/bin/../lib/gcc/avr/4.9.2/avr51\libgcc.a(_ctors.o)
                0x000000c4                __do_global_ctors
 *(.init6)
 *(.init7)
 *(.init7)
 *(.init8)
 *(.init8)
 *(.init9)
 .init9         0x000000da        0x6 C:/PROGRAMS/Atmel/Studio/7.0/Packs/atmel/ATmega_DFP/1.0.90/gcc/dev/atmega1284p/avr51/crtatmega1284p.o
 *(.init9)
 *(.text)
 .text          0x000000e0        0x2 C:/PROGRAMS/Atmel/Studio/7.0/Packs/atmel/ATmega_DFP/1.0.90/gcc/dev/atmega1284p/avr51/crtatmega1284p.o
                0x000000e0                __vector_22
                0x000000e0                __vector_28
                0x000000e0                __vector_1
                0x000000e0                __vector_32
                0x000000e0                __vector_34
                0x000000e0                __vector_24
                0x000000e0                __vector_12
                0x000000e0                __bad_interrupt
                0x000000e0                __vector_6
                0x000000e0                __vector_31
                0x000000e0                __vector_3
                0x000000e0                __vector_23
                0x000000e0                __vector_30
                0x000000e0                __vector_25
                0x000000e0                __vector_11
                0x000000e0                __vector_13
                0x000000e0                __vector_17
                0x000000e0                __vector_19
                0x000000e0                __vector_7
                0x000000e0                __vector_27
                0x000000e0                __vector_33
                0x000000e0                __vector_9
                0x000000e0                __vector_2
                0x000000e0                __vector_21
                0x000000e0                __vector_15
                0x000000e0                __vector_29
                0x000000e0                __vector_8
                0x000000e0                __vector_26
                0x000000e0                __vector_14
                0x000000e0                __vector_10
                0x000000e0                __vector_16
                0x000000e0                __vector_18
                0x000000e0                __vector_20
                0x000000e2                . = ALIGN (0x2)
 *(.text.*)
 .text._ZN3batC2Ev
                0x000000e2       0x4e SOURCES/bat.o
                0x000000e2                _ZN3batC2Ev
                0x000000e2                _ZN3batC1Ev
 .text._ZN3bat6ENABLEEv
                0x00000130       0x3c SOURCES/bat.o
                0x00000130                _ZN3bat6ENABLEEv
 .text._ZN3bat7DISABLEEv
                0x0000016c       0x2a SOURCES/bat.o
                0x0000016c                _ZN3bat7DISABLEEv
 .text._ZN3bat3getEv
                0x00000196      0x100 SOURCES/bat.o
                0x00000196                _ZN3bat3getEv
 .text.__vector_5
                0x00000296      0x302 SOURCES/but.o
                0x00000296                __vector_5
 .text._ZN3rtc3getEv
                0x00000598       0xea SOURCES/headsup.o
                0x00000598                _ZN3rtc3getEv
 .text._ZN3rtc3setEP8rtc_time
                0x00000682       0x30 SOURCES/headsup.o
                0x00000682                _ZN3rtc3setEP8rtc_time
 .text.main     0x000006b2       0x54 SOURCES/headsup.o
                0x000006b2                main
 .text._Z12HeadsUp_Initv
                0x00000706       0xbe SOURCES/headsup.o
                0x00000706                _Z12HeadsUp_Initv
 .text._Z12Enable_PCINTh
                0x000007c4      0x2f2 SOURCES/headsup.o
                0x000007c4                _Z12Enable_PCINTh
 .text._Z14Test_On_PortA0v
                0x00000ab6      0x236 SOURCES/headsup.o
                0x00000ab6                _Z14Test_On_PortA0v
 .text.__vector_4
                0x00000cec      0x454 SOURCES/headsup.o
                0x00000cec                __vector_4
 .text._Z9Menu_Mainv
                0x00001140      0x2ca SOURCES/headsup.o
                0x00001140                _Z9Menu_Mainv
 .text._Z10Menu_Alarmv
                0x0000140a      0x264 SOURCES/headsup.o
                0x0000140a                _Z10Menu_Alarmv
 .text._Z15build_menu_mainPA16_KcPhhhhh
                0x0000166e      0x38a SOURCES/headsup.o
                0x0000166e                _Z15build_menu_mainPA16_KcPhhhhh
 .text._Z16build_menu_alarmPA16_KcPhhhhh
                0x000019f8      0x2ca SOURCES/headsup.o
                0x000019f8                _Z16build_menu_alarmPA16_KcPhhhhh
 .text._Z41__static_initialization_and_destruction_0ii
                0x00001cc2       0x4c SOURCES/headsup.o
 .text._GLOBAL__sub_I_rtcDS
                0x00001d0e       0x18 SOURCES/headsup.o
 .text._ZN3lcdC2Ev
                0x00001d26      0x120 SOURCES/lcd.o
                0x00001d26                _ZN3lcdC1Ev
                0x00001d26                _ZN3lcdC2Ev
 .text._ZN3lcd8TWI_INITEv
                0x00001e46       0x58 SOURCES/lcd.o
                0x00001e46                _ZN3lcd8TWI_INITEv
 .text._ZN3lcd16TWI_CHECK_STATUSEh
                0x00001e9e       0x34 SOURCES/lcd.o
                0x00001e9e                _ZN3lcd16TWI_CHECK_STATUSEh
 .text._ZN3lcd16TWI_CLEAR_ENABLEEv
                0x00001ed2       0x22 SOURCES/lcd.o
                0x00001ed2                _ZN3lcd16TWI_CLEAR_ENABLEEv
 .text._ZN3lcd8TWI_STOPEv
                0x00001ef4       0x22 SOURCES/lcd.o
                0x00001ef4                _ZN3lcd8TWI_STOPEv
 .text._ZN3lcd9TWI_STARTEv
                0x00001f16       0x40 SOURCES/lcd.o
                0x00001f16                _ZN3lcd9TWI_STARTEv
 .text._ZN3lcd12TWI_TRANSMITEhh
                0x00001f56       0x50 SOURCES/lcd.o
                0x00001f56                _ZN3lcd12TWI_TRANSMITEhh
 .text._ZN3lcd4SHOWEPh
                0x00001fa6       0x7c SOURCES/lcd.o
                0x00001fa6                _ZN3lcd4SHOWEPh
 .text._ZN3lcd17SELECT_LCD_LINE_1Ev
                0x00002022       0x42 SOURCES/lcd.o
                0x00002022                _ZN3lcd17SELECT_LCD_LINE_1Ev
 .text._ZN3lcd17SELECT_LCD_LINE_2Ev
                0x00002064       0x42 SOURCES/lcd.o
                0x00002064                _ZN3lcd17SELECT_LCD_LINE_2Ev
 .text._ZN3lcd5CGRAMEv
                0x000020a6      0x1b2 SOURCES/lcd.o
                0x000020a6                _ZN3lcd5CGRAMEv
 .text._ZN3lcd4INITEv
                0x00002258      0x46e SOURCES/lcd.o
                0x00002258                _ZN3lcd4INITEv
 .text._ZN3lcd12SHOW_WELCOMEEv
                0x000026c6      0x152 SOURCES/lcd.o
                0x000026c6                _ZN3lcd12SHOW_WELCOMEEv
 .text._ZN3lcd5printEPhh
                0x00002818      0x22e SOURCES/lcd.o
                0x00002818                _ZN3lcd5printEPhh
 .text._ZN3ledC2Ev
                0x00002a46       0x4a SOURCES/led.o
                0x00002a46                _ZN3ledC1Ev
                0x00002a46                _ZN3ledC2Ev
 .text._ZN3led6ENABLEEv
                0x00002a90       0x3e SOURCES/led.o
                0x00002a90                _ZN3led6ENABLEEv
 .text._ZN3led3setEh
                0x00002ace      0x166 SOURCES/led.o
                0x00002ace                _ZN3led3setEh
 .text._ZN3rtcC2Ev
                0x00002c34       0xa6 SOURCES/rtc.o
                0x00002c34                _ZN3rtcC2Ev
                0x00002c34                _ZN3rtcC1Ev
 .text._ZN3rtc10spi_selectEv
                0x00002cda       0x3c SOURCES/rtc.o
                0x00002cda                _ZN3rtc10spi_selectEv
 .text._ZN3rtc12spi_deselectEv
                0x00002d16       0x2a SOURCES/rtc.o
                0x00002d16                _ZN3rtc12spi_deselectEv
 .text._ZN3rtc8i2c_initEv
                0x00002d40       0x4a SOURCES/rtc.o
                0x00002d40                _ZN3rtc8i2c_initEv
 .text._ZN3rtc19spi_master_transmitEh
                0x00002d8a       0x46 SOURCES/rtc.o
                0x00002d8a                _ZN3rtc19spi_master_transmitEh
 .text._ZN3rtc10read_blockEhPhj
                0x00002dd0       0x84 SOURCES/rtc.o
                0x00002dd0                _ZN3rtc10read_blockEhPhj
 .text._ZN3rtc11write_blockEhPhj
                0x00002e54       0xee SOURCES/rtc.o
                0x00002e54                _ZN3rtc11write_blockEhPhj
 .text._ZN3rtc8get_timeEv
                0x00002f42       0xda SOURCES/rtc.o
                0x00002f42                _ZN3rtc8get_timeEv
 .text._ZN3rtc8set_timeEP8rtc_time
                0x0000301c       0x32 SOURCES/rtc.o
                0x0000301c                _ZN3rtc8set_timeEP8rtc_time
 .text._ZN3rtc11rtm_to_charE8rtc_timePhj
                0x0000304e      0x522 SOURCES/rtc.o
                0x0000304e                _ZN3rtc11rtm_to_charE8rtc_timePhj
 .text._ZN3rtc8alarm_onEh
                0x00003570       0xb6 SOURCES/rtc.o
                0x00003570                _ZN3rtc8alarm_onEh
 .text._ZN3rtc9alarm_offEh
                0x00003626       0xb6 SOURCES/rtc.o
                0x00003626                _ZN3rtc9alarm_offEh
 .text._ZN3rtc14clear_interuptEh
                0x000036dc       0x7e SOURCES/rtc.o
                0x000036dc                _ZN3rtc14clear_interuptEh
 .text._ZN3rtc5alarmEhh9rtc_alarm
                0x0000375a       0xcc SOURCES/rtc.o
                0x0000375a                _ZN3rtc5alarmEhh9rtc_alarm
 .text._ZN3rtc11char_to_rtmEPhP8rtc_time
                0x00003826      0x1dc SOURCES/rtc.o
                0x00003826                _ZN3rtc11char_to_rtmEPhP8rtc_time
 .text.avr-libc.fplib
                0x00003a02        0x8 c:/programs/atmel/studio/7.0/toolchain/avr8/avr8-gnu-toolchain/bin/../lib/gcc/avr/4.9.2/../../../../avr/lib/avr51\libm.a(cmpsf2.o)
                0x00003a02                __nesf2
                0x00003a02                __eqsf2
                0x00003a02                __cmpsf2
                0x00003a02                __ltsf2
                0x00003a02                __lesf2
 .text.avr-libc.fplib
                0x00003a0a        0x4 c:/programs/atmel/studio/7.0/toolchain/avr8/avr8-gnu-toolchain/bin/../lib/gcc/avr/4.9.2/../../../../avr/lib/avr51\libm.a(divsf3.o)
                0x00003a0a                __divsf3
 .text.avr-libc.fplib
                0x00003a0e       0xcc c:/programs/atmel/studio/7.0/toolchain/avr8/avr8-gnu-toolchain/bin/../lib/gcc/avr/4.9.2/../../../../avr/lib/avr51\libm.a(divsf3x.o)
                0x00003a24                __divsf3x
                0x00003a28                __divsf3_pse
 .text.avr-libc.fplib
                0x00003ada       0x58 c:/programs/atmel/studio/7.0/toolchain/avr8/avr8-gnu-toolchain/bin/../lib/gcc/avr/4.9.2/../../../../avr/lib/avr51\libm.a(fixunssfsi.o)
                0x00003ada                __fixunssfsi
 .text.avr-libc.fplib
                0x00003b32       0x7a c:/programs/atmel/studio/7.0/toolchain/avr8/avr8-gnu-toolchain/bin/../lib/gcc/avr/4.9.2/../../../../avr/lib/avr51\libm.a(floatsisf.o)
                0x00003b32                __floatunsisf
                0x00003b36                __floatsisf
 .text.avr-libc.fplib
                0x00003bac       0x48 c:/programs/atmel/studio/7.0/toolchain/avr8/avr8-gnu-toolchain/bin/../lib/gcc/avr/4.9.2/../../../../avr/lib/avr51\libm.a(fp_cmp.o)
                0x00003bac                __fp_cmp
 .text.avr-libc.fplib
                0x00003bf4        0xc c:/programs/atmel/studio/7.0/toolchain/avr8/avr8-gnu-toolchain/bin/../lib/gcc/avr/4.9.2/../../../../avr/lib/avr51\libm.a(fp_inf.o)
                0x00003bf4                __fp_inf
 .text.avr-libc.fplib
                0x00003c00        0x6 c:/programs/atmel/studio/7.0/toolchain/avr8/avr8-gnu-toolchain/bin/../lib/gcc/avr/4.9.2/../../../../avr/lib/avr51\libm.a(fp_nan.o)
                0x00003c00                __fp_nan
 .text.avr-libc.fplib
                0x00003c06        0xe c:/programs/atmel/studio/7.0/toolchain/avr8/avr8-gnu-toolchain/bin/../lib/gcc/avr/4.9.2/../../../../avr/lib/avr51\libm.a(fp_pscA.o)
                0x00003c06                __fp_pscA
 .text.avr-libc.fplib
                0x00003c14        0xe c:/programs/atmel/studio/7.0/toolchain/avr8/avr8-gnu-toolchain/bin/../lib/gcc/avr/4.9.2/../../../../avr/lib/avr51\libm.a(fp_pscB.o)
                0x00003c14                __fp_pscB
 .text.avr-libc.fplib
                0x00003c22       0x22 c:/programs/atmel/studio/7.0/toolchain/avr8/avr8-gnu-toolchain/bin/../lib/gcc/avr/4.9.2/../../../../avr/lib/avr51\libm.a(fp_round.o)
                0x00003c22                __fp_round
 .text.avr-libc.fplib
                0x00003c44       0x44 c:/programs/atmel/studio/7.0/toolchain/avr8/avr8-gnu-toolchain/bin/../lib/gcc/avr/4.9.2/../../../../avr/lib/avr51\libm.a(fp_split3.o)
                0x00003c44                __fp_split3
                0x00003c54                __fp_splitA
 .text.avr-libc.fplib
                0x00003c88        0xe c:/programs/atmel/studio/7.0/toolchain/avr8/avr8-gnu-toolchain/bin/../lib/gcc/avr/4.9.2/../../../../avr/lib/avr51\libm.a(fp_zero.o)
                0x00003c88                __fp_zero
                0x00003c8a                __fp_szero
 .text.avr-libc.fplib
                0x00003c96        0x8 c:/programs/atmel/studio/7.0/toolchain/avr8/avr8-gnu-toolchain/bin/../lib/gcc/avr/4.9.2/../../../../avr/lib/avr51\libm.a(gesf2.o)
                0x00003c96                __gesf2
                0x00003c96                __gtsf2
 .text.avr-libc.fplib
                0x00003c9e        0x4 c:/programs/atmel/studio/7.0/toolchain/avr8/avr8-gnu-toolchain/bin/../lib/gcc/avr/4.9.2/../../../../avr/lib/avr51\libm.a(mulsf3.o)
                0x00003c9e                __mulsf3
 .text.avr-libc.fplib
                0x00003ca2       0xc2 c:/programs/atmel/studio/7.0/toolchain/avr8/avr8-gnu-toolchain/bin/../lib/gcc/avr/4.9.2/../../../../avr/lib/avr51\libm.a(mulsf3x.o)
                0x00003cb6                __mulsf3x
                0x00003cba                __mulsf3_pse
 .text.libgcc.div
                0x00003d64       0x26 c:/programs/atmel/studio/7.0/toolchain/avr8/avr8-gnu-toolchain/bin/../lib/gcc/avr/4.9.2/avr51\libgcc.a(_divmodhi4.o)
                0x00003d64                _div
                0x00003d64                __divmodhi4
 .text.libgcc.div
                0x00003d8a       0x44 c:/programs/atmel/studio/7.0/toolchain/avr8/avr8-gnu-toolchain/bin/../lib/gcc/avr/4.9.2/avr51\libgcc.a(_udivmodsi4.o)
                0x00003d8a                __udivmodsi4
 .text.libgcc.mul
                0x00003dce       0x1e c:/programs/atmel/studio/7.0/toolchain/avr8/avr8-gnu-toolchain/bin/../lib/gcc/avr/4.9.2/avr51\libgcc.a(_umulhisi3.o)
                0x00003dce                __umulhisi3
 .text.libgcc.mul
                0x00003dec       0x14 c:/programs/atmel/studio/7.0/toolchain/avr8/avr8-gnu-toolchain/bin/../lib/gcc/avr/4.9.2/avr51\libgcc.a(_muluhisi3.o)
                0x00003dec                __muluhisi3
 .text.libgcc.div
                0x00003e00       0x28 c:/programs/atmel/studio/7.0/toolchain/avr8/avr8-gnu-toolchain/bin/../lib/gcc/avr/4.9.2/avr51\libgcc.a(_udivmodhi4.o)
                0x00003e00                __udivmodhi4
 .text.libgcc   0x00003e28       0x12 c:/programs/atmel/studio/7.0/toolchain/avr8/avr8-gnu-toolchain/bin/../lib/gcc/avr/4.9.2/avr51\libgcc.a(_tablejump2.o)
                0x00003e28                __tablejump2__
 .text.avr-libc
                0x00003e3a       0x12 c:/programs/atmel/studio/7.0/toolchain/avr8/avr8-gnu-toolchain/bin/../lib/gcc/avr/4.9.2/../../../../avr/lib/avr51\libc.a(memcpy.o)
                0x00003e3a                memcpy
 .text.avr-libc
                0x00003e4c       0x12 c:/programs/atmel/studio/7.0/toolchain/avr8/avr8-gnu-toolchain/bin/../lib/gcc/avr/4.9.2/../../../../avr/lib/avr51\libc.a(strlen.o)
                0x00003e4c                strlen
 .text.avr-libc
                0x00003e5e       0x34 c:/programs/atmel/studio/7.0/toolchain/avr8/avr8-gnu-toolchain/bin/../lib/gcc/avr/4.9.2/../../../../avr/lib/avr51\libc.a(strstr.o)
                0x00003e5e                strstr
                0x00003e92                . = ALIGN (0x2)
 *(.fini9)
 .fini9         0x00003e92        0x0 c:/programs/atmel/studio/7.0/toolchain/avr8/avr8-gnu-toolchain/bin/../lib/gcc/avr/4.9.2/avr51\libgcc.a(_exit.o)
                0x00003e92                _exit
                0x00003e92                exit
 *(.fini9)
 *(.fini8)
 *(.fini8)
 *(.fini7)
 *(.fini7)
 *(.fini6)
 *(.fini6)
 *(.fini5)
 *(.fini5)
 *(.fini4)
 *(.fini4)
 *(.fini3)
 *(.fini3)
 *(.fini2)
 *(.fini2)
 *(.fini1)
 *(.fini1)
 *(.fini0)
 .fini0         0x00003e92        0x4 c:/programs/atmel/studio/7.0/toolchain/avr8/avr8-gnu-toolchain/bin/../lib/gcc/avr/4.9.2/avr51\libgcc.a(_exit.o)
 *(.fini0)
                0x00003e96                _etext = .

.data           0x00800100       0xc0 load address 0x00003e96
                0x00800100                PROVIDE (__data_start, .)
 *(.data)
 *(.data*)
 .data.rtmCurrent
                0x00800100        0x7 SOURCES/headsup.o
                0x00800100                rtmCurrent
 *(.rodata)
 .rodata        0x00800107       0x5f SOURCES/headsup.o
 .rodata        0x00800166       0x20 SOURCES/lcd.o
 .rodata        0x00800186        0x7 SOURCES/rtc.o
 *(.rodata*)
 .rodata._ZL9chrMonths
                0x0080018d       0x24 SOURCES/rtc.o
 .rodata._ZL7chrDays
                0x008001b1        0xe SOURCES/rtc.o
 *(.gnu.linkonce.d*)
                0x008001c0                . = ALIGN (0x2)
 *fill*         0x008001bf        0x1 
                0x008001c0                _edata = .
                0x008001c0                PROVIDE (__data_end, .)

.bss            0x008001c0        0x6
                0x008001c0                PROVIDE (__bss_start, .)
 *(.bss)
 *(.bss*)
 .bss._ZZ10__vector_5E10valPressed
                0x008001c0        0x1 SOURCES/but.o
 .bss.rtcDS     0x008001c1        0x1 SOURCES/headsup.o
                0x008001c1                rtcDS
 .bss.lcdNHD    0x008001c2        0x1 SOURCES/headsup.o
                0x008001c2                lcdNHD
 .bss.batLiPo   0x008001c3        0x1 SOURCES/headsup.o
                0x008001c3                batLiPo
 .bss.ledAlarm  0x008001c4        0x1 SOURCES/headsup.o
                0x008001c4                ledAlarm
 .bss.valLastPress
                0x008001c5        0x1 SOURCES/headsup.o
                0x008001c5                valLastPress
 *(COMMON)
                0x008001c6                PROVIDE (__bss_end, .)
                0x00003e96                __data_load_start = LOADADDR (.data)
                0x00003f56                __data_load_end = (__data_load_start + SIZEOF (.data))

.noinit         0x008001c6        0x0
                0x008001c6                PROVIDE (__noinit_start, .)
 *(.noinit*)
                0x008001c6                PROVIDE (__noinit_end, .)
                0x008001c6                _end = .
                0x008001c6                PROVIDE (__heap_start, .)

.eeprom         0x00810000        0x0
 *(.eeprom*)
                0x00810000                __eeprom_end = .

.fuse
 *(.fuse)
 *(.lfuse)
 *(.hfuse)
 *(.efuse)

.lock
 *(.lock*)

.signature
 *(.signature*)

.user_signatures
 *(.user_signatures*)

.stab
 *(.stab)

.stabstr
 *(.stabstr)

.stab.excl
 *(.stab.excl)

.stab.exclstr
 *(.stab.exclstr)

.stab.index
 *(.stab.index)

.stab.indexstr
 *(.stab.indexstr)

.comment        0x00000000       0x30
 *(.comment)
 .comment       0x00000000       0x30 SOURCES/bat.o
                                 0x31 (size before relaxing)
 .comment       0x00000030       0x31 SOURCES/but.o
 .comment       0x00000030       0x31 SOURCES/headsup.o
 .comment       0x00000030       0x31 SOURCES/lcd.o
 .comment       0x00000030       0x31 SOURCES/led.o
 .comment       0x00000030       0x31 SOURCES/rtc.o

.note.gnu.avr.deviceinfo
                0x00000000       0x40
 .note.gnu.avr.deviceinfo
                0x00000000       0x40 C:/PROGRAMS/Atmel/Studio/7.0/Packs/atmel/ATmega_DFP/1.0.90/gcc/dev/atmega1284p/avr51/crtatmega1284p.o

.note.gnu.build-id
 *(.note.gnu.build-id)

.debug
 *(.debug)

.line
 *(.line)

.debug_srcinfo
 *(.debug_srcinfo)

.debug_sfnames
 *(.debug_sfnames)

.debug_aranges  0x00000000      0x238
 *(.debug_aranges)
 .debug_aranges
                0x00000000       0x38 SOURCES/bat.o
 .debug_aranges
                0x00000038       0x20 SOURCES/but.o
 .debug_aranges
                0x00000058       0x80 SOURCES/headsup.o
 .debug_aranges
                0x000000d8       0x90 SOURCES/lcd.o
 .debug_aranges
                0x00000168       0x38 SOURCES/led.o
 .debug_aranges
                0x000001a0       0x98 SOURCES/rtc.o

.debug_pubnames
 *(.debug_pubnames)

.debug_info     0x00000000     0x2a81
 *(.debug_info .gnu.linkonce.wi.*)
 .debug_info    0x00000000      0x233 SOURCES/bat.o
 .debug_info    0x00000233      0x1f0 SOURCES/but.o
 .debug_info    0x00000423     0x103c SOURCES/headsup.o
 .debug_info    0x0000145f      0x989 SOURCES/lcd.o
 .debug_info    0x00001de8      0x1df SOURCES/led.o
 .debug_info    0x00001fc7      0xaba SOURCES/rtc.o

.debug_abbrev   0x00000000      0xaad
 *(.debug_abbrev)
 .debug_abbrev  0x00000000      0x14c SOURCES/bat.o
 .debug_abbrev  0x0000014c       0xe4 SOURCES/but.o
 .debug_abbrev  0x00000230      0x2d6 SOURCES/headsup.o
 .debug_abbrev  0x00000506      0x1e1 SOURCES/lcd.o
 .debug_abbrev  0x000006e7      0x160 SOURCES/led.o
 .debug_abbrev  0x00000847      0x266 SOURCES/rtc.o

.debug_line     0x00000000     0x2925
 *(.debug_line .debug_line.* .debug_line_end)
 .debug_line    0x00000000      0x341 SOURCES/bat.o
 .debug_line    0x00000341      0x38a SOURCES/but.o
 .debug_line    0x000006cb      0xdc1 SOURCES/headsup.o
 .debug_line    0x0000148c      0x87d SOURCES/lcd.o
 .debug_line    0x00001d09      0x2a7 SOURCES/led.o
 .debug_line    0x00001fb0      0x975 SOURCES/rtc.o

.debug_frame    0x00000000      0x910
 *(.debug_frame)
 .debug_frame   0x00000000       0xa8 SOURCES/bat.o
 .debug_frame   0x000000a8       0x7c SOURCES/but.o
 .debug_frame   0x00000124      0x2c8 SOURCES/headsup.o
 .debug_frame   0x000003ec      0x1f4 SOURCES/lcd.o
 .debug_frame   0x000005e0       0xa0 SOURCES/led.o
 .debug_frame   0x00000680      0x290 SOURCES/rtc.o

.debug_str      0x00000000     0xb6d3
 *(.debug_str)
 .debug_str     0x00000000     0x9ff3 SOURCES/bat.o
                               0xa0d0 (size before relaxing)
 .debug_str     0x00009ff3      0x5c7 SOURCES/but.o
                               0x7e9c (size before relaxing)
 .debug_str     0x0000a5ba      0xeb2 SOURCES/headsup.o
                               0xb4df (size before relaxing)
 .debug_str     0x0000b46c       0x6a SOURCES/lcd.o
                               0x7be2 (size before relaxing)
 .debug_str     0x0000b4d6       0x28 SOURCES/led.o
                               0x7490 (size before relaxing)
 .debug_str     0x0000b4fe      0x1d5 SOURCES/rtc.o
                               0x8611 (size before relaxing)

.debug_loc      0x00000000     0x13b4
 *(.debug_loc)
 .debug_loc     0x00000000      0x153 SOURCES/bat.o
 .debug_loc     0x00000153       0xfd SOURCES/but.o
 .debug_loc     0x00000250      0x647 SOURCES/headsup.o
 .debug_loc     0x00000897      0x432 SOURCES/lcd.o
 .debug_loc     0x00000cc9      0x13a SOURCES/led.o
 .debug_loc     0x00000e03      0x5b1 SOURCES/rtc.o

.debug_macinfo
 *(.debug_macinfo)

.debug_weaknames
 *(.debug_weaknames)

.debug_funcnames
 *(.debug_funcnames)

.debug_typenames
 *(.debug_typenames)

.debug_varnames
 *(.debug_varnames)

.debug_pubtypes
 *(.debug_pubtypes)

.debug_ranges   0x00000000      0x1d8
 *(.debug_ranges)
 .debug_ranges  0x00000000       0x28 SOURCES/bat.o
 .debug_ranges  0x00000028       0x10 SOURCES/but.o
 .debug_ranges  0x00000038       0x70 SOURCES/headsup.o
 .debug_ranges  0x000000a8       0x80 SOURCES/lcd.o
 .debug_ranges  0x00000128       0x28 SOURCES/led.o
 .debug_ranges  0x00000150       0x88 SOURCES/rtc.o

.debug_macro    0x00000000     0x3f11
 *(.debug_macro)
 .debug_macro   0x00000000       0xd5 SOURCES/bat.o
 .debug_macro   0x000000d5      0xaae SOURCES/bat.o
 .debug_macro   0x00000b83       0x10 SOURCES/bat.o
 .debug_macro   0x00000b93       0x1c SOURCES/bat.o
 .debug_macro   0x00000baf      0x1ad SOURCES/bat.o
 .debug_macro   0x00000d5c      0x293 SOURCES/bat.o
 .debug_macro   0x00000fef       0x9e SOURCES/bat.o
 .debug_macro   0x0000108d     0x1a9a SOURCES/bat.o
 .debug_macro   0x00002b27      0x171 SOURCES/bat.o
 .debug_macro   0x00002c98       0xcb SOURCES/bat.o
 .debug_macro   0x00002d63       0x34 SOURCES/bat.o
 .debug_macro   0x00002d97       0x18 SOURCES/bat.o
 .debug_macro   0x00002daf       0x6c SOURCES/bat.o
 .debug_macro   0x00002e1b       0x10 SOURCES/bat.o
 .debug_macro   0x00002e2b       0x89 SOURCES/bat.o
 .debug_macro   0x00002eb4      0x181 SOURCES/bat.o
 .debug_macro   0x00003035       0x10 SOURCES/bat.o
 .debug_macro   0x00003045      0x160 SOURCES/bat.o
 .debug_macro   0x000031a5       0xdd SOURCES/but.o
 .debug_macro   0x00003282      0x166 SOURCES/but.o
 .debug_macro   0x000033e8       0x69 SOURCES/but.o
 .debug_macro   0x00003451       0x16 SOURCES/but.o
 .debug_macro   0x00003467       0x97 SOURCES/but.o
 .debug_macro   0x000034fe       0x10 SOURCES/but.o
 .debug_macro   0x0000350e       0x10 SOURCES/but.o
 .debug_macro   0x0000351e      0x128 SOURCES/headsup.o
 .debug_macro   0x00003646      0x154 SOURCES/headsup.o
 .debug_macro   0x0000379a       0x82 SOURCES/headsup.o
 .debug_macro   0x0000381c       0x12 SOURCES/headsup.o
 .debug_macro   0x0000382e      0x175 SOURCES/headsup.o
 .debug_macro   0x000039a3       0x22 SOURCES/headsup.o
 .debug_macro   0x000039c5       0x16 SOURCES/headsup.o
 .debug_macro   0x000039db       0x76 SOURCES/headsup.o
 .debug_macro   0x00003a51       0xbd SOURCES/lcd.o
 .debug_macro   0x00003b0e       0x7c SOURCES/lcd.o
 .debug_macro   0x00003b8a       0x9b SOURCES/led.o
 .debug_macro   0x00003c25       0x1c SOURCES/led.o
 .debug_macro   0x00003c41       0xd8 SOURCES/rtc.o
 .debug_macro   0x00003d19       0xaa SOURCES/rtc.o
 .debug_macro   0x00003dc3      0x14e SOURCES/rtc.o
OUTPUT(HeadsUp!.elf elf32-avr)
LOAD linker stubs
